[310.0ms][TestHarness] Initializing WebGPU...
[326.4ms][Platform] No specific platform matched for adapter (vendor=AMD, arch=vulkan), falling back to generic
[GPU] AMD vulkan, f16/subgroups, 4.0GB, submit probe: 2.5ms
[352.4ms][TestHarness] GPU: hasF16=true, hasSubgroups=true
[352.5ms][TestHarness] Fetching manifest...
[357.4ms][TestHarness] Model: transformer
[358.2ms][TestHarness] Creating pipeline...
[Doppler] Log level set to: ERROR
{
  "ok": true,
  "receipt": "bench/out/compute-program/20260907-model-attention-repro/multi-dot-loops-model/doppler_int4ple_reference_export.json",
  "tensor": "bench/out/compute-program/20260907-model-attention-repro/multi-dot-loops-model/final_logits.f32",
  "tensorSha256": "4f961414d7ef3eca43fdb9707f4e1f7210d98328567134f6bdcfa003144bac66",
  "tokenCount": 12,
  "logitsShape": [
    262144
  ],
  "decodeStepsRequested": 4,
  "decodeStepsProduced": 4
}
[Doppler] Log level set to: INFO
[2650.2ms][Pipeline] Unloaded
