[251.6ms][TestHarness] Initializing WebGPU...
[278.9ms][Platform] No specific platform matched for adapter (vendor=AMD, arch=vulkan), falling back to generic
[GPU] AMD vulkan, f16/subgroups, 4.0GB, submit probe: 2.1ms
[305.4ms][TestHarness] GPU: hasF16=true, hasSubgroups=true
[305.4ms][TestHarness] Fetching manifest...
[308.8ms][TestHarness] Model: transformer
[309.4ms][TestHarness] Creating pipeline...
[Doppler] Log level set to: ERROR
{
  "ok": true,
  "receipt": "bench/out/compute-program/20260907-linux-completion/gemma270m-D0-isolated/doppler_int4ple_reference_export.json",
  "tensor": "bench/out/compute-program/20260907-linux-completion/gemma270m-D0-isolated/final_logits.f32",
  "tensorSha256": "4f961414d7ef3eca43fdb9707f4e1f7210d98328567134f6bdcfa003144bac66",
  "tokenCount": 12,
  "logitsShape": [
    262144
  ],
  "decodeStepsRequested": 4,
  "decodeStepsProduced": 4
}
[Doppler] Log level set to: INFO
[2311.3ms][Pipeline] Unloaded
