{
  "artifactKind": "vulkan-host-profile-probe",
  "host": {
    "arch": "x64",
    "os": "linux"
  },
  "icdPath": "/usr/share/vulkan/icd.d/radeon_icd.json",
  "matchingDevices": [
    {
      "apiVersion": "1.4.335",
      "conformanceVersion": "1.4.0.0",
      "deviceID": "0x1586",
      "deviceName": "Radeon 8060S Graphics (RADV STRIX_HALO)",
      "deviceType": "PHYSICAL_DEVICE_TYPE_INTEGRATED_GPU",
      "deviceUUID": "00000000-c200-0000-0000-000000000000",
      "driverID": "DRIVER_ID_MESA_RADV",
      "driverInfo": "Mesa 26.0.3-1ubuntu1",
      "driverName": "radv",
      "driverUUID": "414d442d-4d45-5341-2d44-525600000000",
      "driverVersion": "26.0.3",
      "ordinal": "0",
      "vendorID": "0x1002"
    }
  ],
  "ok": true,
  "probeMessage": "ok",
  "profileId": "linux_amd_vulkan",
  "renderNode": {
    "path": "/dev/dri/renderD128",
    "readableWritable": true
  },
  "schemaVersion": 1,
  "vendorId": "0x1002"
}
