{"provider":{"module":"doe-gpu","loaded":true,"loadError":"","defaultCreateArgs":[],"doeNative":true,"libraryFlavor":"doe-dropin","doeLibraryPath":"/home/x/deco/doe/runtime/zig/zig-out/lib/libwebgpu_doe.so","buildMetadataSource":"workspace","buildMetadataPath":"/home/x/deco/doe/runtime/zig/zig-out/share/doe-build-metadata.json","leanVerifiedBuild":false,"proofArtifactSha256":null,"nativeFastPaths":{"appleFastPathCompiled":false,"queueFlush":true,"queueFlushBreakdown":true,"queueWriteBufferBatch":true,"queueWriteBufferBatchDataPtrs":true,"computeDispatchFlush":true,"computeDispatchFlushBreakdown":true,"computeDispatchBatchFlush":true,"computeDispatchBatchCopyFlush":true,"computeDispatchBatchCopyFlushBreakdown":true,"computePrewarmDispatchBindings":true,"bufferMapReadCopyUnmap":true}},"adapter":{"vendor":"AMD","architecture":"vulkan","device":"Radeon 8060S Graphics (RADV STRIX_HALO)","description":"Radeon 8060S Graphics (RADV STRIX_HALO)","isFallbackAdapter":false,"subgroupMinSize":32,"subgroupMaxSize":32,"vendorID":4098,"deviceID":5510,"driverVersion":109051907}}
FAIL: unsigned byte unpack preserves order, zero extension, and single evaluation / batched: GPUPipelineError: WGSL source is unavailable for reflection: UnsupportedWgsl
    at new DOMException (node:internal/per_context/domexception:76:18)
    at new GPUPipelineError (file:///home/x/deco/doe/packages/doe-gpu/src/vendor/webgpu/shared/full-surface.js:417:5)
    at wrapPipelineError (file:///home/x/deco/doe/packages/doe-gpu/src/vendor/webgpu/shared/full-surface.js:437:12)
    at DoeGPUDevice.createComputePipeline (file:///home/x/deco/doe/packages/doe-gpu/src/vendor/webgpu/shared/full-surface.js:1450:15)
    at runCase (file:///home/x/deco/doe/packages/doe-gpu/test/integration/test-integration-shader-semantics.js:101:29)
    at Object.run (file:///home/x/deco/doe/packages/doe-gpu/test/integration/test-integration-shader-semantics.js:252:56)
    at file:///home/x/deco/doe/packages/doe-gpu/test/integration/test-integration-shader-semantics.js:259:22
FAIL: unsigned byte unpack preserves order, zero extension, and single evaluation / native: GPUPipelineError: WGSL source is unavailable for reflection: UnsupportedWgsl
    at new DOMException (node:internal/per_context/domexception:76:18)
    at new GPUPipelineError (file:///home/x/deco/doe/packages/doe-gpu/src/vendor/webgpu/shared/full-surface.js:417:5)
    at wrapPipelineError (file:///home/x/deco/doe/packages/doe-gpu/src/vendor/webgpu/shared/full-surface.js:437:12)
    at DoeGPUDevice.createComputePipeline (file:///home/x/deco/doe/packages/doe-gpu/src/vendor/webgpu/shared/full-surface.js:1450:15)
    at runCase (file:///home/x/deco/doe/packages/doe-gpu/test/integration/test-integration-shader-semantics.js:101:29)
    at Object.run (file:///home/x/deco/doe/packages/doe-gpu/test/integration/test-integration-shader-semantics.js:252:56)
    at file:///home/x/deco/doe/packages/doe-gpu/test/integration/test-integration-shader-semantics.js:259:22
FAIL: unsigned byte unpack preserves order, zero extension, and single evaluation / dispatch-copy: GPUPipelineError: WGSL source is unavailable for reflection: UnsupportedWgsl
    at new DOMException (node:internal/per_context/domexception:76:18)
    at new GPUPipelineError (file:///home/x/deco/doe/packages/doe-gpu/src/vendor/webgpu/shared/full-surface.js:417:5)
    at wrapPipelineError (file:///home/x/deco/doe/packages/doe-gpu/src/vendor/webgpu/shared/full-surface.js:437:12)
    at DoeGPUDevice.createComputePipeline (file:///home/x/deco/doe/packages/doe-gpu/src/vendor/webgpu/shared/full-surface.js:1450:15)
    at runCase (file:///home/x/deco/doe/packages/doe-gpu/test/integration/test-integration-shader-semantics.js:101:29)
    at Object.run (file:///home/x/deco/doe/packages/doe-gpu/test/integration/test-integration-shader-semantics.js:252:56)
    at file:///home/x/deco/doe/packages/doe-gpu/test/integration/test-integration-shader-semantics.js:259:22
FAIL: unsigned byte unpack preserves order, zero extension, and single evaluation / multi-buffer: GPUPipelineError: WGSL source is unavailable for reflection: UnsupportedWgsl
    at new DOMException (node:internal/per_context/domexception:76:18)
    at new GPUPipelineError (file:///home/x/deco/doe/packages/doe-gpu/src/vendor/webgpu/shared/full-surface.js:417:5)
    at wrapPipelineError (file:///home/x/deco/doe/packages/doe-gpu/src/vendor/webgpu/shared/full-surface.js:437:12)
    at DoeGPUDevice.createComputePipeline (file:///home/x/deco/doe/packages/doe-gpu/src/vendor/webgpu/shared/full-surface.js:1450:15)
    at runCase (file:///home/x/deco/doe/packages/doe-gpu/test/integration/test-integration-shader-semantics.js:101:29)
    at Object.run (file:///home/x/deco/doe/packages/doe-gpu/test/integration/test-integration-shader-semantics.js:252:56)
    at file:///home/x/deco/doe/packages/doe-gpu/test/integration/test-integration-shader-semantics.js:259:22
{"label":"clear followed by write","path":"batched","sourceSha256":"aab25ec82745804847dc7435700dca8d3db26614e9662b9d388d09e02e539b72","entryPoint":"main","dispatch":1,"actual":[7,0,0,0],"expected":[7,0,0,0]}
ok: clear followed by write / batched
{"label":"clear followed by write","path":"native","sourceSha256":"aab25ec82745804847dc7435700dca8d3db26614e9662b9d388d09e02e539b72","entryPoint":"main","dispatch":1,"actual":[7,0,0,0],"expected":[7,0,0,0]}
ok: clear followed by write / native
{"label":"clear followed by write","path":"dispatch-copy","sourceSha256":"aab25ec82745804847dc7435700dca8d3db26614e9662b9d388d09e02e539b72","entryPoint":"main","dispatch":1,"actual":[7,0,0,0],"expected":[7,0,0,0]}
ok: clear followed by write / dispatch-copy
{"label":"clear followed by write","path":"multi-buffer","sourceSha256":"aab25ec82745804847dc7435700dca8d3db26614e9662b9d388d09e02e539b72","entryPoint":"main","dispatch":1,"actual":[7,0,0,0],"expected":[7,0,0,0]}
ok: clear followed by write / multi-buffer
{"label":"additional writes","path":"batched","sourceSha256":"40c45e3ad7ab297b7d0a0fd91570423c8f927ecedf0b1cb88110dde1b54dc332","entryPoint":"main","dispatch":1,"actual":[7,0,0,19],"expected":[7,0,0,19]}
ok: additional writes / batched
{"label":"additional writes","path":"native","sourceSha256":"40c45e3ad7ab297b7d0a0fd91570423c8f927ecedf0b1cb88110dde1b54dc332","entryPoint":"main","dispatch":1,"actual":[7,0,0,19],"expected":[7,0,0,19]}
ok: additional writes / native
{"label":"additional writes","path":"dispatch-copy","sourceSha256":"40c45e3ad7ab297b7d0a0fd91570423c8f927ecedf0b1cb88110dde1b54dc332","entryPoint":"main","dispatch":1,"actual":[7,0,0,19],"expected":[7,0,0,19]}
ok: additional writes / dispatch-copy
{"label":"additional writes","path":"multi-buffer","sourceSha256":"40c45e3ad7ab297b7d0a0fd91570423c8f927ecedf0b1cb88110dde1b54dc332","entryPoint":"main","dispatch":1,"actual":[7,0,0,19],"expected":[7,0,0,19]}
ok: additional writes / multi-buffer
{"label":"selected alternate entry point","path":"batched","sourceSha256":"be932588a1c3e584d59de72f4642f5b46197bc56e469f8629384b41b7cf0d069","entryPoint":"other","dispatch":1,"actual":[31,5,5,5],"expected":[31,5,5,5]}
ok: selected alternate entry point / batched
{"label":"selected alternate entry point","path":"native","sourceSha256":"be932588a1c3e584d59de72f4642f5b46197bc56e469f8629384b41b7cf0d069","entryPoint":"other","dispatch":1,"actual":[31,5,5,5],"expected":[31,5,5,5]}
ok: selected alternate entry point / native
{"label":"selected alternate entry point","path":"dispatch-copy","sourceSha256":"be932588a1c3e584d59de72f4642f5b46197bc56e469f8629384b41b7cf0d069","entryPoint":"other","dispatch":1,"actual":[31,5,5,5],"expected":[31,5,5,5]}
ok: selected alternate entry point / dispatch-copy
{"label":"selected alternate entry point","path":"multi-buffer","sourceSha256":"be932588a1c3e584d59de72f4642f5b46197bc56e469f8629384b41b7cf0d069","entryPoint":"other","dispatch":1,"actual":[31,5,5,5],"expected":[31,5,5,5]}
ok: selected alternate entry point / multi-buffer
error: doe_compute_fast_vulkan: record prepared dispatch failed: InvalidArgument
{"label":"zero dispatch","path":"batched","sourceSha256":"aab25ec82745804847dc7435700dca8d3db26614e9662b9d388d09e02e539b72","entryPoint":"main","dispatch":0,"actual":[5,5,5,5],"expected":[5,5,5,5]}
ok: zero dispatch / batched
error: doe_compute_fast_vulkan: record prepared dispatch failed: InvalidArgument
{"label":"zero dispatch","path":"native","sourceSha256":"aab25ec82745804847dc7435700dca8d3db26614e9662b9d388d09e02e539b72","entryPoint":"main","dispatch":0,"actual":[5,5,5,5],"expected":[5,5,5,5]}
ok: zero dispatch / native
error: doe_compute_fast_vulkan: record prepared dispatch failed: InvalidArgument
{"label":"zero dispatch","path":"dispatch-copy","sourceSha256":"aab25ec82745804847dc7435700dca8d3db26614e9662b9d388d09e02e539b72","entryPoint":"main","dispatch":0,"actual":[5,5,5,5],"expected":[5,5,5,5]}
ok: zero dispatch / dispatch-copy
error: doe_compute_fast_vulkan: record prepared dispatch failed: InvalidArgument
{"label":"zero dispatch","path":"multi-buffer","sourceSha256":"aab25ec82745804847dc7435700dca8d3db26614e9662b9d388d09e02e539b72","entryPoint":"main","dispatch":0,"actual":[5,5,5,5],"expected":[5,5,5,5]}
ok: zero dispatch / multi-buffer
{"label":"comment match is not executable","path":"batched","sourceSha256":"18c1e20029627b726898a22e0497c286fed62212410d7d210427a51fdd7eb73c","entryPoint":"main","dispatch":1,"actual":[23,5,5,5],"expected":[23,5,5,5]}
ok: comment match is not executable / batched
{"label":"comment match is not executable","path":"native","sourceSha256":"18c1e20029627b726898a22e0497c286fed62212410d7d210427a51fdd7eb73c","entryPoint":"main","dispatch":1,"actual":[23,5,5,5],"expected":[23,5,5,5]}
ok: comment match is not executable / native
{"label":"comment match is not executable","path":"dispatch-copy","sourceSha256":"18c1e20029627b726898a22e0497c286fed62212410d7d210427a51fdd7eb73c","entryPoint":"main","dispatch":1,"actual":[23,5,5,5],"expected":[23,5,5,5]}
ok: comment match is not executable / dispatch-copy
{"label":"comment match is not executable","path":"multi-buffer","sourceSha256":"18c1e20029627b726898a22e0497c286fed62212410d7d210427a51fdd7eb73c","entryPoint":"main","dispatch":1,"actual":[23,5,5,5],"expected":[23,5,5,5]}
ok: comment match is not executable / multi-buffer
{"label":"generated fill preserves extra operation","path":"batched","sourceSha256":"ceca3c820804fde745d14ad296ae25260e3fe67e0a229e1fe03f8c06c84a0fe2","entryPoint":"main","dispatch":4,"actual":[13,13,13,13],"expected":[13,13,13,13]}
ok: generated fill preserves extra operation / batched
{"label":"generated fill preserves extra operation","path":"native","sourceSha256":"ceca3c820804fde745d14ad296ae25260e3fe67e0a229e1fe03f8c06c84a0fe2","entryPoint":"main","dispatch":4,"actual":[13,13,13,13],"expected":[13,13,13,13]}
ok: generated fill preserves extra operation / native
{"label":"generated fill preserves extra operation","path":"dispatch-copy","sourceSha256":"ceca3c820804fde745d14ad296ae25260e3fe67e0a229e1fe03f8c06c84a0fe2","entryPoint":"main","dispatch":4,"actual":[13,13,13,13],"expected":[13,13,13,13]}
ok: generated fill preserves extra operation / dispatch-copy
{"label":"generated fill preserves extra operation","path":"multi-buffer","sourceSha256":"ceca3c820804fde745d14ad296ae25260e3fe67e0a229e1fe03f8c06c84a0fe2","entryPoint":"main","dispatch":4,"actual":[13,13,13,13],"expected":[13,13,13,13]}
ok: generated fill preserves extra operation / multi-buffer
{"label":"texture dimensions preserve arithmetic and partial dispatch","path":"batched","sourceSha256":"b4c035941adfbd2c41b833ff4de01d01ad4c713ecbb012a8056c01d960447f62","entryPoint":"main","dispatch":1,"actual":[3,2,8,10,5,5,5,5],"expected":[9,5,8,10,5,5,5,5]}
FAIL: texture dimensions preserve arithmetic and partial dispatch / batched: AssertionError [ERR_ASSERTION]: texture dimensions preserve arithmetic and partial dispatch
+ actual - expected

  [
+   3,
+   2,
-   9,
-   5,
    8,
    10,
    5,
    5,
    5,

    at runCase (file:///home/x/deco/doe/packages/doe-gpu/test/integration/test-integration-shader-semantics.js:146:12)
    at async file:///home/x/deco/doe/packages/doe-gpu/test/integration/test-integration-shader-semantics.js:259:7
{"label":"texture dimensions preserve arithmetic and partial dispatch","path":"native","sourceSha256":"b4c035941adfbd2c41b833ff4de01d01ad4c713ecbb012a8056c01d960447f62","entryPoint":"main","dispatch":1,"actual":[3,2,8,10,5,5,5,5],"expected":[9,5,8,10,5,5,5,5]}
FAIL: texture dimensions preserve arithmetic and partial dispatch / native: AssertionError [ERR_ASSERTION]: texture dimensions preserve arithmetic and partial dispatch
+ actual - expected

  [
+   3,
+   2,
-   9,
-   5,
    8,
    10,
    5,
    5,
    5,

    at runCase (file:///home/x/deco/doe/packages/doe-gpu/test/integration/test-integration-shader-semantics.js:146:12)
    at async file:///home/x/deco/doe/packages/doe-gpu/test/integration/test-integration-shader-semantics.js:259:7
{"label":"texture dimensions preserve arithmetic and partial dispatch","path":"dispatch-copy","sourceSha256":"b4c035941adfbd2c41b833ff4de01d01ad4c713ecbb012a8056c01d960447f62","entryPoint":"main","dispatch":1,"actual":[3,2,8,10,5,5,5,5],"expected":[9,5,8,10,5,5,5,5]}
FAIL: texture dimensions preserve arithmetic and partial dispatch / dispatch-copy: AssertionError [ERR_ASSERTION]: texture dimensions preserve arithmetic and partial dispatch
+ actual - expected

  [
+   3,
+   2,
-   9,
-   5,
    8,
    10,
    5,
    5,
    5,

    at runCase (file:///home/x/deco/doe/packages/doe-gpu/test/integration/test-integration-shader-semantics.js:146:12)
    at async file:///home/x/deco/doe/packages/doe-gpu/test/integration/test-integration-shader-semantics.js:259:7
{"label":"texture dimensions preserve arithmetic and partial dispatch","path":"multi-buffer","sourceSha256":"b4c035941adfbd2c41b833ff4de01d01ad4c713ecbb012a8056c01d960447f62","entryPoint":"main","dispatch":1,"actual":[3,2,8,10,5,5,5,5],"expected":[9,5,8,10,5,5,5,5]}
FAIL: texture dimensions preserve arithmetic and partial dispatch / multi-buffer: AssertionError [ERR_ASSERTION]: texture dimensions preserve arithmetic and partial dispatch
+ actual - expected

  [
+   3,
+   2,
-   9,
-   5,
    8,
    10,
    5,
    5,
    5,

    at runCase (file:///home/x/deco/doe/packages/doe-gpu/test/integration/test-integration-shader-semantics.js:146:12)
    at async file:///home/x/deco/doe/packages/doe-gpu/test/integration/test-integration-shader-semantics.js:259:7
ok: mapped writes use native contents
{"label":"texture dimensions in rendering","sourceSha256":"0b0315af375f5e0dbff9719981b5681ed7c8fc0a5cc2a953a7faa03f6a39ccdd","actual":[9,5,8,10]}
ok: texture dimensions in rendering
node:internal/modules/run_main:123
    triggerUncaughtException(
    ^

AssertionError [ERR_ASSERTION]: ordinary native shader semantics

8 !== 0

    at file:///home/x/deco/doe/packages/doe-gpu/test/integration/test-integration-shader-semantics.js:270:8 {
  generatedMessage: false,
  code: 'ERR_ASSERTION',
  actual: 8,
  expected: 0,
  operator: 'strictEqual',
  diff: 'simple'
}

Node.js v22.22.1
