Zig source architecture review signals:
src/backend/vulkan/native_runtime.zig: 1003 lines exceeds advisory review signal 800
src/backend/vulkan/vk_render.zig: 981 lines exceeds advisory review signal 800
src/backend/vulkan/vk_resources.zig: 1069 lines exceeds advisory review signal 800
src/backend/vulkan/vk_upload.zig: 843 lines exceeds advisory review signal 800
src/backend/vulkan/vulkan_surface.zig: 808 lines exceeds advisory review signal 800
src/compiler/tsir/digest.zig: 999 lines exceeds advisory review signal 800
src/compiler/tsir/emit_kernel_body.zig: 895 lines exceeds advisory review signal 800
src/compiler/tsir/frontend.zig: 885 lines exceeds advisory review signal 800
src/compiler/tsir/reference_extended_ops.zig: 841 lines exceeds advisory review signal 800
src/compiler/wgsl/emit/csl/emit_csl_exec_v1.zig: 989 lines exceeds advisory review signal 800
src/compiler/wgsl/emit/csl/emit_csl_host_compile_source.zig: 895 lines exceeds advisory review signal 800
src/compiler/wgsl/emit/csl/emit_csl_host_runtime.zig: 837 lines exceeds advisory review signal 800
src/compiler/wgsl/emit/csl/emit_csl_ir_walk.zig: 888 lines exceeds advisory review signal 800
src/compiler/wgsl/emit/csl/emit_csl_layout.zig: 911 lines exceeds advisory review signal 800
src/compiler/wgsl/emit/msl/emit_msl_ir.zig: 976 lines exceeds advisory review signal 800
src/compiler/wgsl/emit/spirv/emit_spirv_builtins.zig: 839 lines exceeds advisory review signal 800
src/compiler/wgsl/emit/spirv/emit_spirv_fn.zig: 1046 lines exceeds advisory review signal 800
src/compiler/wgsl/frontend/parser_expr.zig: 851 lines exceeds advisory review signal 800
src/compiler/wgsl/frontend/sema.zig: 806 lines exceeds advisory review signal 800
src/compiler/wgsl/ir/ir_transform_robustness.zig: 984 lines exceeds advisory review signal 800
src/compiler/wgsl/proof/dispatch_proof_match.zig: 890 lines exceeds advisory review signal 800
src/compiler/wgsl/proof/dispatch_uniform_bounds.zig: 878 lines exceeds advisory review signal 800
src/dropin/dropin_browser_shared_memory.zig: 806 lines exceeds advisory review signal 800
src/native/compute/doe_compute_fast.zig: 1062 lines exceeds advisory review signal 800
src/native/queue/doe_queue_submit_metal.zig: 837 lines exceeds advisory review signal 800
src/native/resource/doe_texture_sampler_native.zig: 829 lines exceeds advisory review signal 800
src/native/shader/doe_shader_native.zig: 956 lines exceeds advisory review signal 800
src/native/vulkan/vulkan_compute_native.zig: 835 lines exceeds advisory review signal 800
src/runtime/trace/trace.zig: 879 lines exceeds advisory review signal 800
src/spatial/csl/csl_host_plan_tool.zig: 828 lines exceeds advisory review signal 800
test-core
+- run test 1815/1818 passed, 1 failed, 2 skipped
[default] (warn): doe_compute_preconditions: storage dispatch precondition failed: requiredBytes=3072 boundBytes=2047 kind=flat_index_2d_dispatch_x group=0 binding=1
[default] (warn): doe_compute_preconditions: storage dispatch precondition failed: buffer missing group=0 binding=0
error: 'src.backend.common.shader_artifact_manifest.test.artifact collection retries failures and owns content identities across allocation failures' failed: [default] (warn): doe: createShaderModule failed: unsupported sType 0xffffffff
[default] (warn): doe: createComputePipeline failed: shader module is null or invalid. Ensure createShaderModule succeeded (check stderr for WGSL translation errors).
[default] (warn): doe: createShaderModule failed: MTLLibrary creation returned null
/home/x/.local/zig/zig-x86_64-linux-0.15.2/lib/std/mem/Allocator.zig:283:82: 0x1210dff in allocBytesWithAlignment__anon_14098 (std.zig)
    const byte_ptr = self.rawAlloc(byte_count, alignment, return_address) orelse return Error.OutOfMemory;
                                                                                 ^
/home/x/.local/zig/zig-x86_64-linux-0.15.2/lib/std/mem/Allocator.zig:269:5: 0x11ec2d4 in allocWithSizeAndAlignment__anon_10799 (std.zig)
    return self.allocBytesWithAlignment(alignment, byte_count, return_address);
    ^
/home/x/.local/zig/zig-x86_64-linux-0.15.2/lib/std/mem/Allocator.zig:245:5: 0x11fa78d in alignedAlloc__anon_12570 (std.zig)
    return self.allocAdvancedWithRetAddr(T, alignment, n, @returnAddress());
    ^
/home/x/.local/zig/zig-x86_64-linux-0.15.2/lib/std/array_list.zig:1231:36: 0x12a726a in ensureTotalCapacityPrecise (std.zig)
                const new_memory = try gpa.alignedAlloc(T, alignment, new_capacity);
                                   ^
/home/x/.local/zig/zig-x86_64-linux-0.15.2/lib/std/array_list.zig:1207:13: 0x12a11f5 in ensureTotalCapacity (std.zig)
            return self.ensureTotalCapacityPrecise(gpa, growCapacity(self.capacity, new_capacity));
            ^
/home/x/.local/zig/zig-x86_64-linux-0.15.2/lib/std/array_list.zig:1246:13: 0x1298741 in ensureUnusedCapacity (std.zig)
            return self.ensureTotalCapacity(gpa, try addOrOom(self.items.len, additional_count));
            ^
/home/x/.local/zig/zig-x86_64-linux-0.15.2/lib/std/Io/Writer.zig:2635:77: 0x1bdd201 in drain (std.zig)
            list.ensureUnusedCapacity(gpa, bytes.len + splat_len + 1) catch return error.WriteFailed;
                                                                            ^
/home/x/.local/zig/zig-x86_64-linux-0.15.2/lib/std/Io/Writer.zig:726:19: 0x11b2bfa in writeByte (std.zig)
        const n = try w.vtable.drain(w, &.{&.{byte}}, 1);
                  ^
/home/x/.local/zig/zig-x86_64-linux-0.15.2/lib/std/json/Stringify.zig:671:5: 0x14490f5 in encodeJsonString (std.zig)
    try writer.writeByte('\"');
    ^
/home/x/.local/zig/zig-x86_64-linux-0.15.2/lib/std/json/Stringify.zig:535:5: 0x140b35a in stringValue (std.zig)
    try encodeJsonString(s, self.options, self.writer);
    ^
/home/x/.local/zig/zig-x86_64-linux-0.15.2/lib/std/json/Stringify.zig:507:25: 0x140b4eb in write__anon_52729 (std.zig)
                        return self.stringValue(slice);
                        ^
/home/x/.local/zig/zig-x86_64-linux-0.15.2/lib/std/json/Stringify.zig:575:5: 0x1ba8846 in value__anon_139692 (std.zig)
    try s.write(v);
    ^
/home/x/deco/doe/runtime/zig/src/contracts/artifact.zig:141:5: 0x1ba23f9 in jsonStringifyAlloc__anon_139684 (test_suite_core.zig)
    try std.json.Stringify.value(value, .{}, &out.writer);
    ^
/home/x/deco/doe/runtime/zig/src/backend/common/shader_artifact_manifest.zig:311:24: 0x1ba27e6 in write_stage_json__anon_139672 (test_suite_core.zig)
    const stage_json = try hash_utils.jsonStringifyAlloc(allocator, stage.stage);
                       ^
/home/x/deco/doe/runtime/zig/src/backend/common/shader_artifact_manifest.zig:292:5: 0x1ba6b6c in build_stages_json (test_suite_core.zig)
    try write_stage_json(allocator, writer, .{
    ^
/home/x/deco/doe/runtime/zig/src/backend/common/shader_artifact_manifest.zig:127:25: 0x1bb85f1 in emit_shader_artifact_manifest_for_signature_with_artifacts (test_suite_core.zig)
    const stages_json = try build_stages_json(
                        ^
/home/x/deco/doe/runtime/zig/src/backend/common/shader_artifact_manifest.zig:57:5: 0x1bab975 in flushPending (test_suite_core.zig)
    try emit_shader_artifact_manifest_for_signature_with_artifacts(
    ^
/home/x/deco/doe/runtime/zig/src/backend/common/shader_artifact_manifest.zig:529:5: 0x1bacc53 in exerciseManifest (test_suite_core.zig)
    try flushPending(&state, TEST_SPEC);
    ^
/home/x/.local/zig/zig-x86_64-linux-0.15.2/lib/std/testing.zig:1170:21: 0x1bb1c8e in checkAllAllocationFailures__anon_140045 (std.zig)
            else => return err,
                    ^
/home/x/deco/doe/runtime/zig/src/backend/common/shader_artifact_manifest.zig:556:5: 0x1bb20aa in test.artifact collection retries failures and owns content identities across allocation failures (test_suite_core.zig)
    try std.testing.checkAllAllocationFailures(std.testing.allocator, exerciseManifest, .{});
    ^
error: while executing test 'src.tooling.tooling_io_context.test.tooling io context reports explicit mode names', the following test command failed:
./.zig-cache/o/3be72be798357c6443bd50a6a18b3eed/test --cache-dir=./.zig-cache --seed=0xeb3b1c09 --listen=-

Build Summary: 9/11 steps succeeded; 1 failed; 1815/1818 tests passed; 2 skipped; 1 failed
test-core transitive failure
+- zig fmt --check success
+- run python3 success 964ms MaxRSS:13M
+- run python3 success 434ms MaxRSS:27M
+- run python3 success 49ms MaxRSS:21M
+- run python3 success 49ms MaxRSS:20M
+- run python3 success 31ms MaxRSS:21M
+- run python3 success 80ms MaxRSS:11M
+- run test 1815/1818 passed, 1 failed, 2 skipped
   +- compile test Debug native success 1s MaxRSS:274M
      +- options cached

error: the following build command failed with exit code 1:
.zig-cache/o/e22820648f2f517437e60abc02b84c90/build /home/x/.local/zig/zig-x86_64-linux-0.15.2/zig /home/x/.local/zig/zig-x86_64-linux-0.15.2/lib /home/x/deco/doe/runtime/zig .zig-cache /home/x/.cache/zig --seed 0xeb3b1c09 -Zbbade4d53c0fd234 test-core --summary all
