Zig source architecture review signals:
src/backend/vulkan/native_runtime.zig: 1003 lines exceeds advisory review signal 800
src/backend/vulkan/vk_render.zig: 981 lines exceeds advisory review signal 800
src/backend/vulkan/vk_resources.zig: 1069 lines exceeds advisory review signal 800
src/backend/vulkan/vk_upload.zig: 843 lines exceeds advisory review signal 800
src/backend/vulkan/vulkan_surface.zig: 808 lines exceeds advisory review signal 800
src/compiler/tsir/digest.zig: 999 lines exceeds advisory review signal 800
src/compiler/tsir/emit_kernel_body.zig: 895 lines exceeds advisory review signal 800
src/compiler/tsir/frontend.zig: 885 lines exceeds advisory review signal 800
src/compiler/tsir/reference_extended_ops.zig: 841 lines exceeds advisory review signal 800
src/compiler/wgsl/emit/csl/emit_csl_exec_v1.zig: 989 lines exceeds advisory review signal 800
src/compiler/wgsl/emit/csl/emit_csl_host_compile_source.zig: 895 lines exceeds advisory review signal 800
src/compiler/wgsl/emit/csl/emit_csl_host_runtime.zig: 837 lines exceeds advisory review signal 800
src/compiler/wgsl/emit/csl/emit_csl_ir_walk.zig: 888 lines exceeds advisory review signal 800
src/compiler/wgsl/emit/csl/emit_csl_layout.zig: 911 lines exceeds advisory review signal 800
src/compiler/wgsl/emit/msl/emit_msl_ir.zig: 981 lines exceeds advisory review signal 800
src/compiler/wgsl/emit/spirv/emit_spirv_builtins.zig: 839 lines exceeds advisory review signal 800
src/compiler/wgsl/emit/spirv/emit_spirv_fn.zig: 1046 lines exceeds advisory review signal 800
src/compiler/wgsl/frontend/parser_expr.zig: 851 lines exceeds advisory review signal 800
src/compiler/wgsl/frontend/sema.zig: 806 lines exceeds advisory review signal 800
src/compiler/wgsl/ir/ir_transform_robustness.zig: 984 lines exceeds advisory review signal 800
src/compiler/wgsl/proof/dispatch_proof_match.zig: 890 lines exceeds advisory review signal 800
src/compiler/wgsl/proof/dispatch_uniform_bounds.zig: 878 lines exceeds advisory review signal 800
src/dropin/dropin_browser_shared_memory.zig: 806 lines exceeds advisory review signal 800
src/native/compute/doe_compute_fast.zig: 1062 lines exceeds advisory review signal 800
src/native/queue/doe_queue_submit_metal.zig: 837 lines exceeds advisory review signal 800
src/native/resource/doe_texture_sampler_native.zig: 829 lines exceeds advisory review signal 800
src/native/shader/doe_shader_native.zig: 956 lines exceeds advisory review signal 800
src/native/vulkan/vulkan_compute_native.zig: 835 lines exceeds advisory review signal 800
src/runtime/trace/trace.zig: 879 lines exceeds advisory review signal 800
src/spatial/csl/csl_host_plan_tool.zig: 828 lines exceeds advisory review signal 800
test
+- run test
   +- compile test Debug native 1 errors
src/backend/metal/metal_native_runtime.zig:494:54: error: incompatible types: '?*anyopaque' and '*u8'
    try std.testing.expect(runtime.streaming_cmd_buf == &second);
                           ~~~~~~~~~~~~~~~~~~~~~~~~~~^~~~~~~~~~
src/backend/metal/metal_native_runtime.zig:494:35: note: type '?*anyopaque' here
    try std.testing.expect(runtime.streaming_cmd_buf == &second);
                           ~~~~~~~^~~~~~~~~~~~~~~~~~
src/backend/metal/metal_native_runtime.zig:494:57: note: type '*u8' here
    try std.testing.expect(runtime.streaming_cmd_buf == &second);
                                                        ^~~~~~~
referenced by:
    test_src_backend_metal_metal_native_runtime_zig_2247fa05: test_suite.zig:108:74
    comptime: test_suite.zig:224:9
error: the following command failed with 1 compilation errors:
/home/x/.local/zig/zig-x86_64-linux-0.15.2/zig test /home/x/deco/doe/runtime/zig/src/backend/d3d12/d3d12_bridge_stubs.c -lvulkan /home/x/deco/doe/runtime/zig/src/backend/metal/metal_bridge_stubs.c -ODebug -I /home/x/deco/doe/runtime/zig/src/backend/d3d12 -I /home/x/deco/doe/runtime/zig/src/backend/metal -I /home/x/deco/doe/runtime/zig/vendor/webgpu-headers -I /home/x/deco/doe/runtime/zig/src/backend/d3d12 -I /home/x/deco/doe/runtime/zig/src/backend/metal --dep build_options -Mroot=/home/x/deco/doe/runtime/zig/test_suite.zig -Mbuild_options=.zig-cache/c/2d486ace4391543b77a5fa1d28f48097/options.zig -lc --test-filter "Metal " --cache-dir .zig-cache --global-cache-dir /home/x/.cache/zig --name test --zig-lib-dir /home/x/.local/zig/zig-x86_64-linux-0.15.2/lib/ --listen=-

Build Summary: 8/11 steps succeeded; 1 failed
test transitive failure
+- zig fmt --check success
+- run python3 success 970ms MaxRSS:14M
+- run python3 success 413ms MaxRSS:28M
+- run python3 success 44ms MaxRSS:20M
+- run python3 success 49ms MaxRSS:19M
+- run python3 success 34ms MaxRSS:21M
+- run python3 success 83ms MaxRSS:12M
+- run test transitive failure
   +- compile test Debug native 1 errors
      +- options cached

error: the following build command failed with exit code 1:
.zig-cache/o/a514c9ffaa956a19e0be5987994f5ac1/build /home/x/.local/zig/zig-x86_64-linux-0.15.2/zig /home/x/.local/zig/zig-x86_64-linux-0.15.2/lib /home/x/deco/doe/runtime/zig .zig-cache /home/x/.cache/zig --seed 0x953e9a9 -Zecaf51c9d882942f test -Dtest-filter=Metal  --summary all
