[240.0ms][TestHarness] Initializing WebGPU...
[GPU] amd rdna-3, f16/subgroups, 4.0GB, submit probe: 0.4ms
[249.1ms][TestHarness] GPU: hasF16=true, hasSubgroups=true
[249.1ms][TestHarness] Fetching manifest...
[251.8ms][TestHarness] Model: transformer
[252.2ms][TestHarness] Creating pipeline...
[Doppler] Log level set to: ERROR
{
  "ok": true,
  "receipt": "bench/out/compute-program/20260907-model-attention-repro/p0-electron-model/doppler_int4ple_reference_export.json",
  "tensor": "bench/out/compute-program/20260907-model-attention-repro/p0-electron-model/final_logits.f32",
  "tensorSha256": "4f961414d7ef3eca43fdb9707f4e1f7210d98328567134f6bdcfa003144bac66",
  "tokenCount": 12,
  "logitsShape": [
    262144
  ],
  "decodeStepsRequested": 4,
  "decodeStepsProduced": 4
}
[Doppler] Log level set to: INFO
[2023.3ms][Pipeline] Unloaded
