Zig source architecture review signals:
src/backend/vulkan/native_runtime.zig: 1003 lines exceeds advisory review signal 800
src/backend/vulkan/vk_render.zig: 981 lines exceeds advisory review signal 800
src/backend/vulkan/vk_resources.zig: 1069 lines exceeds advisory review signal 800
src/backend/vulkan/vk_upload.zig: 843 lines exceeds advisory review signal 800
src/backend/vulkan/vulkan_surface.zig: 808 lines exceeds advisory review signal 800
src/compiler/tsir/digest.zig: 999 lines exceeds advisory review signal 800
src/compiler/tsir/emit_kernel_body.zig: 895 lines exceeds advisory review signal 800
src/compiler/tsir/frontend.zig: 885 lines exceeds advisory review signal 800
src/compiler/tsir/reference_extended_ops.zig: 841 lines exceeds advisory review signal 800
src/compiler/wgsl/emit/csl/emit_csl_exec_v1.zig: 989 lines exceeds advisory review signal 800
src/compiler/wgsl/emit/csl/emit_csl_host_compile_source.zig: 895 lines exceeds advisory review signal 800
src/compiler/wgsl/emit/csl/emit_csl_host_runtime.zig: 837 lines exceeds advisory review signal 800
src/compiler/wgsl/emit/csl/emit_csl_ir_walk.zig: 888 lines exceeds advisory review signal 800
src/compiler/wgsl/emit/csl/emit_csl_layout.zig: 911 lines exceeds advisory review signal 800
src/compiler/wgsl/emit/msl/emit_msl_ir.zig: 981 lines exceeds advisory review signal 800
src/compiler/wgsl/emit/spirv/emit_spirv_builtins.zig: 839 lines exceeds advisory review signal 800
src/compiler/wgsl/emit/spirv/emit_spirv_fn.zig: 1052 lines exceeds advisory review signal 800
src/compiler/wgsl/frontend/parser_expr.zig: 851 lines exceeds advisory review signal 800
src/compiler/wgsl/frontend/sema.zig: 806 lines exceeds advisory review signal 800
src/compiler/wgsl/ir/ir_transform_robustness.zig: 984 lines exceeds advisory review signal 800
src/compiler/wgsl/proof/dispatch_proof_match.zig: 890 lines exceeds advisory review signal 800
src/compiler/wgsl/proof/dispatch_uniform_bounds.zig: 878 lines exceeds advisory review signal 800
src/dropin/dropin_browser_shared_memory.zig: 806 lines exceeds advisory review signal 800
src/native/compute/doe_compute_fast.zig: 1062 lines exceeds advisory review signal 800
src/native/queue/doe_queue_submit_metal.zig: 837 lines exceeds advisory review signal 800
src/native/resource/doe_texture_sampler_native.zig: 829 lines exceeds advisory review signal 800
src/native/shader/doe_shader_native.zig: 956 lines exceeds advisory review signal 800
src/native/vulkan/vulkan_compute_native.zig: 835 lines exceeds advisory review signal 800
src/runtime/trace/trace.zig: 879 lines exceeds advisory review signal 800
src/spatial/csl/csl_host_plan_tool.zig: 828 lines exceeds advisory review signal 800
test-wgsl
+- run test 0/1 passed, 1 failed
error: 'tests.wgsl.emit_spirv_builtin_test.test.spirv unrolls independent dot outputs but preserves recurrence alias and side effect cases' failed: /home/x/deco/doe/runtime/zig/src/compiler/wgsl/emit/spirv/emit_spirv_fn.zig:362:43: 0x127a31c in emit_value_expr (test_suite_wgsl.zig)
                .param_ref, .local_ref => return error.InvalidIr,
                                          ^
/home/x/deco/doe/runtime/zig/src/compiler/wgsl/emit/spirv/emit_spirv_fn.zig:135:42: 0x1232c7f in emit_stmt (test_suite_wgsl.zig)
                        const value_id = try self.emit_value_expr(expr_id);
                                         ^
/home/x/deco/doe/runtime/zig/src/compiler/wgsl/emit/spirv/emit_spirv_fn.zig:129:29: 0x1232adb in emit_stmt (test_suite_wgsl.zig)
                        if (try self.emit_stmt(self.function.stmt_children.items[range.start + i])) return true;
                            ^
/home/x/deco/doe/runtime/zig/src/compiler/wgsl/emit/spirv/emit_spirv.zig:320:28: 0x1209b5c in emit_function (test_suite_wgsl.zig)
        const terminated = try state.emit_stmt(function.root_stmt);
                           ^
/home/x/deco/doe/runtime/zig/src/compiler/wgsl/emit/spirv/emit_spirv.zig:117:13: 0x11e3750 in emit_module_impl (test_suite_wgsl.zig)
            try self.emit_function(@intCast(function_index));
            ^
/home/x/deco/doe/runtime/zig/src/compiler/wgsl/emit/spirv/emit_spirv.zig:27:5: 0x11dd479 in emitImpl (test_suite_wgsl.zig)
    try emitter.emit_module_impl(stage_filter);
    ^
/home/x/deco/doe/runtime/zig/src/compiler/wgsl/emit/spirv/emit_spirv.zig:15:5: 0x11d4b7d in emit (test_suite_wgsl.zig)
    return emitImpl(module, null, out);
    ^
/home/x/deco/doe/runtime/zig/src/compiler/wgsl/pipeline/translate_spirv.zig:37:9: 0x11d4285 in translateToSpirvWithDiagnostic (test_suite_wgsl.zig)
        return kind;
        ^
/home/x/deco/doe/runtime/zig/src/compiler/wgsl/pipeline/translate_spirv.zig:46:5: 0x11d3b17 in translateToSpirv (test_suite_wgsl.zig)
    return translateToSpirvWithDiagnostic(allocator, wgsl, out, analysis.compatibilityDiagnostic());
    ^
/home/x/deco/doe/runtime/zig/tests/wgsl/emit_spirv_builtin_test.zig:86:21: 0x11ce9cb in test.spirv unrolls independent dot outputs but preserves recurrence alias and side effect cases (test_suite_wgsl.zig)
        const len = try translateToSpirv(allocator, source, &binary);
                    ^
error: while executing test 'tests.wgsl.emit_spirv_builtin_test.test.spirv unrolls independent dot outputs but preserves recurrence alias and side effect cases', the following test command failed:
./.zig-cache/o/d3e529de1a956ed73b17dede05c45f9f/test --cache-dir=./.zig-cache --seed=0xf9c6a3e --listen=-

Build Summary: 7/9 steps succeeded; 1 failed; 0/1 tests passed; 1 failed
test-wgsl transitive failure
+- zig fmt --check success
+- run python3 success 455ms MaxRSS:27M
+- run python3 success 41ms MaxRSS:21M
+- run python3 success 54ms MaxRSS:20M
+- run python3 success 42ms MaxRSS:21M
+- run test 0/1 passed, 1 failed
   +- compile test Debug native success 414ms MaxRSS:159M
      +- options cached

error: the following build command failed with exit code 1:
.zig-cache/o/a31bb2f35a74f7b168246adc0daea465/build /home/x/.local/zig/zig-x86_64-linux-0.15.2/zig /home/x/.local/zig/zig-x86_64-linux-0.15.2/lib /home/x/deco/doe/runtime/zig .zig-cache /home/x/.cache/zig --seed 0xf9c6a3e -Z16b47d17fdb526fe test-wgsl -Dtest-filter=spirv unrolls independent --summary all
