Zig source architecture review signals:
src/backend/vulkan/native_runtime.zig: 1003 lines exceeds advisory review signal 800
src/backend/vulkan/vk_render.zig: 981 lines exceeds advisory review signal 800
src/backend/vulkan/vk_resources.zig: 1069 lines exceeds advisory review signal 800
src/backend/vulkan/vk_upload.zig: 843 lines exceeds advisory review signal 800
src/backend/vulkan/vulkan_surface.zig: 808 lines exceeds advisory review signal 800
src/compiler/tsir/digest.zig: 999 lines exceeds advisory review signal 800
src/compiler/tsir/emit_kernel_body.zig: 895 lines exceeds advisory review signal 800
src/compiler/tsir/frontend.zig: 885 lines exceeds advisory review signal 800
src/compiler/tsir/reference_extended_ops.zig: 841 lines exceeds advisory review signal 800
src/compiler/wgsl/emit/csl/emit_csl_exec_v1.zig: 989 lines exceeds advisory review signal 800
src/compiler/wgsl/emit/csl/emit_csl_host_compile_source.zig: 895 lines exceeds advisory review signal 800
src/compiler/wgsl/emit/csl/emit_csl_host_runtime.zig: 837 lines exceeds advisory review signal 800
src/compiler/wgsl/emit/csl/emit_csl_ir_walk.zig: 888 lines exceeds advisory review signal 800
src/compiler/wgsl/emit/csl/emit_csl_layout.zig: 911 lines exceeds advisory review signal 800
src/compiler/wgsl/emit/msl/emit_msl_ir.zig: 981 lines exceeds advisory review signal 800
src/compiler/wgsl/emit/spirv/emit_spirv_builtins.zig: 839 lines exceeds advisory review signal 800
src/compiler/wgsl/emit/spirv/emit_spirv_fn.zig: 1052 lines exceeds advisory review signal 800
src/compiler/wgsl/frontend/parser_expr.zig: 851 lines exceeds advisory review signal 800
src/compiler/wgsl/frontend/sema.zig: 806 lines exceeds advisory review signal 800
src/compiler/wgsl/ir/ir_transform_robustness.zig: 984 lines exceeds advisory review signal 800
src/compiler/wgsl/proof/dispatch_proof_match.zig: 890 lines exceeds advisory review signal 800
src/compiler/wgsl/proof/dispatch_uniform_bounds.zig: 878 lines exceeds advisory review signal 800
src/dropin/dropin_browser_shared_memory.zig: 806 lines exceeds advisory review signal 800
src/native/compute/doe_compute_fast.zig: 1062 lines exceeds advisory review signal 800
src/native/queue/doe_queue_submit_metal.zig: 837 lines exceeds advisory review signal 800
src/native/resource/doe_texture_sampler_native.zig: 829 lines exceeds advisory review signal 800
src/native/shader/doe_shader_native.zig: 956 lines exceeds advisory review signal 800
src/native/vulkan/vulkan_compute_native.zig: 835 lines exceeds advisory review signal 800
src/runtime/trace/trace.zig: 879 lines exceeds advisory review signal 800
src/spatial/csl/csl_host_plan_tool.zig: 828 lines exceeds advisory review signal 800
test-wgsl
+- run test 1121/1122 passed, 1 failed
error: 'tests.wgsl.emit_spirv_builtin_test.test.spirv unrolls independent dot outputs but preserves recurrence alias and side effect cases' failed
error: while executing test 'src.contracts.artifact.test.artifact identity and hash are stable', the following test command failed:
./.zig-cache/o/b06dd9be755db3ba6eb6d1761f56149c/test --cache-dir=./.zig-cache --seed=0xe9a60200 --listen=-
test
+- run test stderr
[default] (warn): doe: createShaderModule failed: unsupported sType 0xffffffff
[default] (warn): doe: createComputePipeline failed: shader module is null or invalid. Ensure createShaderModule succeeded (check stderr for WGSL translation errors).
[default] (warn): doe: createShaderModule failed: MTLLibrary creation returned null
[default] (warn): doe_compute_preconditions: storage dispatch precondition failed: requiredBytes=3072 boundBytes=2047 kind=flat_index_2d_dispatch_x group=0 binding=1
[default] (warn): doe_compute_preconditions: storage dispatch precondition failed: buffer missing group=0 binding=0

Build Summary: 20/22 steps succeeded; 1 failed; 3420/3432 tests passed; 11 skipped; 1 failed
test-wgsl transitive failure
+- zig fmt --check success
+- run python3 success 523ms MaxRSS:27M
+- run python3 success 47ms MaxRSS:21M
+- run python3 success 55ms MaxRSS:20M
+- run python3 success 43ms MaxRSS:21M
+- run test 1121/1122 passed, 1 failed
   +- compile test ReleaseFast native success 41s MaxRSS:940M
      +- options success
test success
+- zig fmt --check (reused)
+- run python3 success 819ms MaxRSS:13M
+- run python3 (reused)
+- run python3 (reused)
+- run python3 (reused)
+- run python3 (reused)
+- run python3 success 89ms MaxRSS:11M
+- run test 2299 passed 11 skipped 1s MaxRSS:56M
   +- compile test ReleaseFast native success 1m MaxRSS:1G
      +- options (reused)
dropin success
+- install webgpu_doe success
|  +- compile lib webgpu_doe ReleaseFast native success 30s MaxRSS:702M
|     +- options (reused)
+- install generated to share/doe-build-metadata.json success
   +- WriteFile doe-build-metadata.json success
emit-spirv success
+- install doe-emit-spirv success
   +- compile exe doe-emit-spirv ReleaseFast native success 12s MaxRSS:374M
      +- options (reused)

error: the following build command failed with exit code 1:
.zig-cache/o/a31bb2f35a74f7b168246adc0daea465/build /home/x/.local/zig/zig-x86_64-linux-0.15.2/zig /home/x/.local/zig/zig-x86_64-linux-0.15.2/lib /home/x/deco/doe/runtime/zig .zig-cache /home/x/.cache/zig --seed 0xe9a60200 -Z23d72790639b0f2a test-wgsl test dropin emit-spirv -Doptimize=ReleaseFast --prefix /home/x/deco/doe/bench/out/doppler-search/20260920-independent-loops/native --summary all
