1/76 .audit_shutdown_probe.test.shutdown retains owners after failed waiting until delayed device completion...LIFETIME mode=shutdown loss=0 retained=true reuse_rejected=true waits=1 idle_calls=4 premature=0
OK
2/76 .audit_shutdown_probe.test.registered buffer fallback waits and bypasses reuse after unresolved completion...LIFETIME mode=registered loss=0 retained=true reuse_rejected=true waits=1 idle_calls=4 premature=0
OK
3/76 .audit_shutdown_probe.test.direct buffer release retains its allocation until device loss permits cleanup...LIFETIME mode=direct loss=1 retained=true reuse_rejected=true waits=1 idle_calls=4 premature=0
OK
4/76 .audit_shutdown_probe.test.device lost during waiting cleans up without eventual successful execution...LIFETIME mode=shutdown loss=2 retained=true reuse_rejected=true waits=1 idle_calls=4 premature=0
OK
5/76 .audit_shutdown_probe.test.compute cache enforces independent size and byte bounds and reinitializes fresh generations...OK
6/76 src.backend.vulkan.vk_resources.test.texture views reject recycled parent allocations and another attachment owner...OK
7/76 src.backend.vulkan.vk_resources.test.default_texture_view_dimension preserves non-2d resources...OK
8/76 src.backend.vulkan.vk_resources.test.copy-only textures do not require Vulkan image views...OK
9/76 src.backend.vulkan.vk_pipeline_cache_persistent.test.disabled flag suppresses cache creation...OK
10/76 src.backend.vulkan.vk_pipeline_cache_persistent.test.default state is disabled handle...OK
11/76 src.backend.vulkan.vk_pipeline_cache_persistent.test.cache configuration is isolated per provider instance...OK
12/76 src.backend.vulkan.vk_sync.test.retirement requires terminal device idle before destruction and never reopens execution...OK
13/76 src.backend.vulkan.vk_sync.test.confirmed device loss authorizes retirement without successful execution...OK
14/76 src.backend.vulkan.vk_sync.test.rejected fence submissions preserve earlier work and permit retry...OK
15/76 src.backend.vulkan.vk_sync.test.rejected sole fence submission does not enter a native wait...OK
16/76 src.backend.vulkan.vk_sync.test.timeline submission reserves then publishes only potentially submitted values...OK
17/76 src.backend.vulkan.vk_sync.test.device loss and unknown submission errors retain synchronization obligations...OK
18/76 src.contracts.backend.test.backend identities and strict selection are stable...OK
19/76 src.backend.backend_policy.test.lane table round-trips canonical and alias names...OK
20/76 src.backend.backend_policy.test.default Vulkan comparable policy declares graphics compute queue preference...OK
21/76 src.backend.backend_policy.test.default Vulkan compute-only diagnostic policy requires compute queue and staged uploads...OK
22/76 src.backend.backend_policy.test.default Vulkan compute-only fence diagnostic policy requires fence pool...OK
23/76 src.backend.backend_policy.test.backend runtime policy: compiled defaults match the config for every lane...OK
24/76 src.backend.backend_policy.test.backend runtime policy: parser ownership and incomplete build table survive allocation failures...OK
25/76 src.backend.backend_policy.test.backend runtime policy: file loading owns the surviving hash and preserves allocation failures...OK
26/76 src.backend.backend_policy.test.backend runtime policy: rejects malformed fields and undeclared choices...OK
27/76 src.backend.vulkan.vk_pipeline.test.staged SPIR-V retains the actual shader across selection replacement without allocation...OK
28/76 src.backend.vulkan.vk_pipeline.test.SPIR-V staging failed acquisition preserves the previous owner...OK
29/76 src.backend.vulkan.vk_pipeline_cache.test.hot compute state cache activates before hash map fallback...OK
30/76 src.backend.vulkan.vk_pipeline_cache.test.buffer destruction retires only matching descriptors across cache tiers...OK
31/76 src.backend.vulkan.vk_runtime_surface_ops.test.surface capability queries require a native surface...OK
32/76 src.backend.vulkan.vk_compute_sync.test.storage texture write access requires conservative compute synchronization...OK
33/76 src.backend.vulkan.vk_compute_sync.test.Vulkan indirect visibility retains hazards for later shader consumers...OK
34/76 src.backend.vulkan.vulkan_errors.test.check_vk succeeds on VK_SUCCESS...OK
35/76 src.backend.vulkan.vulkan_errors.test.check_vk returns error on failure code...OK
36/76 src.backend.vulkan.vulkan_errors.test.map_vk_result maps EXTENSION_NOT_PRESENT to UnsupportedFeature...OK
37/76 src.backend.vulkan.vulkan_errors.test.map_vk_result maps FEATURE_NOT_PRESENT to UnsupportedFeature...OK
38/76 src.backend.vulkan.vulkan_errors.test.map_vk_result maps INCOMPATIBLE_DRIVER to UnsupportedFeature...OK
39/76 src.backend.vulkan.vulkan_errors.test.map_vk_result maps TOO_MANY_OBJECTS to UnsupportedFeature...OK
40/76 src.backend.vulkan.vulkan_errors.test.map_vk_result maps FORMAT_NOT_SUPPORTED to UnsupportedFeature...OK
41/76 src.backend.vulkan.vulkan_errors.test.map_vk_result maps FRAGMENTED_POOL to UnsupportedFeature...OK
42/76 src.backend.vulkan.vulkan_errors.test.map_vk_result maps UNKNOWN to UnsupportedFeature...OK
43/76 src.backend.vulkan.vulkan_errors.test.map_vk_result maps OUT_OF_DATE_KHR to SurfaceUnavailable...OK
44/76 src.backend.vulkan.vulkan_errors.test.map_vk_result maps other errors to InvalidState...OK
45/76 src.backend.vulkan.vulkan_errors.test.vulkanResultName returns known names...OK
46/76 src.contracts.execution.test.backend errors have one unsupported classification...OK
47/76 src.backend.vulkan.vk_memory_policy.test.readback preference preserves coherence and supported memory type constraints...OK
48/76 src.backend.vulkan.vk_memory_policy.test.host-visible preference selects compatible device-local memory or preserves required properties...OK
49/76 src.backend.vulkan.vk_shader_source.test.SPIR-V cache admission releases loaded words on allocation failure...OK
50/76 src.backend.vulkan.vk_shader_source.test.WGSL source loading and compilation preserve allocation failures...OK
51/76 src.backend.vulkan.vk_shader_source.test.SPIR-V sibling resolution never treats a parent directory suffix as a file extension...OK
52/76 src.backend.common.path_utils.test.path probe distinguishes missing paths from invalid paths...OK
53/76 src.compiler.wgsl.emit.spirv.emit_spirv_shared.test.uncached result instruction reserves id and writes canonical operands...OK
54/76 src.compiler.wgsl.ir.ir_query.test.canonical IR queries resolve builtin, literal, global base, and runtime stride...OK
55/76 src.compiler.wgsl.frontend.parser.test.parse simple compute shader...OK
56/76 src.compiler.wgsl.frontend.parser.test.parse struct...OK
57/76 src.compiler.wgsl.frontend.parser.test.parse override...OK
58/76 src.compiler.wgsl.frontend.parser.test.parse multiple entry points...OK
59/76 src.compiler.wgsl.frontend.lexer.test.lex simple compute shader...OK
60/76 src.compiler.wgsl.frontend.lexer.test.lex number literals...OK
61/76 src.compiler.wgsl.frontend.lexer.test.lex compound operators...OK
62/76 src.compiler.wgsl.frontend.lexer.test.lex comments...OK
63/76 src.compiler.wgsl.frontend.lexer.test.lex keywords...OK
64/76 src.compiler.wgsl.frontend.sema_helpers.test.parse wgsl numeric literals trims suffixes and keeps prefixes...OK
65/76 src.compiler.wgsl.frontend.sema_helpers.test.parse vector swizzles validates component sets...OK
66/76 src.compiler.wgsl.frontend.sema_type_syntax.test.matrix shape parser accepts WGSL matrix dimensions...OK
67/76 src.compiler.wgsl.ir.ir_opt_rewrite.test.integer identity rewrites return expression to dynamic operand...OK
68/76 src.compiler.wgsl.ir.ir_opt_rewrite.test.integer identity rewrites transitive expression users...OK
69/76 src.compiler.wgsl.ir.ir_opt_rewrite.test.integer const binary folds mutate expression to literal...OK
70/76 src.compiler.wgsl.ir.ir_opt_rewrite.test.integer const binary folds through local let aliases...OK
71/76 src.compiler.wgsl.ir.ir_opt_rewrite.test.integer const unary folds through local let aliases...OK
72/76 src.compiler.wgsl.ir.ir_opt_rewrite.test.absorbing integer identities preserve zero operand...OK
73/76 src.compiler.wgsl.ir.ir_opt_rewrite.test.bool identity rewrites logical expression roots...OK
74/76 src.contracts.primitives.byte_scan.test.countLeadingWhitespace handles scalar and vector spans...OK
75/76 src.contracts.primitives.byte_scan.test.digit and identifier scans stop at first non-matching byte...OK
76/76 src.contracts.primitives.byte_scan.test.findFirstByte and json escape scan find expected boundaries...OK
All 76 tests passed.
