[
  {
    "id": "doe-gpu-linux-x64@0.5.0",
    "name": "doe-gpu-linux-x64",
    "version": "0.5.0",
    "size": 3167765,
    "unpackedSize": 11981494,
    "shasum": "1197035d452ba3f0fb24293e22ad6d11ad931552",
    "integrity": "sha512-O1+h+6psp/qqqhdoXn2IPF8xXYm7OPgrFheixDPY08kd44thG9F3jpjRGvpQvECAcHP9ikPrCiHprhVVaUDtbQ==",
    "filename": "doe-gpu-linux-x64-0.5.0.tgz",
    "files": [
      {
        "path": "LICENSE",
        "size": 10773,
        "mode": 420
      },
      {
        "path": "bin/doe_napi.node",
        "size": 436864,
        "mode": 493
      },
      {
        "path": "bin/doe-build-metadata.json",
        "size": 422,
        "mode": 420
      },
      {
        "path": "bin/libwebgpu_doe.so",
        "size": 11532584,
        "mode": 493
      },
      {
        "path": "bin/metadata.json",
        "size": 143,
        "mode": 420
      },
      {
        "path": "index.js",
        "size": 290,
        "mode": 420
      },
      {
        "path": "package.json",
        "size": 418,
        "mode": 420
      }
    ],
    "entryCount": 7,
    "bundled": []
  }
]
