
This GDB supports auto-downloading debuginfo from the following URLs:
  <https://debuginfod.ubuntu.com>
Enable debuginfod for this session? (y or [n]) [answered N; input not from terminal]
Debuginfod has been disabled.
To make this setting permanent, add 'set debuginfod enabled off' to .gdbinit.
[Thread debugging using libthread_db enabled]
Using host libthread_db library "/usr/lib/x86_64-linux-gnu/libthread_db.so.1".
[New Thread 0x7fffeffff6c0 (LWP 4074205)]
[New Thread 0x7fffef7fe6c0 (LWP 4074206)]
[New Thread 0x7fffeeffd6c0 (LWP 4074207)]
[New Thread 0x7fffee7fc6c0 (LWP 4074208)]
[New Thread 0x7fffedffb6c0 (LWP 4074209)]
[New Thread 0x7ffff344d6c0 (LWP 4074210)]
{"phase":"entry","main":true}
[New Thread 0x7fffed6a06c0 (LWP 4074220)]
[New Thread 0x7fffed29f6c0 (LWP 4074222)]
[New Thread 0x7fffece9e6c0 (LWP 4074223)]
[New Thread 0x7fffeca9d6c0 (LWP 4074224)]
{"phase":"release-workers"}
{"phase":"released","value":1}
{"phase":"entry","main":false,"worker":1}
{"phase":"entry","main":false,"worker":3}
{"phase":"entry","main":false,"worker":0}
{"phase":"entry","main":false,"worker":2}
[New Thread 0x7fffb85ff6c0 (LWP 4074251)]
[New Thread 0x7fffb79ff6c0 (LWP 4074252)]
[New Thread 0x7fffb6dff6c0 (LWP 4074253)]
[New Thread 0x7fffb61ff6c0 (LWP 4074254)]
[New Thread 0x7fffc43ff6c0 (LWP 4074255)]
[New Thread 0x7fffc37ff6c0 (LWP 4074256)]
[Thread 0x7fffb6dff6c0 (LWP 4074253) exited]
[Thread 0x7fffb61ff6c0 (LWP 4074254) exited]
[New Thread 0x7fffb61ff6c0 (LWP 4074263)]
[New Thread 0x7fffb6dff6c0 (LWP 4074264)]
[Thread 0x7fffc43ff6c0 (LWP 4074255) exited]
[Thread 0x7fffc37ff6c0 (LWP 4074256) exited]
[New Thread 0x7fffc37ff6c0 (LWP 4074265)]
[New Thread 0x7fffc43ff6c0 (LWP 4074266)]
[Thread 0x7fffb61ff6c0 (LWP 4074263) exited]
[Thread 0x7fffb6dff6c0 (LWP 4074264) exited]
[New Thread 0x7fffb6dff6c0 (LWP 4074267)]
[New Thread 0x7fffb61ff6c0 (LWP 4074268)]
[Thread 0x7fffb85ff6c0 (LWP 4074251) exited]
[Thread 0x7fffb79ff6c0 (LWP 4074252) exited]
[New Thread 0x7fffb79ff6c0 (LWP 4074281)]
[New Thread 0x7fffb85ff6c0 (LWP 4074282)]
[New Thread 0x7fff063ff6c0 (LWP 4074283)]
[New Thread 0x7fff057ff6c0 (LWP 4074284)]
[Thread 0x7fff063ff6c0 (LWP 4074283) exited]
[Thread 0x7fff057ff6c0 (LWP 4074284) exited]
[Thread 0x7fffc37ff6c0 (LWP 4074265) exited]
[Thread 0x7fffc43ff6c0 (LWP 4074266) exited]
[Thread 0x7fffb85ff6c0 (LWP 4074282) exited]
[Thread 0x7fffb79ff6c0 (LWP 4074281) exited]
[Thread 0x7fffb6dff6c0 (LWP 4074267) exited]
[Thread 0x7fffb61ff6c0 (LWP 4074268) exited]
[New Thread 0x7fffb61ff6c0 (LWP 4074297)]
[New Thread 0x7fffb6dff6c0 (LWP 4074298)]
[New Thread 0x7fffb85ff6c0 (LWP 4074299)]
[New Thread 0x7fffb79ff6c0 (LWP 4074300)]
[New Thread 0x7fff1503f6c0 (LWP 4074305)]
[New Thread 0x7fff1483e6c0 (LWP 4074306)]
[New Thread 0x7fff069ff6c0 (LWP 4074308)]
[New Thread 0x7fff05dff6c0 (LWP 4074309)]
[Thread 0x7fffb85ff6c0 (LWP 4074299) exited]
[Thread 0x7fffb79ff6c0 (LWP 4074300) exited]
[Thread 0x7fff1503f6c0 (LWP 4074305) exited]
[Thread 0x7fff1483e6c0 (LWP 4074306) exited]
[Thread 0x7fffb6dff6c0 (LWP 4074298) exited]
[Thread 0x7fffb61ff6c0 (LWP 4074297) exited]
[Thread 0x7fff069ff6c0 (LWP 4074308) exited]
[Thread 0x7fff05dff6c0 (LWP 4074309) exited]
[New Thread 0x7fff05dff6c0 (LWP 4074323)]
[New Thread 0x7fff069ff6c0 (LWP 4074324)]
[New Thread 0x7fffb6dff6c0 (LWP 4074325)]
[New Thread 0x7fffb61ff6c0 (LWP 4074326)]
[New Thread 0x7fffb59fe6c0 (LWP 4074327)]
[New Thread 0x7fff1503f6c0 (LWP 4074328)]
[New Thread 0x7fff07fff6c0 (LWP 4074332)]
[New Thread 0x7fff077fe6c0 (LWP 4074333)]
[Thread 0x7fff05dff6c0 (LWP 4074323) exited]
[Thread 0x7fff069ff6c0 (LWP 4074324) exited]
[Thread 0x7fff077fe6c0 (LWP 4074333) exited]
[Thread 0x7fff07fff6c0 (LWP 4074332) exited]
[Thread 0x7fffb61ff6c0 (LWP 4074326) exited]
[Thread 0x7fffb6dff6c0 (LWP 4074325) exited]
[Thread 0x7fffb59fe6c0 (LWP 4074327) exited]
[Thread 0x7fff1503f6c0 (LWP 4074328) exited]
[New Thread 0x7fff1503f6c0 (LWP 4074343)]
[New Thread 0x7fffb59fe6c0 (LWP 4074344)]
[New Thread 0x7fffb61ff6c0 (LWP 4074345)]
[New Thread 0x7fffb6dff6c0 (LWP 4074346)]
[New Thread 0x7fff1483e6c0 (LWP 4074347)]
[New Thread 0x7fff07fff6c0 (LWP 4074348)]
[Thread 0x7fffb61ff6c0 (LWP 4074345) exited]
[Thread 0x7fffb6dff6c0 (LWP 4074346) exited]
[New Thread 0x7fffb6dff6c0 (LWP 4074355)]
[New Thread 0x7fffb61ff6c0 (LWP 4074356)]
[Thread 0x7fff07fff6c0 (LWP 4074348) exited]
[Thread 0x7fff1483e6c0 (LWP 4074347) exited]
[New Thread 0x7fff07fff6c0 (LWP 4074357)]
[New Thread 0x7fff1483e6c0 (LWP 4074358)]
[Thread 0x7fffb6dff6c0 (LWP 4074355) exited]
[Thread 0x7fffb61ff6c0 (LWP 4074356) exited]
[New Thread 0x7fffb61ff6c0 (LWP 4074359)]
[New Thread 0x7fffb6dff6c0 (LWP 4074360)]
[Thread 0x7fff1503f6c0 (LWP 4074343) exited]
[Thread 0x7fffb59fe6c0 (LWP 4074344) exited]
[New Thread 0x7fffb59fe6c0 (LWP 4074368)]
[New Thread 0x7fff1503f6c0 (LWP 4074369)]
[New Thread 0x7fff073ff6c0 (LWP 4074373)]
[New Thread 0x7fff067ff6c0 (LWP 4074374)]
[Thread 0x7fff07fff6c0 (LWP 4074357) exited]
[Thread 0x7fff1483e6c0 (LWP 4074358) exited]
[Thread 0x7fff073ff6c0 (LWP 4074373) exited]
[Thread 0x7fff067ff6c0 (LWP 4074374) exited]
[Thread 0x7fffb59fe6c0 (LWP 4074368) exited]
[Thread 0x7fff1503f6c0 (LWP 4074369) exited]
[Thread 0x7fffb6dff6c0 (LWP 4074360) exited]
[Thread 0x7fffb61ff6c0 (LWP 4074359) exited]
[New Thread 0x7fffb6dff6c0 (LWP 4074384)]
[New Thread 0x7fffb61ff6c0 (LWP 4074385)]
[New Thread 0x7fff1503f6c0 (LWP 4074386)]
[New Thread 0x7fffb59fe6c0 (LWP 4074387)]
[New Thread 0x7fff1483e6c0 (LWP 4074393)]
[New Thread 0x7fff07fff6c0 (LWP 4074394)]
[Thread 0x7fff1503f6c0 (LWP 4074386) exited]
[Thread 0x7fffb59fe6c0 (LWP 4074387) exited]
[New Thread 0x7fffb59fe6c0 (LWP 4074396)]
[New Thread 0x7fff1503f6c0 (LWP 4074397)]
[Thread 0x7fff1483e6c0 (LWP 4074393) exited]
[Thread 0x7fff07fff6c0 (LWP 4074394) exited]
[New Thread 0x7fff07fff6c0 (LWP 4074398)]
[New Thread 0x7fff1483e6c0 (LWP 4074399)]
[Thread 0x7fffb59fe6c0 (LWP 4074396) exited]
[Thread 0x7fff1503f6c0 (LWP 4074397) exited]
[New Thread 0x7fff1503f6c0 (LWP 4074406)]
[New Thread 0x7fffb59fe6c0 (LWP 4074407)]
[New Thread 0x7fff073ff6c0 (LWP 4074408)]
[New Thread 0x7fff067ff6c0 (LWP 4074409)]
[Thread 0x7fffb6dff6c0 (LWP 4074384) exited]
[Thread 0x7fffb61ff6c0 (LWP 4074385) exited]
[New Thread 0x7fffb61ff6c0 (LWP 4074422)]
[New Thread 0x7fffb6dff6c0 (LWP 4074423)]
[Thread 0x7fff073ff6c0 (LWP 4074408) exited]
[Thread 0x7fff067ff6c0 (LWP 4074409) exited]
[Thread 0x7fffb59fe6c0 (LWP 4074407) exited]
[Thread 0x7fff1503f6c0 (LWP 4074406) exited]
[Thread 0x7fff1483e6c0 (LWP 4074399) exited]
[Thread 0x7fff07fff6c0 (LWP 4074398) exited]
[Thread 0x7fffb61ff6c0 (LWP 4074422) exited]
[Thread 0x7fffb6dff6c0 (LWP 4074423) exited]
[New Thread 0x7fffb6dff6c0 (LWP 4074430)]
[New Thread 0x7fffb61ff6c0 (LWP 4074431)]
[New Thread 0x7fff1483e6c0 (LWP 4074432)]
[New Thread 0x7fff07fff6c0 (LWP 4074433)]
[New Thread 0x7fffb59fe6c0 (LWP 4074434)]
[New Thread 0x7fff1503f6c0 (LWP 4074435)]
[Thread 0x7fff1483e6c0 (LWP 4074432) exited]
[Thread 0x7fff07fff6c0 (LWP 4074433) exited]
[Thread 0x7fffb6dff6c0 (LWP 4074430) exited]
[Thread 0x7fffb61ff6c0 (LWP 4074431) exited]
[New Thread 0x7fffb61ff6c0 (LWP 4074442)]
[New Thread 0x7fffb6dff6c0 (LWP 4074443)]
[New Thread 0x7fff07fff6c0 (LWP 4074444)]
[New Thread 0x7fff1483e6c0 (LWP 4074445)]
[New Thread 0x7fff073ff6c0 (LWP 4074446)]
[New Thread 0x7fff067ff6c0 (LWP 4074447)]
[Thread 0x7fffb59fe6c0 (LWP 4074434) exited]
[Thread 0x7fff1503f6c0 (LWP 4074435) exited]
[Thread 0x7fffb6dff6c0 (LWP 4074443) exited]
[Thread 0x7fffb61ff6c0 (LWP 4074442) exited]
[Thread 0x7fff07fff6c0 (LWP 4074444) exited]
[Thread 0x7fff1483e6c0 (LWP 4074445) exited]
[Thread 0x7fff067ff6c0 (LWP 4074447) exited]
[Thread 0x7fff073ff6c0 (LWP 4074446) exited]
[New Thread 0x7fff067ff6c0 (LWP 4074454)]
[New Thread 0x7fff073ff6c0 (LWP 4074455)]
[New Thread 0x7fff1483e6c0 (LWP 4074464)]
[New Thread 0x7fff07fff6c0 (LWP 4074465)]
[New Thread 0x7fffb73ff6c0 (LWP 4074470)]
[New Thread 0x7fffb67ff6c0 (LWP 4074471)]
[New Thread 0x7fffb5bff6c0 (LWP 4074472)]
[New Thread 0x7fff05ffe6c0 (LWP 4074473)]
[Thread 0x7fffb73ff6c0 (LWP 4074470) exited]
[Thread 0x7fffb67ff6c0 (LWP 4074471) exited]
[Thread 0x7fff1483e6c0 (LWP 4074464) exited]
[Thread 0x7fff07fff6c0 (LWP 4074465) exited]
[Thread 0x7fff05ffe6c0 (LWP 4074473) exited]
[Thread 0x7fffb5bff6c0 (LWP 4074472) exited]
[Thread 0x7fff073ff6c0 (LWP 4074455) exited]
[Thread 0x7fff067ff6c0 (LWP 4074454) exited]
[New Thread 0x7fff073ff6c0 (LWP 4074481)]
[New Thread 0x7fff067ff6c0 (LWP 4074482)]
[New Thread 0x7fff05ffe6c0 (LWP 4074483)]
[New Thread 0x7fffb5bff6c0 (LWP 4074485)]
[New Thread 0x7fffb73ff6c0 (LWP 4074491)]
[New Thread 0x7fffb67ff6c0 (LWP 4074492)]
[New Thread 0x7fff14dff6c0 (LWP 4074493)]
[New Thread 0x7fff07fff6c0 (LWP 4074494)]
[Thread 0x7fffb73ff6c0 (LWP 4074491) exited]
[Thread 0x7fffb67ff6c0 (LWP 4074492) exited]
[Thread 0x7fff073ff6c0 (LWP 4074481) exited]
[Thread 0x7fff067ff6c0 (LWP 4074482) exited]
[New Thread 0x7fff067ff6c0 (LWP 4074495)]
[New Thread 0x7fff073ff6c0 (LWP 4074496)]
[New Thread 0x7fffb67ff6c0 (LWP 4074499)]
[New Thread 0x7fffb73ff6c0 (LWP 4074500)]
[Thread 0x7fff05ffe6c0 (LWP 4074483) exited]
[Thread 0x7fffb5bff6c0 (LWP 4074485) exited]
[Thread 0x7fff07fff6c0 (LWP 4074494) exited]
[Thread 0x7fff14dff6c0 (LWP 4074493) exited]
[Thread 0x7fffb73ff6c0 (LWP 4074500) exited]
[Thread 0x7fffb67ff6c0 (LWP 4074499) exited]
[Thread 0x7fff067ff6c0 (LWP 4074495) exited]
[Thread 0x7fff073ff6c0 (LWP 4074496) exited]
[New Thread 0x7fff073ff6c0 (LWP 4074517)]
[New Thread 0x7fff067ff6c0 (LWP 4074518)]
[New Thread 0x7fffb73ff6c0 (LWP 4074519)]
[New Thread 0x7fffb67ff6c0 (LWP 4074520)]
[New Thread 0x7fffb5bff6c0 (LWP 4074521)]
[New Thread 0x7fff14dff6c0 (LWP 4074522)]
[Thread 0x7fffb73ff6c0 (LWP 4074519) exited]
[Thread 0x7fffb67ff6c0 (LWP 4074520) exited]
[New Thread 0x7fffb67ff6c0 (LWP 4074529)]
[New Thread 0x7fffb73ff6c0 (LWP 4074530)]
[Thread 0x7fff073ff6c0 (LWP 4074517) exited]
[Thread 0x7fff067ff6c0 (LWP 4074518) exited]
[New Thread 0x7fff067ff6c0 (LWP 4074531)]
[New Thread 0x7fff073ff6c0 (LWP 4074532)]
[Thread 0x7fffb5bff6c0 (LWP 4074521) exited]
[Thread 0x7fff14dff6c0 (LWP 4074522) exited]
[New Thread 0x7fff14dff6c0 (LWP 4074535)]
[New Thread 0x7fffb5bff6c0 (LWP 4074537)]
[New Thread 0x7fff05ffe6c0 (LWP 4074541)]
[New Thread 0x7fff053ff6c0 (LWP 4074542)]
[Thread 0x7fffb67ff6c0 (LWP 4074529) exited]
[Thread 0x7fffb73ff6c0 (LWP 4074530) exited]
[Thread 0x7fff073ff6c0 (LWP 4074532) exited]
[Thread 0x7fff067ff6c0 (LWP 4074531) exited]
[Thread 0x7fffb5bff6c0 (LWP 4074537) exited]
[Thread 0x7fff14dff6c0 (LWP 4074535) exited]
[Thread 0x7fff053ff6c0 (LWP 4074542) exited]
[Thread 0x7fff05ffe6c0 (LWP 4074541) exited]
[New Thread 0x7fff053ff6c0 (LWP 4074550)]
[New Thread 0x7fff05ffe6c0 (LWP 4074551)]
[New Thread 0x7fffb5bff6c0 (LWP 4074560)]
[New Thread 0x7fff14dff6c0 (LWP 4074561)]
[New Thread 0x7fffb73ff6c0 (LWP 4074566)]
[New Thread 0x7fffb67ff6c0 (LWP 4074567)]
[Thread 0x7fffb5bff6c0 (LWP 4074560) exited]
[Thread 0x7fff14dff6c0 (LWP 4074561) exited]
[New Thread 0x7fff14dff6c0 (LWP 4074568)]
[New Thread 0x7fffb5bff6c0 (LWP 4074569)]
[Thread 0x7fffb73ff6c0 (LWP 4074566) exited]
[Thread 0x7fffb67ff6c0 (LWP 4074567) exited]
[New Thread 0x7fffb67ff6c0 (LWP 4074576)]
[New Thread 0x7fffb73ff6c0 (LWP 4074577)]
[New Thread 0x7fff077ff6c0 (LWP 4074578)]
[New Thread 0x7fff06bff6c0 (LWP 4074579)]
[Thread 0x7fff05ffe6c0 (LWP 4074551) exited]
[Thread 0x7fff053ff6c0 (LWP 4074550) exited]
[Thread 0x7fff14dff6c0 (LWP 4074568) exited]
[Thread 0x7fffb5bff6c0 (LWP 4074569) exited]
[Thread 0x7fff06bff6c0 (LWP 4074579) exited]
[Thread 0x7fff077ff6c0 (LWP 4074578) exited]
[Thread 0x7fffb73ff6c0 (LWP 4074577) exited]
[Thread 0x7fffb67ff6c0 (LWP 4074576) exited]
{"worker":3,"execution":"webgpu","cycles":8,"runs":32,"status":"passed"}
{"worker":2,"execution":"webgpu","cycles":8,"runs":32,"status":"passed"}
[New Thread 0x7fffb73ff6c0 (LWP 4074586)]
[New Thread 0x7fffb67ff6c0 (LWP 4074587)]
[New Thread 0x7fff06bff6c0 (LWP 4074592)]
[New Thread 0x7fff077ff6c0 (LWP 4074593)]
[New Thread 0x7fffb5bff6c0 (LWP 4074596)]
[New Thread 0x7fff14dff6c0 (LWP 4074597)]
[New Thread 0x7fff063fe6c0 (LWP 4074598)]
[New Thread 0x7fff05bfd6c0 (LWP 4074599)]
[Thread 0x7fffb5bff6c0 (LWP 4074596) exited]
[Thread 0x7fff14dff6c0 (LWP 4074597) exited]
[Thread 0x7fff06bff6c0 (LWP 4074592) exited]
[Thread 0x7fff077ff6c0 (LWP 4074593) exited]
[Thread 0x7fff063fe6c0 (LWP 4074598) exited]
[Thread 0x7fff05bfd6c0 (LWP 4074599) exited]
[Thread 0x7fffb73ff6c0 (LWP 4074586) exited]
[Thread 0x7fffb67ff6c0 (LWP 4074587) exited]
{"worker":1,"execution":"webgpu","cycles":8,"runs":32,"status":"passed"}
[New Thread 0x7fffb67ff6c0 (LWP 4074612)]
[New Thread 0x7fffb73ff6c0 (LWP 4074613)]
[New Thread 0x7fff05bfd6c0 (LWP 4074617)]
[New Thread 0x7fff063fe6c0 (LWP 4074619)]
[New Thread 0x7fffb5bff6c0 (LWP 4074622)]
[New Thread 0x7fff14dff6c0 (LWP 4074623)]
[Thread 0x7fffb5bff6c0 (LWP 4074622) exited]
[Thread 0x7fff14dff6c0 (LWP 4074623) exited]
[New Thread 0x7fff14dff6c0 (LWP 4074624)]
[New Thread 0x7fffb5bff6c0 (LWP 4074625)]
[Thread 0x7fffb67ff6c0 (LWP 4074612) exited]
[Thread 0x7fffb73ff6c0 (LWP 4074613) exited]
[New Thread 0x7fffb73ff6c0 (LWP 4074630)]
[New Thread 0x7fffb67ff6c0 (LWP 4074631)]
[New Thread 0x7fff077ff6c0 (LWP 4074634)]
[New Thread 0x7fff06bff6c0 (LWP 4074635)]
[Thread 0x7fff077ff6c0 (LWP 4074634) exited]
[Thread 0x7fff06bff6c0 (LWP 4074635) exited]
[Thread 0x7fffb67ff6c0 (LWP 4074631) exited]
[Thread 0x7fffb73ff6c0 (LWP 4074630) exited]
[Thread 0x7fff14dff6c0 (LWP 4074624) exited]
[Thread 0x7fffb5bff6c0 (LWP 4074625) exited]
{"worker":0,"execution":"webgpu","cycles":8,"runs":32,"status":"passed"}
[Thread 0x7fff05bfd6c0 (LWP 4074617) exited]
[Thread 0x7fff063fe6c0 (LWP 4074619) exited]
[New Thread 0x7fff063fe6c0 (LWP 4074642)]
[New Thread 0x7fff05bfd6c0 (LWP 4074643)]
[New Thread 0x7fffb5bff6c0 (LWP 4074644)]
[New Thread 0x7fff14dff6c0 (LWP 4074645)]
[New Thread 0x7fffb73ff6c0 (LWP 4074646)]
[New Thread 0x7fffb67ff6c0 (LWP 4074647)]
[New Thread 0x7fff07fff6c0 (LWP 4074648)]
[New Thread 0x7fff073ff6c0 (LWP 4074649)]
[Thread 0x7fffb5bff6c0 (LWP 4074644) exited]
[Thread 0x7fff14dff6c0 (LWP 4074645) exited]
[Thread 0x7fffb73ff6c0 (LWP 4074646) exited]
[Thread 0x7fffb67ff6c0 (LWP 4074647) exited]
[Thread 0x7fff073ff6c0 (LWP 4074649) exited]
[Thread 0x7fff07fff6c0 (LWP 4074648) exited]
[Thread 0x7fff05bfd6c0 (LWP 4074643) exited]
[Thread 0x7fff063fe6c0 (LWP 4074642) exited]
[New Thread 0x7fff05bfd6c0 (LWP 4074668)]
[New Thread 0x7fff063fe6c0 (LWP 4074669)]
[New Thread 0x7fff073ff6c0 (LWP 4074670)]
[New Thread 0x7fff07fff6c0 (LWP 4074671)]
[New Thread 0x7fffb73ff6c0 (LWP 4074672)]
[New Thread 0x7fffb67ff6c0 (LWP 4074673)]
[New Thread 0x7fffb5bff6c0 (LWP 4074674)]
[New Thread 0x7fff14dff6c0 (LWP 4074675)]
[Thread 0x7fffb5bff6c0 (LWP 4074674) exited]
[Thread 0x7fff14dff6c0 (LWP 4074675) exited]
[Thread 0x7fffb73ff6c0 (LWP 4074672) exited]
[Thread 0x7fffb67ff6c0 (LWP 4074673) exited]
[Thread 0x7fff063fe6c0 (LWP 4074669) exited]
[Thread 0x7fff05bfd6c0 (LWP 4074668) exited]
[Thread 0x7fff07fff6c0 (LWP 4074671) exited]
[Thread 0x7fff073ff6c0 (LWP 4074670) exited]
[New Thread 0x7fff07fff6c0 (LWP 4074686)]
[New Thread 0x7fff073ff6c0 (LWP 4074687)]
[New Thread 0x7fff063fe6c0 (LWP 4074690)]
[New Thread 0x7fff05bfd6c0 (LWP 4074691)]
[New Thread 0x7fffb73ff6c0 (LWP 4074692)]
[New Thread 0x7fffb67ff6c0 (LWP 4074693)]
[Thread 0x7fff063fe6c0 (LWP 4074690) exited]
[Thread 0x7fff05bfd6c0 (LWP 4074691) exited]
[New Thread 0x7fff05bfd6c0 (LWP 4074700)]
[New Thread 0x7fff063fe6c0 (LWP 4074701)]
[New Thread 0x7fffb5bff6c0 (LWP 4074708)]
[New Thread 0x7fff14dff6c0 (LWP 4074709)]
[Thread 0x7fff05bfd6c0 (LWP 4074700) exited]
[Thread 0x7fff063fe6c0 (LWP 4074701) exited]
[Thread 0x7fff073ff6c0 (LWP 4074687) exited]
[Thread 0x7fff07fff6c0 (LWP 4074686) exited]
[Thread 0x7fffb67ff6c0 (LWP 4074693) exited]
[Thread 0x7fffb73ff6c0 (LWP 4074692) exited]
[Thread 0x7fffb5bff6c0 (LWP 4074708) exited]
[Thread 0x7fff14dff6c0 (LWP 4074709) exited]
[New Thread 0x7fff14dff6c0 (LWP 4074716)]
[New Thread 0x7fffb5bff6c0 (LWP 4074717)]
[New Thread 0x7fffb67ff6c0 (LWP 4074718)]
[New Thread 0x7fffb73ff6c0 (LWP 4074719)]
[New Thread 0x7fff07fff6c0 (LWP 4074721)]
[New Thread 0x7fff073ff6c0 (LWP 4074722)]
[New Thread 0x7fff067ff6c0 (LWP 4074728)]
[New Thread 0x7fff05bff6c0 (LWP 4074729)]
[Thread 0x7fff07fff6c0 (LWP 4074721) exited]
[Thread 0x7fff073ff6c0 (LWP 4074722) exited]
[Thread 0x7fff067ff6c0 (LWP 4074728) exited]
[Thread 0x7fff05bff6c0 (LWP 4074729) exited]
[Thread 0x7fffb73ff6c0 (LWP 4074719) exited]
[Thread 0x7fffb67ff6c0 (LWP 4074718) exited]
[Thread 0x7fffb5bff6c0 (LWP 4074717) exited]
[Thread 0x7fff14dff6c0 (LWP 4074716) exited]
[New Thread 0x7fffb5bff6c0 (LWP 4074736)]
[New Thread 0x7fff14dff6c0 (LWP 4074737)]
[New Thread 0x7fffb73ff6c0 (LWP 4074738)]
[New Thread 0x7fffb67ff6c0 (LWP 4074739)]
[New Thread 0x7fff07fff6c0 (LWP 4074740)]
[New Thread 0x7fff073ff6c0 (LWP 4074741)]
[New Thread 0x7fff067ff6c0 (LWP 4074742)]
[New Thread 0x7fff05bff6c0 (LWP 4074743)]
[Thread 0x7fffb73ff6c0 (LWP 4074738) exited]
[Thread 0x7fffb67ff6c0 (LWP 4074739) exited]
[Thread 0x7fff07fff6c0 (LWP 4074740) exited]
[Thread 0x7fff073ff6c0 (LWP 4074741) exited]
[New Thread 0x7fff073ff6c0 (LWP 4074756)]
[New Thread 0x7fff07fff6c0 (LWP 4074757)]
[Thread 0x7fffb5bff6c0 (LWP 4074736) exited]
[Thread 0x7fff14dff6c0 (LWP 4074737) exited]
[New Thread 0x7fff14dff6c0 (LWP 4074758)]
[New Thread 0x7fffb5bff6c0 (LWP 4074759)]
[New Thread 0x7fffb67ff6c0 (LWP 4074760)]
[New Thread 0x7fffb73ff6c0 (LWP 4074761)]
[Thread 0x7fff067ff6c0 (LWP 4074742) exited]
[Thread 0x7fff05bff6c0 (LWP 4074743) exited]
[Thread 0x7fffb73ff6c0 (LWP 4074761) exited]
[Thread 0x7fffb67ff6c0 (LWP 4074760) exited]
[Thread 0x7fffb5bff6c0 (LWP 4074759) exited]
[Thread 0x7fff14dff6c0 (LWP 4074758) exited]
[Thread 0x7fff07fff6c0 (LWP 4074757) exited]
[Thread 0x7fff073ff6c0 (LWP 4074756) exited]
[New Thread 0x7fff07fff6c0 (LWP 4074768)]
[New Thread 0x7fff073ff6c0 (LWP 4074769)]
[New Thread 0x7fffb5bff6c0 (LWP 4074770)]
[New Thread 0x7fff14dff6c0 (LWP 4074771)]
[New Thread 0x7fffb73ff6c0 (LWP 4074772)]
[New Thread 0x7fffb67ff6c0 (LWP 4074773)]
[Thread 0x7fffb5bff6c0 (LWP 4074770) exited]
[Thread 0x7fff14dff6c0 (LWP 4074771) exited]
[New Thread 0x7fff14dff6c0 (LWP 4074780)]
[New Thread 0x7fffb5bff6c0 (LWP 4074781)]
[Thread 0x7fffb73ff6c0 (LWP 4074772) exited]
[Thread 0x7fffb67ff6c0 (LWP 4074773) exited]
[New Thread 0x7fffb67ff6c0 (LWP 4074782)]
[New Thread 0x7fffb73ff6c0 (LWP 4074783)]
[Thread 0x7fff14dff6c0 (LWP 4074780) exited]
[Thread 0x7fffb5bff6c0 (LWP 4074781) exited]
[New Thread 0x7fffb5bff6c0 (LWP 4074787)]
[New Thread 0x7fff14dff6c0 (LWP 4074788)]
[Thread 0x7fff07fff6c0 (LWP 4074768) exited]
[Thread 0x7fff073ff6c0 (LWP 4074769) exited]
[New Thread 0x7fff073ff6c0 (LWP 4074791)]
[New Thread 0x7fff07fff6c0 (LWP 4074792)]
[New Thread 0x7fff063ff6c0 (LWP 4074794)]
[New Thread 0x7fff057ff6c0 (LWP 4074795)]
[Thread 0x7fff063ff6c0 (LWP 4074794) exited]
[Thread 0x7fff057ff6c0 (LWP 4074795) exited]
[Thread 0x7fff07fff6c0 (LWP 4074792) exited]
[Thread 0x7fff073ff6c0 (LWP 4074791) exited]
[Thread 0x7fffb73ff6c0 (LWP 4074783) exited]
[Thread 0x7fffb67ff6c0 (LWP 4074782) exited]
[Thread 0x7fff14dff6c0 (LWP 4074788) exited]
[Thread 0x7fffb5bff6c0 (LWP 4074787) exited]
[New Thread 0x7fff14dff6c0 (LWP 4074808)]
[New Thread 0x7fffb5bff6c0 (LWP 4074809)]
[New Thread 0x7fffb73ff6c0 (LWP 4074810)]
[New Thread 0x7fffb67ff6c0 (LWP 4074811)]
[New Thread 0x7fff07fff6c0 (LWP 4074812)]
[New Thread 0x7fff073ff6c0 (LWP 4074813)]
[New Thread 0x7fff067ff6c0 (LWP 4074815)]
[New Thread 0x7fff05bff6c0 (LWP 4074816)]
[Thread 0x7fffb73ff6c0 (LWP 4074810) exited]
[Thread 0x7fffb67ff6c0 (LWP 4074811) exited]
[Thread 0x7fff14dff6c0 (LWP 4074808) exited]
[Thread 0x7fffb5bff6c0 (LWP 4074809) exited]
[Thread 0x7fff073ff6c0 (LWP 4074813) exited]
[Thread 0x7fff07fff6c0 (LWP 4074812) exited]
[Thread 0x7fff067ff6c0 (LWP 4074815) exited]
[Thread 0x7fff05bff6c0 (LWP 4074816) exited]
[New Thread 0x7fff05bff6c0 (LWP 4074828)]
[New Thread 0x7fff067ff6c0 (LWP 4074829)]
[New Thread 0x7fff073ff6c0 (LWP 4074830)]
[New Thread 0x7fff07fff6c0 (LWP 4074831)]
[New Thread 0x7fffb73ff6c0 (LWP 4074832)]
[New Thread 0x7fffb67ff6c0 (LWP 4074833)]
[New Thread 0x7fffb5bff6c0 (LWP 4074834)]
[New Thread 0x7fff14dff6c0 (LWP 4074835)]
[Thread 0x7fff073ff6c0 (LWP 4074830) exited]
[Thread 0x7fff07fff6c0 (LWP 4074831) exited]
[Thread 0x7fff067ff6c0 (LWP 4074829) exited]
[Thread 0x7fff05bff6c0 (LWP 4074828) exited]
[Thread 0x7fffb67ff6c0 (LWP 4074833) exited]
[Thread 0x7fffb73ff6c0 (LWP 4074832) exited]
[Thread 0x7fffb5bff6c0 (LWP 4074834) exited]
[Thread 0x7fff14dff6c0 (LWP 4074835) exited]
[New Thread 0x7fff14dff6c0 (LWP 4074852)]
[New Thread 0x7fffb5bff6c0 (LWP 4074853)]
[New Thread 0x7fffb67ff6c0 (LWP 4074856)]
[New Thread 0x7fffb73ff6c0 (LWP 4074857)]
[New Thread 0x7fff07fff6c0 (LWP 4074858)]
[New Thread 0x7fff073ff6c0 (LWP 4074859)]
[Thread 0x7fffb67ff6c0 (LWP 4074856) exited]
[Thread 0x7fffb73ff6c0 (LWP 4074857) exited]
[New Thread 0x7fffb73ff6c0 (LWP 4074860)]
[New Thread 0x7fffb67ff6c0 (LWP 4074861)]
[New Thread 0x7fff067ff6c0 (LWP 4074862)]
[New Thread 0x7fff05bff6c0 (LWP 4074863)]
[Thread 0x7fffb67ff6c0 (LWP 4074861) exited]
[Thread 0x7fffb73ff6c0 (LWP 4074860) exited]
[Thread 0x7fffb5bff6c0 (LWP 4074853) exited]
[Thread 0x7fff14dff6c0 (LWP 4074852) exited]
[Thread 0x7fff07fff6c0 (LWP 4074858) exited]
[Thread 0x7fff073ff6c0 (LWP 4074859) exited]
[Thread 0x7fff067ff6c0 (LWP 4074862) exited]
[Thread 0x7fff05bff6c0 (LWP 4074863) exited]
[New Thread 0x7fff05bff6c0 (LWP 4074874)]
[New Thread 0x7fff067ff6c0 (LWP 4074875)]
[New Thread 0x7fff073ff6c0 (LWP 4074878)]
[New Thread 0x7fff07fff6c0 (LWP 4074879)]
[New Thread 0x7fffb73ff6c0 (LWP 4074880)]
[New Thread 0x7fffb67ff6c0 (LWP 4074881)]
[New Thread 0x7fffb5bff6c0 (LWP 4074883)]
[New Thread 0x7fff14dff6c0 (LWP 4074884)]
[Thread 0x7fff05bff6c0 (LWP 4074874) exited]
[Thread 0x7fff067ff6c0 (LWP 4074875) exited]
[Thread 0x7fff073ff6c0 (LWP 4074878) exited]
[Thread 0x7fff07fff6c0 (LWP 4074879) exited]
[Thread 0x7fffb73ff6c0 (LWP 4074880) exited]
[Thread 0x7fffb67ff6c0 (LWP 4074881) exited]
[Thread 0x7fff14dff6c0 (LWP 4074884) exited]
[Thread 0x7fffb5bff6c0 (LWP 4074883) exited]
[New Thread 0x7fff14dff6c0 (LWP 4074890)]
[New Thread 0x7fffb5bff6c0 (LWP 4074891)]
[New Thread 0x7fffb67ff6c0 (LWP 4074892)]
[New Thread 0x7fffb73ff6c0 (LWP 4074893)]
[New Thread 0x7fff07fff6c0 (LWP 4074905)]
[New Thread 0x7fff073ff6c0 (LWP 4074907)]
[New Thread 0x7fff067ff6c0 (LWP 4074908)]
[New Thread 0x7fff05bff6c0 (LWP 4074909)]
[Thread 0x7fffb67ff6c0 (LWP 4074892) exited]
[Thread 0x7fffb73ff6c0 (LWP 4074893) exited]
[Thread 0x7fff05bff6c0 (LWP 4074909) exited]
[Thread 0x7fff067ff6c0 (LWP 4074908) exited]
[Thread 0x7fff14dff6c0 (LWP 4074890) exited]
[Thread 0x7fffb5bff6c0 (LWP 4074891) exited]
{"worker":1,"execution":"native-recorded","cycles":8,"runs":32,"status":"passed"}
[New Thread 0x7fffb5bff6c0 (LWP 4074913)]
[New Thread 0x7fff14dff6c0 (LWP 4074914)]
[New Thread 0x7fff05bff6c0 (LWP 4074918)]
[New Thread 0x7fff067ff6c0 (LWP 4074919)]
[New Thread 0x7fffb73ff6c0 (LWP 4074920)]
[New Thread 0x7fffb67ff6c0 (LWP 4074921)]
[Thread 0x7fff07fff6c0 (LWP 4074905) exited]
[Thread 0x7fff073ff6c0 (LWP 4074907) exited]
[Thread 0x7fff05bff6c0 (LWP 4074918) exited]
[Thread 0x7fff067ff6c0 (LWP 4074919) exited]
[Thread 0x7fff14dff6c0 (LWP 4074914) exited]
[Thread 0x7fffb5bff6c0 (LWP 4074913) exited]
[Thread 0x7fffb67ff6c0 (LWP 4074921) exited]
[Thread 0x7fffb73ff6c0 (LWP 4074920) exited]
{"worker":2,"execution":"native-recorded","cycles":8,"runs":32,"status":"passed"}
{"worker":3,"execution":"native-recorded","cycles":8,"runs":32,"status":"passed"}
[New Thread 0x7fffb67ff6c0 (LWP 4074928)]
[New Thread 0x7fffb73ff6c0 (LWP 4074929)]
[New Thread 0x7fff14dff6c0 (LWP 4074930)]
[New Thread 0x7fffb5bff6c0 (LWP 4074931)]
[New Thread 0x7fff07fff6c0 (LWP 4074938)]
[New Thread 0x7fff073ff6c0 (LWP 4074939)]
[New Thread 0x7fff067ff6c0 (LWP 4074940)]
[New Thread 0x7fff05bff6c0 (LWP 4074941)]
[Thread 0x7fff14dff6c0 (LWP 4074930) exited]
[Thread 0x7fffb5bff6c0 (LWP 4074931) exited]
[Thread 0x7fff05bff6c0 (LWP 4074941) exited]
[Thread 0x7fff067ff6c0 (LWP 4074940) exited]
[Thread 0x7fff07fff6c0 (LWP 4074938) exited]
[Thread 0x7fff073ff6c0 (LWP 4074939) exited]
[Thread 0x7fffb67ff6c0 (LWP 4074928) exited]
[Thread 0x7fffb73ff6c0 (LWP 4074929) exited]
[New Thread 0x7fffb73ff6c0 (LWP 4074951)]
[New Thread 0x7fffb67ff6c0 (LWP 4074952)]
[New Thread 0x7fff073ff6c0 (LWP 4074956)]
[New Thread 0x7fff07fff6c0 (LWP 4074957)]
[New Thread 0x7fffb5bff6c0 (LWP 4074958)]
[New Thread 0x7fff14dff6c0 (LWP 4074959)]
[Thread 0x7fffb5bff6c0 (LWP 4074958) exited]
[Thread 0x7fff14dff6c0 (LWP 4074959) exited]
[New Thread 0x7fff14dff6c0 (LWP 4074960)]
[New Thread 0x7fffb5bff6c0 (LWP 4074961)]
[Thread 0x7fff073ff6c0 (LWP 4074956) exited]
[Thread 0x7fff07fff6c0 (LWP 4074957) exited]
[New Thread 0x7fff07fff6c0 (LWP 4074965)]
[New Thread 0x7fff073ff6c0 (LWP 4074966)]
[New Thread 0x7fff063ff6c0 (LWP 4074968)]
[New Thread 0x7fff057ff6c0 (LWP 4074969)]
[Thread 0x7fffb73ff6c0 (LWP 4074951) exited]
[Thread 0x7fffb67ff6c0 (LWP 4074952) exited]
[Thread 0x7fff063ff6c0 (LWP 4074968) exited]
[Thread 0x7fff057ff6c0 (LWP 4074969) exited]
[Thread 0x7fffb5bff6c0 (LWP 4074961) exited]
[Thread 0x7fff14dff6c0 (LWP 4074960) exited]
{"worker":0,"execution":"native-recorded","cycles":8,"runs":32,"status":"passed"}
[Thread 0x7fff07fff6c0 (LWP 4074965) exited]
[Thread 0x7fff073ff6c0 (LWP 4074966) exited]
[New Thread 0x7fff073ff6c0 (LWP 4074978)]
[New Thread 0x7fff07fff6c0 (LWP 4074979)]
[New Thread 0x7fffb5bff6c0 (LWP 4074980)]
[New Thread 0x7fff14dff6c0 (LWP 4074981)]
[New Thread 0x7fffb73ff6c0 (LWP 4074982)]
[New Thread 0x7fffb67ff6c0 (LWP 4074983)]
[New Thread 0x7fff06bfe6c0 (LWP 4074990)]
[New Thread 0x7fff05fff6c0 (LWP 4074991)]
[Thread 0x7fffb73ff6c0 (LWP 4074982) exited]
[Thread 0x7fffb67ff6c0 (LWP 4074983) exited]
[Thread 0x7fffb5bff6c0 (LWP 4074980) exited]
[Thread 0x7fff14dff6c0 (LWP 4074981) exited]
[Thread 0x7fff06bfe6c0 (LWP 4074990) exited]
[Thread 0x7fff05fff6c0 (LWP 4074991) exited]
[New Thread 0x7fff05fff6c0 (LWP 4074992)]
[New Thread 0x7fff06bfe6c0 (LWP 4074993)]
[New Thread 0x7fff14dff6c0 (LWP 4075001)]
[New Thread 0x7fffb5bff6c0 (LWP 4075002)]
[Thread 0x7fff073ff6c0 (LWP 4074978) exited]
[Thread 0x7fff07fff6c0 (LWP 4074979) exited]
[New Thread 0x7fff07fff6c0 (LWP 4075008)]
[New Thread 0x7fff073ff6c0 (LWP 4075009)]
[New Thread 0x7fffb6bff6c0 (LWP 4075010)]
[New Thread 0x7fff057fe6c0 (LWP 4075011)]
[Thread 0x7fffb6bff6c0 (LWP 4075010) exited]
[Thread 0x7fff057fe6c0 (LWP 4075011) exited]
[New Thread 0x7fff057fe6c0 (LWP 4075012)]
[New Thread 0x7fffb6bff6c0 (LWP 4075013)]
[Thread 0x7fff07fff6c0 (LWP 4075008) exited]
[Thread 0x7fff073ff6c0 (LWP 4075009) exited]
[Thread 0x7fff05fff6c0 (LWP 4074992) exited]
[Thread 0x7fff06bfe6c0 (LWP 4074993) exited]
[Thread 0x7fff14dff6c0 (LWP 4075001) exited]
[Thread 0x7fffb5bff6c0 (LWP 4075002) exited]
[Thread 0x7fffb6bff6c0 (LWP 4075013) exited]
[Thread 0x7fff057fe6c0 (LWP 4075012) exited]
[New Thread 0x7fffb6bff6c0 (LWP 4075026)]
[New Thread 0x7fff057fe6c0 (LWP 4075027)]
[New Thread 0x7fffb5bff6c0 (LWP 4075028)]
[New Thread 0x7fff14dff6c0 (LWP 4075029)]
[New Thread 0x7fff07fff6c0 (LWP 4075036)]
[New Thread 0x7fff077fe6c0 (LWP 4075037)]
[New Thread 0x7fff06ffd6c0 (LWP 4075038)]
[New Thread 0x7fff067fc6c0 (LWP 4075039)]
[Thread 0x7fffb6bff6c0 (LWP 4075026) exited]
[Thread 0x7fff057fe6c0 (LWP 4075027) exited]
[Thread 0x7fffb5bff6c0 (LWP 4075028) exited]
[Thread 0x7fff14dff6c0 (LWP 4075029) exited]
[Thread 0x7fff06ffd6c0 (LWP 4075038) exited]
[Thread 0x7fff067fc6c0 (LWP 4075039) exited]
[Thread 0x7fff07fff6c0 (LWP 4075036) exited]
[Thread 0x7fff077fe6c0 (LWP 4075037) exited]
[New Thread 0x7fff077fe6c0 (LWP 4075052)]
[New Thread 0x7fff07fff6c0 (LWP 4075053)]
[New Thread 0x7fff067fc6c0 (LWP 4075054)]
[New Thread 0x7fff06ffd6c0 (LWP 4075055)]
[New Thread 0x7fffb73ff6c0 (LWP 4075057)]
[New Thread 0x7fffb67ff6c0 (LWP 4075058)]
[New Thread 0x7fffb5bff6c0 (LWP 4075062)]
[New Thread 0x7fff14dff6c0 (LWP 4075063)]
[Thread 0x7fff067fc6c0 (LWP 4075054) exited]
[Thread 0x7fff06ffd6c0 (LWP 4075055) exited]
[Thread 0x7fff077fe6c0 (LWP 4075052) exited]
[Thread 0x7fff07fff6c0 (LWP 4075053) exited]
[Thread 0x7fffb73ff6c0 (LWP 4075057) exited]
[Thread 0x7fffb67ff6c0 (LWP 4075058) exited]
[Thread 0x7fff14dff6c0 (LWP 4075063) exited]
[Thread 0x7fffb5bff6c0 (LWP 4075062) exited]
[New Thread 0x7fff14dff6c0 (LWP 4075072)]
[New Thread 0x7fffb5bff6c0 (LWP 4075073)]
[New Thread 0x7fffb67ff6c0 (LWP 4075074)]
[New Thread 0x7fffb73ff6c0 (LWP 4075075)]
[New Thread 0x7fff07fff6c0 (LWP 4075081)]
[New Thread 0x7fff073ff6c0 (LWP 4075082)]
[New Thread 0x7fff067ff6c0 (LWP 4075084)]
[New Thread 0x7fff05bff6c0 (LWP 4075085)]
[Thread 0x7fffb67ff6c0 (LWP 4075074) exited]
[Thread 0x7fffb73ff6c0 (LWP 4075075) exited]
[Thread 0x7fff067ff6c0 (LWP 4075084) exited]
[Thread 0x7fff05bff6c0 (LWP 4075085) exited]
[Thread 0x7fff073ff6c0 (LWP 4075082) exited]
[Thread 0x7fff07fff6c0 (LWP 4075081) exited]
[Thread 0x7fff14dff6c0 (LWP 4075072) exited]
[Thread 0x7fffb5bff6c0 (LWP 4075073) exited]
[New Thread 0x7fffb5bff6c0 (LWP 4075097)]
[New Thread 0x7fff14dff6c0 (LWP 4075098)]
[New Thread 0x7fff073ff6c0 (LWP 4075100)]
[New Thread 0x7fff07fff6c0 (LWP 4075101)]
[New Thread 0x7fffb73ff6c0 (LWP 4075102)]
[New Thread 0x7fffb67ff6c0 (LWP 4075103)]
[New Thread 0x7fff06bfe6c0 (LWP 4075104)]
[New Thread 0x7fff05fff6c0 (LWP 4075105)]
[Thread 0x7fff073ff6c0 (LWP 4075100) exited]
[Thread 0x7fff07fff6c0 (LWP 4075101) exited]
[New Thread 0x7fff07fff6c0 (LWP 4075112)]
[New Thread 0x7fff073ff6c0 (LWP 4075113)]
[Thread 0x7fffb73ff6c0 (LWP 4075102) exited]
[Thread 0x7fffb67ff6c0 (LWP 4075103) exited]
[Thread 0x7fff06bfe6c0 (LWP 4075104) exited]
[Thread 0x7fff05fff6c0 (LWP 4075105) exited]
[Thread 0x7fffb5bff6c0 (LWP 4075097) exited]
[Thread 0x7fff14dff6c0 (LWP 4075098) exited]
[Thread 0x7fff07fff6c0 (LWP 4075112) exited]
[Thread 0x7fff073ff6c0 (LWP 4075113) exited]
[New Thread 0x7fff073ff6c0 (LWP 4075118)]
[New Thread 0x7fff07fff6c0 (LWP 4075119)]
[New Thread 0x7fff14dff6c0 (LWP 4075122)]
[New Thread 0x7fffb5bff6c0 (LWP 4075123)]
[New Thread 0x7fffb73ff6c0 (LWP 4075124)]
[New Thread 0x7fffb67ff6c0 (LWP 4075125)]
[New Thread 0x7fff06bfe6c0 (LWP 4075126)]
[New Thread 0x7fff05fff6c0 (LWP 4075127)]
[Thread 0x7fff073ff6c0 (LWP 4075118) exited]
[Thread 0x7fff07fff6c0 (LWP 4075119) exited]
[Thread 0x7fffb73ff6c0 (LWP 4075124) exited]
[Thread 0x7fffb67ff6c0 (LWP 4075125) exited]
[Thread 0x7fff06bfe6c0 (LWP 4075126) exited]
[Thread 0x7fff05fff6c0 (LWP 4075127) exited]
[New Thread 0x7fff05fff6c0 (LWP 4075134)]
[New Thread 0x7fff06bfe6c0 (LWP 4075135)]
[New Thread 0x7fffb67ff6c0 (LWP 4075136)]
[New Thread 0x7fffb73ff6c0 (LWP 4075137)]
[Thread 0x7fff14dff6c0 (LWP 4075122) exited]
[Thread 0x7fffb5bff6c0 (LWP 4075123) exited]
[New Thread 0x7fffb5bff6c0 (LWP 4075138)]
[New Thread 0x7fff14dff6c0 (LWP 4075139)]
[New Thread 0x7fff077ff6c0 (LWP 4075145)]
[New Thread 0x7fff053ff6c0 (LWP 4075147)]
[Thread 0x7fff077ff6c0 (LWP 4075145) exited]
[Thread 0x7fff053ff6c0 (LWP 4075147) exited]
[Thread 0x7fffb67ff6c0 (LWP 4075136) exited]
[Thread 0x7fffb73ff6c0 (LWP 4075137) exited]
[New Thread 0x7fffb73ff6c0 (LWP 4075154)]
[New Thread 0x7fffb67ff6c0 (LWP 4075155)]
[Thread 0x7fff06bfe6c0 (LWP 4075135) exited]
[Thread 0x7fff05fff6c0 (LWP 4075134) exited]
[Thread 0x7fffb5bff6c0 (LWP 4075138) exited]
[Thread 0x7fff14dff6c0 (LWP 4075139) exited]
[New Thread 0x7fff14dff6c0 (LWP 4075156)]
[New Thread 0x7fffb5bff6c0 (LWP 4075157)]
[New Thread 0x7fff06bfe6c0 (LWP 4075158)]
[New Thread 0x7fff05fff6c0 (LWP 4075159)]
[New Thread 0x7fff07fff6c0 (LWP 4075162)]
[New Thread 0x7fff077fe6c0 (LWP 4075163)]
[Thread 0x7fff07fff6c0 (LWP 4075162) exited]
[Thread 0x7fff077fe6c0 (LWP 4075163) exited]
[Thread 0x7fff14dff6c0 (LWP 4075156) exited]
[Thread 0x7fffb5bff6c0 (LWP 4075157) exited]
[Thread 0x7fff06bfe6c0 (LWP 4075158) exited]
[Thread 0x7fff05fff6c0 (LWP 4075159) exited]
[Thread 0x7fffb67ff6c0 (LWP 4075155) exited]
[Thread 0x7fffb73ff6c0 (LWP 4075154) exited]
[New Thread 0x7fffb67ff6c0 (LWP 4075174)]
[New Thread 0x7fffb73ff6c0 (LWP 4075175)]
[New Thread 0x7fff05fff6c0 (LWP 4075180)]
[New Thread 0x7fff06bfe6c0 (LWP 4075181)]
[New Thread 0x7fffb5bff6c0 (LWP 4075184)]
[New Thread 0x7fff14dff6c0 (LWP 4075185)]
[New Thread 0x7fff07fff6c0 (LWP 4075186)]
[New Thread 0x7fff073ff6c0 (LWP 4075187)]
[Thread 0x7fffb5bff6c0 (LWP 4075184) exited]
[Thread 0x7fff14dff6c0 (LWP 4075185) exited]
[New Thread 0x7fff14dff6c0 (LWP 4075200)]
[New Thread 0x7fffb5bff6c0 (LWP 4075201)]
[Thread 0x7fff05fff6c0 (LWP 4075180) exited]
[Thread 0x7fff06bfe6c0 (LWP 4075181) exited]
[Thread 0x7fffb67ff6c0 (LWP 4075174) exited]
[Thread 0x7fffb73ff6c0 (LWP 4075175) exited]
[Thread 0x7fff07fff6c0 (LWP 4075186) exited]
[Thread 0x7fff073ff6c0 (LWP 4075187) exited]
[New Thread 0x7fff073ff6c0 (LWP 4075202)]
[New Thread 0x7fff07fff6c0 (LWP 4075203)]
[New Thread 0x7fffb73ff6c0 (LWP 4075204)]
[New Thread 0x7fffb67ff6c0 (LWP 4075205)]
[Thread 0x7fff14dff6c0 (LWP 4075200) exited]
[Thread 0x7fffb5bff6c0 (LWP 4075201) exited]
[Thread 0x7fffb73ff6c0 (LWP 4075204) exited]
[Thread 0x7fffb67ff6c0 (LWP 4075205) exited]
{"worker":1,"execution":"gpu-recorded","cycles":8,"runs":32,"status":"passed"}
{"phase":"waiting","worker":1,"value":1,"type":"[object SharedArrayBuffer]"}
{"phase":"started","worker":1}
{"phase":"adapter","worker":1,"cycle":0,"execution":"webgpu"}
{"phase":"device","worker":1,"cycle":0,"execution":"webgpu"}
{"phase":"prepare","worker":1,"cycle":0,"execution":"webgpu"}
{"phase":"adapter","worker":1,"cycle":1,"execution":"webgpu"}
{"phase":"device","worker":1,"cycle":1,"execution":"webgpu"}
{"phase":"prepare","worker":1,"cycle":1,"execution":"webgpu"}
{"phase":"adapter","worker":1,"cycle":2,"execution":"webgpu"}
{"phase":"device","worker":1,"cycle":2,"execution":"webgpu"}
{"phase":"prepare","worker":1,"cycle":2,"execution":"webgpu"}
{"phase":"adapter","worker":1,"cycle":3,"execution":"webgpu"}
{"phase":"device","worker":1,"cycle":3,"execution":"webgpu"}
{"phase":"prepare","worker":1,"cycle":3,"execution":"webgpu"}
{"phase":"adapter","worker":1,"cycle":4,"execution":"webgpu"}
{"phase":"device","worker":1,"cycle":4,"execution":"webgpu"}
{"phase":"prepare","worker":1,"cycle":4,"execution":"webgpu"}
{"phase":"adapter","worker":1,"cycle":5,"execution":"webgpu"}
{"phase":"device","worker":1,"cycle":5,"execution":"webgpu"}
{"phase":"prepare","worker":1,"cycle":5,"execution":"webgpu"}
{"phase":"adapter","worker":1,"cycle":6,"execution":"webgpu"}
{"phase":"device","worker":1,"cycle":6,"execution":"webgpu"}
{"phase":"prepare","worker":1,"cycle":6,"execution":"webgpu"}
{"phase":"adapter","worker":1,"cycle":7,"execution":"webgpu"}
{"phase":"device","worker":1,"cycle":7,"execution":"webgpu"}
{"phase":"prepare","worker":1,"cycle":7,"execution":"webgpu"}
{"phase":"adapter","worker":1,"cycle":0,"execution":"native-recorded"}
{"phase":"device","worker":1,"cycle":0,"execution":"native-recorded"}
{"phase":"prepare","worker":1,"cycle":0,"execution":"native-recorded"}
{"phase":"adapter","worker":1,"cycle":1,"execution":"native-recorded"}
{"phase":"device","worker":1,"cycle":1,"execution":"native-recorded"}
{"phase":"prepare","worker":1,"cycle":1,"execution":"native-recorded"}
{"phase":"adapter","worker":1,"cycle":2,"execution":"native-recorded"}
{"phase":"device","worker":1,"cycle":2,"execution":"native-recorded"}
{"phase":"prepare","worker":1,"cycle":2,"execution":"native-recorded"}
{"phase":"adapter","worker":1,"cycle":3,"execution":"native-recorded"}
{"phase":"device","worker":1,"cycle":3,"execution":"native-recorded"}
{"phase":"prepare","worker":1,"cycle":3,"execution":"native-recorded"}
{"phase":"adapter","worker":1,"cycle":4,"execution":"native-recorded"}
{"phase":"device","worker":1,"cycle":4,"execution":"native-recorded"}
{"phase":"prepare","worker":1,"cycle":4,"execution":"native-recorded"}
{"phase":"adapter","worker":1,"cycle":5,"execution":"native-recorded"}
{"phase":"device","worker":1,"cycle":5,"execution":"native-recorded"}
{"phase":"prepare","worker":1,"cycle":5,"execution":"native-recorded"}
{"phase":"adapter","worker":1,"cycle":6,"execution":"native-recorded"}
{"phase":"device","worker":1,"cycle":6,"execution":"native-recorded"}
{"phase":"prepare","worker":1,"cycle":6,"execution":"native-recorded"}
{"phase":"adapter","worker":1,"cycle":7,"execution":"native-recorded"}
{"phase":"device","worker":1,"cycle":7,"execution":"native-recorded"}
{"phase":"prepare","worker":1,"cycle":7,"execution":"native-recorded"}
{"phase":"adapter","worker":1,"cycle":0,"execution":"gpu-recorded"}
{"phase":"device","worker":1,"cycle":0,"execution":"gpu-recorded"}
{"phase":"prepare","worker":1,"cycle":0,"execution":"gpu-recorded"}
{"phase":"adapter","worker":1,"cycle":1,"execution":"gpu-recorded"}
{"phase":"device","worker":1,"cycle":1,"execution":"gpu-recorded"}
{"phase":"prepare","worker":1,"cycle":1,"execution":"gpu-recorded"}
{"phase":"adapter","worker":1,"cycle":2,"execution":"gpu-recorded"}
{"phase":"device","worker":1,"cycle":2,"execution":"gpu-recorded"}
{"phase":"prepare","worker":1,"cycle":2,"execution":"gpu-recorded"}
{"phase":"adapter","worker":1,"cycle":3,"execution":"gpu-recorded"}
{"phase":"device","worker":1,"cycle":3,"execution":"gpu-recorded"}
{"phase":"prepare","worker":1,"cycle":3,"execution":"gpu-recorded"}
{"phase":"adapter","worker":1,"cycle":4,"execution":"gpu-recorded"}
{"phase":"device","worker":1,"cycle":4,"execution":"gpu-recorded"}
{"phase":"prepare","worker":1,"cycle":4,"execution":"gpu-recorded"}
{"phase":"adapter","worker":1,"cycle":5,"execution":"gpu-recorded"}
{"phase":"device","worker":1,"cycle":5,"execution":"gpu-recorded"}
{"phase":"prepare","worker":1,"cycle":5,"execution":"gpu-recorded"}
{"phase":"adapter","worker":1,"cycle":6,"execution":"gpu-recorded"}
{"phase":"device","worker":1,"cycle":6,"execution":"gpu-recorded"}
{"phase":"prepare","worker":1,"cycle":6,"execution":"gpu-recorded"}
{"phase":"adapter","worker":1,"cycle":7,"execution":"gpu-recorded"}
{"phase":"device","worker":1,"cycle":7,"execution":"gpu-recorded"}
{"phase":"prepare","worker":1,"cycle":7,"execution":"gpu-recorded"}
[Thread 0x7fffed29f6c0 (LWP 4074222) exited]
[New Thread 0x7fffb67ff6c0 (LWP 4075207)]
[New Thread 0x7fffb73ff6c0 (LWP 4075208)]
[New Thread 0x7fffb5bff6c0 (LWP 4075212)]
[New Thread 0x7fff14dff6c0 (LWP 4075213)]
[Thread 0x7fff073ff6c0 (LWP 4075202) exited]
[Thread 0x7fff07fff6c0 (LWP 4075203) exited]
[Thread 0x7fffb67ff6c0 (LWP 4075207) exited]
[Thread 0x7fffb73ff6c0 (LWP 4075208) exited]
[New Thread 0x7fffb73ff6c0 (LWP 4075216)]
[New Thread 0x7fffb67ff6c0 (LWP 4075217)]
[Thread 0x7fffb5bff6c0 (LWP 4075212) exited]
[Thread 0x7fff14dff6c0 (LWP 4075213) exited]
{"worker":3,"execution":"gpu-recorded","cycles":8,"runs":32,"status":"passed"}
{"phase":"waiting","worker":3,"value":1,"type":"[object SharedArrayBuffer]"}
{"phase":"started","worker":3}
{"phase":"adapter","worker":3,"cycle":0,"execution":"webgpu"}
{"phase":"device","worker":3,"cycle":0,"execution":"webgpu"}
{"phase":"prepare","worker":3,"cycle":0,"execution":"webgpu"}
{"phase":"adapter","worker":3,"cycle":1,"execution":"webgpu"}
{"phase":"device","worker":3,"cycle":1,"execution":"webgpu"}
{"phase":"prepare","worker":3,"cycle":1,"execution":"webgpu"}
{"phase":"adapter","worker":3,"cycle":2,"execution":"webgpu"}
{"phase":"device","worker":3,"cycle":2,"execution":"webgpu"}
{"phase":"prepare","worker":3,"cycle":2,"execution":"webgpu"}
{"phase":"adapter","worker":3,"cycle":3,"execution":"webgpu"}
{"phase":"device","worker":3,"cycle":3,"execution":"webgpu"}
{"phase":"prepare","worker":3,"cycle":3,"execution":"webgpu"}
{"phase":"adapter","worker":3,"cycle":4,"execution":"webgpu"}
{"phase":"device","worker":3,"cycle":4,"execution":"webgpu"}
{"phase":"prepare","worker":3,"cycle":4,"execution":"webgpu"}
{"phase":"adapter","worker":3,"cycle":5,"execution":"webgpu"}
{"phase":"device","worker":3,"cycle":5,"execution":"webgpu"}
{"phase":"prepare","worker":3,"cycle":5,"execution":"webgpu"}
{"phase":"adapter","worker":3,"cycle":6,"execution":"webgpu"}
{"phase":"device","worker":3,"cycle":6,"execution":"webgpu"}
{"phase":"prepare","worker":3,"cycle":6,"execution":"webgpu"}
{"phase":"adapter","worker":3,"cycle":7,"execution":"webgpu"}
{"phase":"device","worker":3,"cycle":7,"execution":"webgpu"}
{"phase":"prepare","worker":3,"cycle":7,"execution":"webgpu"}
{"phase":"adapter","worker":3,"cycle":0,"execution":"native-recorded"}
{"phase":"device","worker":3,"cycle":0,"execution":"native-recorded"}
{"phase":"prepare","worker":3,"cycle":0,"execution":"native-recorded"}
{"phase":"adapter","worker":3,"cycle":1,"execution":"native-recorded"}
{"phase":"device","worker":3,"cycle":1,"execution":"native-recorded"}
{"phase":"prepare","worker":3,"cycle":1,"execution":"native-recorded"}
{"phase":"adapter","worker":3,"cycle":2,"execution":"native-recorded"}
{"phase":"device","worker":3,"cycle":2,"execution":"native-recorded"}
{"phase":"prepare","worker":3,"cycle":2,"execution":"native-recorded"}
{"phase":"adapter","worker":3,"cycle":3,"execution":"native-recorded"}
{"phase":"device","worker":3,"cycle":3,"execution":"native-recorded"}
{"phase":"prepare","worker":3,"cycle":3,"execution":"native-recorded"}
{"phase":"adapter","worker":3,"cycle":4,"execution":"native-recorded"}
{"phase":"device","worker":3,"cycle":4,"execution":"native-recorded"}
{"phase":"prepare","worker":3,"cycle":4,"execution":"native-recorded"}
{"phase":"adapter","worker":3,"cycle":5,"execution":"native-recorded"}
{"phase":"device","worker":3,"cycle":5,"execution":"native-recorded"}
{"phase":"prepare","worker":3,"cycle":5,"execution":"native-recorded"}
{"phase":"adapter","worker":3,"cycle":6,"execution":"native-recorded"}
{"phase":"device","worker":3,"cycle":6,"execution":"native-recorded"}
{"phase":"prepare","worker":3,"cycle":6,"execution":"native-recorded"}
{"phase":"adapter","worker":3,"cycle":7,"execution":"native-recorded"}
{"phase":"device","worker":3,"cycle":7,"execution":"native-recorded"}
{"phase":"prepare","worker":3,"cycle":7,"execution":"native-recorded"}
{"phase":"adapter","worker":3,"cycle":0,"execution":"gpu-recorded"}
{"phase":"device","worker":3,"cycle":0,"execution":"gpu-recorded"}
{"phase":"prepare","worker":3,"cycle":0,"execution":"gpu-recorded"}
{"phase":"adapter","worker":3,"cycle":1,"execution":"gpu-recorded"}
{"phase":"device","worker":3,"cycle":1,"execution":"gpu-recorded"}
{"phase":"prepare","worker":3,"cycle":1,"execution":"gpu-recorded"}
{"phase":"adapter","worker":3,"cycle":2,"execution":"gpu-recorded"}
{"phase":"device","worker":3,"cycle":2,"execution":"gpu-recorded"}
{"phase":"prepare","worker":3,"cycle":2,"execution":"gpu-recorded"}
{"phase":"adapter","worker":3,"cycle":3,"execution":"gpu-recorded"}
{"phase":"device","worker":3,"cycle":3,"execution":"gpu-recorded"}
{"phase":"prepare","worker":3,"cycle":3,"execution":"gpu-recorded"}
{"phase":"adapter","worker":3,"cycle":4,"execution":"gpu-recorded"}
{"phase":"device","worker":3,"cycle":4,"execution":"gpu-recorded"}
{"phase":"prepare","worker":3,"cycle":4,"execution":"gpu-recorded"}
{"phase":"adapter","worker":3,"cycle":5,"execution":"gpu-recorded"}
{"phase":"device","worker":3,"cycle":5,"execution":"gpu-recorded"}
{"phase":"prepare","worker":3,"cycle":5,"execution":"gpu-recorded"}
{"phase":"adapter","worker":3,"cycle":6,"execution":"gpu-recorded"}
{"phase":"device","worker":3,"cycle":6,"execution":"gpu-recorded"}
{"phase":"prepare","worker":3,"cycle":6,"execution":"gpu-recorded"}
{"phase":"adapter","worker":3,"cycle":7,"execution":"gpu-recorded"}
{"phase":"device","worker":3,"cycle":7,"execution":"gpu-recorded"}
{"phase":"prepare","worker":3,"cycle":7,"execution":"gpu-recorded"}
[Thread 0x7fffeca9d6c0 (LWP 4074224) exited]
[New Thread 0x7fff14dff6c0 (LWP 4075218)]
[New Thread 0x7fffb5bff6c0 (LWP 4075219)]
[Thread 0x7fff14dff6c0 (LWP 4075218) exited]
[Thread 0x7fffb5bff6c0 (LWP 4075219) exited]
[Thread 0x7fffb67ff6c0 (LWP 4075217) exited]
[Thread 0x7fffb73ff6c0 (LWP 4075216) exited]
[New Thread 0x7fffb67ff6c0 (LWP 4075227)]
[New Thread 0x7fffb73ff6c0 (LWP 4075228)]
[New Thread 0x7fffb5bff6c0 (LWP 4075232)]
[New Thread 0x7fff14dff6c0 (LWP 4075233)]
[Thread 0x7fffb5bff6c0 (LWP 4075232) exited]
[Thread 0x7fff14dff6c0 (LWP 4075233) exited]
[Thread 0x7fffb67ff6c0 (LWP 4075227) exited]
[Thread 0x7fffb73ff6c0 (LWP 4075228) exited]
[New Thread 0x7fffb73ff6c0 (LWP 4075245)]
[New Thread 0x7fffb67ff6c0 (LWP 4075246)]
[New Thread 0x7fff14dff6c0 (LWP 4075250)]
[New Thread 0x7fffb5bff6c0 (LWP 4075251)]
[Thread 0x7fff14dff6c0 (LWP 4075250) exited]
[Thread 0x7fffb5bff6c0 (LWP 4075251) exited]
{"worker":2,"execution":"gpu-recorded","cycles":8,"runs":32,"status":"passed"}
[Thread 0x7fffb73ff6c0 (LWP 4075245) exited]
[Thread 0x7fffb67ff6c0 (LWP 4075246) exited]
{"phase":"waiting","worker":2,"value":1,"type":"[object SharedArrayBuffer]"}
{"phase":"started","worker":2}
{"phase":"adapter","worker":2,"cycle":0,"execution":"webgpu"}
{"phase":"device","worker":2,"cycle":0,"execution":"webgpu"}
{"phase":"prepare","worker":2,"cycle":0,"execution":"webgpu"}
{"phase":"adapter","worker":2,"cycle":1,"execution":"webgpu"}
{"phase":"device","worker":2,"cycle":1,"execution":"webgpu"}
{"phase":"prepare","worker":2,"cycle":1,"execution":"webgpu"}
{"phase":"adapter","worker":2,"cycle":2,"execution":"webgpu"}
{"phase":"device","worker":2,"cycle":2,"execution":"webgpu"}
{"phase":"prepare","worker":2,"cycle":2,"execution":"webgpu"}
{"phase":"adapter","worker":2,"cycle":3,"execution":"webgpu"}
{"phase":"device","worker":2,"cycle":3,"execution":"webgpu"}
{"phase":"prepare","worker":2,"cycle":3,"execution":"webgpu"}
{"phase":"adapter","worker":2,"cycle":4,"execution":"webgpu"}
{"phase":"device","worker":2,"cycle":4,"execution":"webgpu"}
{"phase":"prepare","worker":2,"cycle":4,"execution":"webgpu"}
{"phase":"adapter","worker":2,"cycle":5,"execution":"webgpu"}
{"phase":"device","worker":2,"cycle":5,"execution":"webgpu"}
{"phase":"prepare","worker":2,"cycle":5,"execution":"webgpu"}
{"phase":"adapter","worker":2,"cycle":6,"execution":"webgpu"}
{"phase":"device","worker":2,"cycle":6,"execution":"webgpu"}
{"phase":"prepare","worker":2,"cycle":6,"execution":"webgpu"}
{"phase":"adapter","worker":2,"cycle":7,"execution":"webgpu"}
{"phase":"device","worker":2,"cycle":7,"execution":"webgpu"}
{"phase":"prepare","worker":2,"cycle":7,"execution":"webgpu"}
{"phase":"adapter","worker":2,"cycle":0,"execution":"native-recorded"}
{"phase":"device","worker":2,"cycle":0,"execution":"native-recorded"}
{"phase":"prepare","worker":2,"cycle":0,"execution":"native-recorded"}
{"phase":"adapter","worker":2,"cycle":1,"execution":"native-recorded"}
{"phase":"device","worker":2,"cycle":1,"execution":"native-recorded"}
{"phase":"prepare","worker":2,"cycle":1,"execution":"native-recorded"}
{"phase":"adapter","worker":2,"cycle":2,"execution":"native-recorded"}
{"phase":"device","worker":2,"cycle":2,"execution":"native-recorded"}
{"phase":"prepare","worker":2,"cycle":2,"execution":"native-recorded"}
{"phase":"adapter","worker":2,"cycle":3,"execution":"native-recorded"}
{"phase":"device","worker":2,"cycle":3,"execution":"native-recorded"}
{"phase":"prepare","worker":2,"cycle":3,"execution":"native-recorded"}
{"phase":"adapter","worker":2,"cycle":4,"execution":"native-recorded"}
{"phase":"device","worker":2,"cycle":4,"execution":"native-recorded"}
{"phase":"prepare","worker":2,"cycle":4,"execution":"native-recorded"}
{"phase":"adapter","worker":2,"cycle":5,"execution":"native-recorded"}
{"phase":"device","worker":2,"cycle":5,"execution":"native-recorded"}
{"phase":"prepare","worker":2,"cycle":5,"execution":"native-recorded"}
{"phase":"adapter","worker":2,"cycle":6,"execution":"native-recorded"}
{"phase":"device","worker":2,"cycle":6,"execution":"native-recorded"}
{"phase":"prepare","worker":2,"cycle":6,"execution":"native-recorded"}
{"phase":"adapter","worker":2,"cycle":7,"execution":"native-recorded"}
{"phase":"device","worker":2,"cycle":7,"execution":"native-recorded"}
{"phase":"prepare","worker":2,"cycle":7,"execution":"native-recorded"}
{"phase":"adapter","worker":2,"cycle":0,"execution":"gpu-recorded"}
{"phase":"device","worker":2,"cycle":0,"execution":"gpu-recorded"}
{"phase":"prepare","worker":2,"cycle":0,"execution":"gpu-recorded"}
{"phase":"adapter","worker":2,"cycle":1,"execution":"gpu-recorded"}
{"phase":"device","worker":2,"cycle":1,"execution":"gpu-recorded"}
{"phase":"prepare","worker":2,"cycle":1,"execution":"gpu-recorded"}
{"phase":"adapter","worker":2,"cycle":2,"execution":"gpu-recorded"}
{"phase":"device","worker":2,"cycle":2,"execution":"gpu-recorded"}
{"phase":"prepare","worker":2,"cycle":2,"execution":"gpu-recorded"}
{"phase":"adapter","worker":2,"cycle":3,"execution":"gpu-recorded"}
{"phase":"device","worker":2,"cycle":3,"execution":"gpu-recorded"}
{"phase":"prepare","worker":2,"cycle":3,"execution":"gpu-recorded"}
{"phase":"adapter","worker":2,"cycle":4,"execution":"gpu-recorded"}
{"phase":"device","worker":2,"cycle":4,"execution":"gpu-recorded"}
{"phase":"prepare","worker":2,"cycle":4,"execution":"gpu-recorded"}
{"phase":"adapter","worker":2,"cycle":5,"execution":"gpu-recorded"}
{"phase":"device","worker":2,"cycle":5,"execution":"gpu-recorded"}
{"phase":"prepare","worker":2,"cycle":5,"execution":"gpu-recorded"}
{"phase":"adapter","worker":2,"cycle":6,"execution":"gpu-recorded"}
{"phase":"device","worker":2,"cycle":6,"execution":"gpu-recorded"}
{"phase":"prepare","worker":2,"cycle":6,"execution":"gpu-recorded"}
{"phase":"adapter","worker":2,"cycle":7,"execution":"gpu-recorded"}
{"phase":"device","worker":2,"cycle":7,"execution":"gpu-recorded"}
{"phase":"prepare","worker":2,"cycle":7,"execution":"gpu-recorded"}
[Thread 0x7fffece9e6c0 (LWP 4074223) exited]
[New Thread 0x7fffb67ff6c0 (LWP 4075253)]
[New Thread 0x7fffb73ff6c0 (LWP 4075255)]
[Thread 0x7fffb67ff6c0 (LWP 4075253) exited]
[Thread 0x7fffb73ff6c0 (LWP 4075255) exited]
[New Thread 0x7fffb73ff6c0 (LWP 4075261)]
[New Thread 0x7fffb67ff6c0 (LWP 4075262)]
[Thread 0x7fffb73ff6c0 (LWP 4075261) exited]
[Thread 0x7fffb67ff6c0 (LWP 4075262) exited]
{"worker":0,"execution":"gpu-recorded","cycles":8,"runs":32,"status":"passed"}
{"phase":"waiting","worker":0,"value":1,"type":"[object SharedArrayBuffer]"}
{"phase":"started","worker":0}
{"phase":"adapter","worker":0,"cycle":0,"execution":"webgpu"}
{"phase":"device","worker":0,"cycle":0,"execution":"webgpu"}
{"phase":"prepare","worker":0,"cycle":0,"execution":"webgpu"}
{"phase":"adapter","worker":0,"cycle":1,"execution":"webgpu"}
{"phase":"device","worker":0,"cycle":1,"execution":"webgpu"}
{"phase":"prepare","worker":0,"cycle":1,"execution":"webgpu"}
{"phase":"adapter","worker":0,"cycle":2,"execution":"webgpu"}
{"phase":"device","worker":0,"cycle":2,"execution":"webgpu"}
{"phase":"prepare","worker":0,"cycle":2,"execution":"webgpu"}
{"phase":"adapter","worker":0,"cycle":3,"execution":"webgpu"}
{"phase":"device","worker":0,"cycle":3,"execution":"webgpu"}
{"phase":"prepare","worker":0,"cycle":3,"execution":"webgpu"}
{"phase":"adapter","worker":0,"cycle":4,"execution":"webgpu"}
{"phase":"device","worker":0,"cycle":4,"execution":"webgpu"}
{"phase":"prepare","worker":0,"cycle":4,"execution":"webgpu"}
{"phase":"adapter","worker":0,"cycle":5,"execution":"webgpu"}
{"phase":"device","worker":0,"cycle":5,"execution":"webgpu"}
{"phase":"prepare","worker":0,"cycle":5,"execution":"webgpu"}
{"phase":"adapter","worker":0,"cycle":6,"execution":"webgpu"}
{"phase":"device","worker":0,"cycle":6,"execution":"webgpu"}
{"phase":"prepare","worker":0,"cycle":6,"execution":"webgpu"}
{"phase":"adapter","worker":0,"cycle":7,"execution":"webgpu"}
{"phase":"device","worker":0,"cycle":7,"execution":"webgpu"}
{"phase":"prepare","worker":0,"cycle":7,"execution":"webgpu"}
{"phase":"adapter","worker":0,"cycle":0,"execution":"native-recorded"}
{"phase":"device","worker":0,"cycle":0,"execution":"native-recorded"}
{"phase":"prepare","worker":0,"cycle":0,"execution":"native-recorded"}
{"phase":"adapter","worker":0,"cycle":1,"execution":"native-recorded"}
{"phase":"device","worker":0,"cycle":1,"execution":"native-recorded"}
{"phase":"prepare","worker":0,"cycle":1,"execution":"native-recorded"}
{"phase":"adapter","worker":0,"cycle":2,"execution":"native-recorded"}
{"phase":"device","worker":0,"cycle":2,"execution":"native-recorded"}
{"phase":"prepare","worker":0,"cycle":2,"execution":"native-recorded"}
{"phase":"adapter","worker":0,"cycle":3,"execution":"native-recorded"}
{"phase":"device","worker":0,"cycle":3,"execution":"native-recorded"}
{"phase":"prepare","worker":0,"cycle":3,"execution":"native-recorded"}
{"phase":"adapter","worker":0,"cycle":4,"execution":"native-recorded"}
{"phase":"device","worker":0,"cycle":4,"execution":"native-recorded"}
{"phase":"prepare","worker":0,"cycle":4,"execution":"native-recorded"}
{"phase":"adapter","worker":0,"cycle":5,"execution":"native-recorded"}
{"phase":"device","worker":0,"cycle":5,"execution":"native-recorded"}
{"phase":"prepare","worker":0,"cycle":5,"execution":"native-recorded"}
{"phase":"adapter","worker":0,"cycle":6,"execution":"native-recorded"}
{"phase":"device","worker":0,"cycle":6,"execution":"native-recorded"}
{"phase":"prepare","worker":0,"cycle":6,"execution":"native-recorded"}
{"phase":"adapter","worker":0,"cycle":7,"execution":"native-recorded"}
{"phase":"device","worker":0,"cycle":7,"execution":"native-recorded"}
{"phase":"prepare","worker":0,"cycle":7,"execution":"native-recorded"}
{"phase":"adapter","worker":0,"cycle":0,"execution":"gpu-recorded"}
{"phase":"device","worker":0,"cycle":0,"execution":"gpu-recorded"}
{"phase":"prepare","worker":0,"cycle":0,"execution":"gpu-recorded"}
{"phase":"adapter","worker":0,"cycle":1,"execution":"gpu-recorded"}
{"phase":"device","worker":0,"cycle":1,"execution":"gpu-recorded"}
{"phase":"prepare","worker":0,"cycle":1,"execution":"gpu-recorded"}
{"phase":"adapter","worker":0,"cycle":2,"execution":"gpu-recorded"}
{"phase":"device","worker":0,"cycle":2,"execution":"gpu-recorded"}
{"phase":"prepare","worker":0,"cycle":2,"execution":"gpu-recorded"}
{"phase":"adapter","worker":0,"cycle":3,"execution":"gpu-recorded"}
{"phase":"device","worker":0,"cycle":3,"execution":"gpu-recorded"}
{"phase":"prepare","worker":0,"cycle":3,"execution":"gpu-recorded"}
{"phase":"adapter","worker":0,"cycle":4,"execution":"gpu-recorded"}
{"phase":"device","worker":0,"cycle":4,"execution":"gpu-recorded"}
{"phase":"prepare","worker":0,"cycle":4,"execution":"gpu-recorded"}
{"phase":"adapter","worker":0,"cycle":5,"execution":"gpu-recorded"}
{"phase":"device","worker":0,"cycle":5,"execution":"gpu-recorded"}
{"phase":"prepare","worker":0,"cycle":5,"execution":"gpu-recorded"}
{"phase":"adapter","worker":0,"cycle":6,"execution":"gpu-recorded"}
{"phase":"device","worker":0,"cycle":6,"execution":"gpu-recorded"}
{"phase":"prepare","worker":0,"cycle":6,"execution":"gpu-recorded"}
{"phase":"adapter","worker":0,"cycle":7,"execution":"gpu-recorded"}
{"phase":"device","worker":0,"cycle":7,"execution":"gpu-recorded"}
{"phase":"prepare","worker":0,"cycle":7,"execution":"gpu-recorded"}
[Thread 0x7fffed6a06c0 (LWP 4074220) exited]
PASS: concurrent isolated devices, repeated creation, accepted outputs, and teardown
[Thread 0x7fffee7fc6c0 (LWP 4074208) exited]
[Thread 0x7fffedffb6c0 (LWP 4074209) exited]
[Thread 0x7fffeeffd6c0 (LWP 4074207) exited]
[Thread 0x7fffef7fe6c0 (LWP 4074206) exited]
[Thread 0x7fffeffff6c0 (LWP 4074205) exited]
[Thread 0x7ffff344d6c0 (LWP 4074210) exited]
[Inferior 1 (process 4074148) exited normally]
