
This GDB supports auto-downloading debuginfo from the following URLs:
  <https://debuginfod.ubuntu.com>
Enable debuginfod for this session? (y or [n]) [answered N; input not from terminal]
Debuginfod has been disabled.
To make this setting permanent, add 'set debuginfod enabled off' to .gdbinit.
[Thread debugging using libthread_db enabled]
Using host libthread_db library "/usr/lib/x86_64-linux-gnu/libthread_db.so.1".
{"worker":0,"execution":"webgpu","cycles":8,"runs":32,"status":"passed"}
{"worker":3,"execution":"webgpu","cycles":8,"runs":32,"status":"passed"}
{"worker":2,"execution":"webgpu","cycles":8,"runs":32,"status":"passed"}
{"worker":1,"execution":"webgpu","cycles":8,"runs":32,"status":"passed"}
{"worker":0,"execution":"native-recorded","cycles":8,"runs":32,"status":"passed"}
{"worker":3,"execution":"native-recorded","cycles":8,"runs":32,"status":"passed"}
{"worker":2,"execution":"native-recorded","cycles":8,"runs":32,"status":"passed"}
{"worker":1,"execution":"native-recorded","cycles":8,"runs":32,"status":"passed"}
{"worker":0,"execution":"gpu-recorded","cycles":8,"runs":32,"status":"passed"}
{"worker":3,"execution":"gpu-recorded","cycles":8,"runs":32,"status":"passed"}
{"worker":2,"execution":"gpu-recorded","cycles":8,"runs":32,"status":"passed"}
{"worker":1,"execution":"gpu-recorded","cycles":8,"runs":32,"status":"passed"}
PASS: concurrent isolated devices, repeated creation, accepted outputs, and teardown
[Inferior 1 (process 4107980) exited normally]
