$ zig build test test-full --summary all
Zig source architecture review signals:
src/backend/vulkan/native_runtime.zig: 1030 lines exceeds advisory review signal 800
src/backend/vulkan/vk_resources.zig: 1165 lines exceeds advisory review signal 800
src/compiler/tsir/digest.zig: 999 lines exceeds advisory review signal 800
src/compiler/tsir/emit_kernel_body.zig: 895 lines exceeds advisory review signal 800
src/compiler/tsir/frontend.zig: 885 lines exceeds advisory review signal 800
src/compiler/tsir/reference_extended_ops.zig: 841 lines exceeds advisory review signal 800
src/compiler/wgsl/emit/csl/emit_csl_exec_v1.zig: 989 lines exceeds advisory review signal 800
src/compiler/wgsl/emit/csl/emit_csl_host_compile_source.zig: 895 lines exceeds advisory review signal 800
src/compiler/wgsl/emit/csl/emit_csl_host_runtime.zig: 837 lines exceeds advisory review signal 800
src/compiler/wgsl/emit/csl/emit_csl_ir_walk.zig: 888 lines exceeds advisory review signal 800
src/compiler/wgsl/emit/csl/emit_csl_layout.zig: 911 lines exceeds advisory review signal 800
src/compiler/wgsl/emit/msl/emit_msl_ir.zig: 981 lines exceeds advisory review signal 800
src/compiler/wgsl/emit/spirv/emit_spirv_builtins.zig: 839 lines exceeds advisory review signal 800
src/compiler/wgsl/emit/spirv/emit_spirv_fn.zig: 1016 lines exceeds advisory review signal 800
src/compiler/wgsl/frontend/parser_expr.zig: 851 lines exceeds advisory review signal 800
src/compiler/wgsl/frontend/sema.zig: 806 lines exceeds advisory review signal 800
src/compiler/wgsl/ir/ir_transform_robustness.zig: 984 lines exceeds advisory review signal 800
src/compiler/wgsl/proof/dispatch_proof_match.zig: 890 lines exceeds advisory review signal 800
src/compiler/wgsl/proof/dispatch_uniform_bounds.zig: 878 lines exceeds advisory review signal 800
src/dropin/dropin_browser_shared_memory.zig: 806 lines exceeds advisory review signal 800
src/native/compute/doe_compute_fast.zig: 1062 lines exceeds advisory review signal 800
src/native/queue/doe_queue_submit_metal.zig: 837 lines exceeds advisory review signal 800
src/native/resource/doe_texture_sampler_native.zig: 829 lines exceeds advisory review signal 800
src/native/shader/doe_shader_native.zig: 956 lines exceeds advisory review signal 800
src/native/vulkan/vulkan_compute_native.zig: 835 lines exceeds advisory review signal 800
src/runtime/trace/trace.zig: 879 lines exceeds advisory review signal 800
src/spatial/csl/csl_host_plan_tool.zig: 828 lines exceeds advisory review signal 800
test-full
+- run test stderr
[default] (warn): doe: createShaderModule failed: unsupported sType 0xffffffff
[default] (warn): doe: createComputePipeline failed: shader module is null or invalid. Ensure createShaderModule succeeded (check stderr for WGSL translation errors).
[default] (warn): doe: createShaderModule failed: MTLLibrary creation returned null
[default] (warn): doe_compute_preconditions: storage dispatch precondition failed: requiredBytes=3072 boundBytes=2047 kind=flat_index_2d_dispatch_x group=0 binding=1
[default] (warn): doe_compute_preconditions: storage dispatch precondition failed: buffer missing group=0 binding=0
test
+- run test stderr
[default] (warn): doe: createShaderModule failed: unsupported sType 0xffffffff
[default] (warn): doe: createComputePipeline failed: shader module is null or invalid. Ensure createShaderModule succeeded (check stderr for WGSL translation errors).
[default] (warn): doe: createShaderModule failed: MTLLibrary creation returned null
[default] (warn): doe_compute_preconditions: storage dispatch precondition failed: requiredBytes=3072 boundBytes=2047 kind=flat_index_2d_dispatch_x group=0 binding=1
[default] (warn): doe_compute_preconditions: storage dispatch precondition failed: buffer missing group=0 binding=0

Build Summary: 14/14 steps succeeded; 4692/4714 tests passed; 22 skipped
test success
+- zig fmt --check success
+- run python3 success 908ms MaxRSS:13M
+- run python3 success 481ms MaxRSS:27M
+- run python3 success 40ms MaxRSS:21M
+- run python3 success 48ms MaxRSS:20M
+- run python3 success 34ms MaxRSS:21M
+- run python3 success 89ms MaxRSS:12M
+- run test 2331 passed 11 skipped 2s MaxRSS:75M
   +- compile test Debug native success 1s MaxRSS:319M
      +- options cached
test-full success
+- zig fmt --check (reused)
+- run python3 (reused)
+- run python3 (reused)
+- run python3 (reused)
+- run python3 (reused)
+- run python3 (reused)
+- run python3 (reused)
+- run test 2361 passed 11 skipped 2s MaxRSS:74M
   +- compile test Debug native success 1s MaxRSS:324M
      +- options (reused)


exitCode=0
$ zig build dropin -Doptimize=ReleaseFast --prefix /tmp/doe-surface-20260928/candidate

exitCode=0
$ python3 /tmp/doe-surface-20260928/run-tests.py
normal 0 [{'observer': True, 'acquires': 9, 'presents': 8, 'signals': 8, 'injectedFailures': 0, 'violations': 0, 'liveSwapchains': 0, 'liveFences': 0, 'liveSemaphores': 0, 'liveImageViews': 0}]
empty 0 [{'observer': True, 'acquires': 10, 'presents': 9, 'signals': 9, 'injectedFailures': 0, 'violations': 0, 'liveSwapchains': 0, 'liveFences': 0, 'liveSemaphores': 0, 'liveImageViews': 0}]
submit-reject 0 [{'observer': True, 'acquires': 9, 'presents': 8, 'signals': 8, 'injectedFailures': 1, 'violations': 0, 'liveSwapchains': 0, 'liveFences': 0, 'liveSemaphores': 0, 'liveImageViews': 0}]
present-reject 0 [{'observer': True, 'acquires': 9, 'presents': 8, 'signals': 8, 'injectedFailures': 1, 'violations': 0, 'liveSwapchains': 0, 'liveFences': 0, 'liveSemaphores': 0, 'liveImageViews': 0}]
outdated 0 [{'observer': True, 'acquires': 9, 'presents': 8, 'signals': 8, 'injectedFailures': 1, 'violations': 0, 'liveSwapchains': 0, 'liveFences': 0, 'liveSemaphores': 0, 'liveImageViews': 0}]
acquire-wait 0 [{'observer': True, 'acquires': 10, 'presents': 8, 'signals': 8, 'injectedFailures': 3, 'violations': 0, 'liveSwapchains': 0, 'liveFences': 0, 'liveSemaphores': 0, 'liveImageViews': 0}]
present-wait 0 [{'observer': True, 'acquires': 9, 'presents': 8, 'signals': 8, 'injectedFailures': 3, 'violations': 0, 'liveSwapchains': 0, 'liveFences': 0, 'liveSemaphores': 0, 'liveImageViews': 0}]
create-fence 0 [{'observer': True, 'acquires': 9, 'presents': 8, 'signals': 8, 'injectedFailures': 1, 'violations': 0, 'liveSwapchains': 0, 'liveFences': 0, 'liveSemaphores': 0, 'liveImageViews': 0}]
create-view 0 [{'observer': True, 'acquires': 9, 'presents': 8, 'signals': 8, 'injectedFailures': 1, 'violations': 0, 'liveSwapchains': 0, 'liveFences': 0, 'liveSemaphores': 0, 'liveImageViews': 0}]
create-semaphore 0 [{'observer': True, 'acquires': 9, 'presents': 8, 'signals': 8, 'injectedFailures': 1, 'violations': 0, 'liveSwapchains': 0, 'liveFences': 0, 'liveSemaphores': 0, 'liveImageViews': 0}]
images 0 [{'observer': True, 'acquires': 9, 'presents': 8, 'signals': 8, 'injectedFailures': 1, 'violations': 0, 'liveSwapchains': 0, 'liveFences': 0, 'liveSemaphores': 0, 'liveImageViews': 0}]
unsupported 0 [{'observer': True, 'acquires': 0, 'presents': 0, 'signals': 0, 'injectedFailures': 1, 'violations': 0, 'liveSwapchains': 0, 'liveFences': 0, 'liveSemaphores': 0, 'liveImageViews': 0}]
device-lost 0 [{'observer': True, 'acquires': 1, 'presents': 0, 'signals': 0, 'injectedFailures': 1, 'violations': 0, 'liveSwapchains': 0, 'liveFences': 0, 'liveSemaphores': 0, 'liveImageViews': 0}]

exitCode=0
$ python3 bench/gates/schema_gate.py
PASS

exitCode=0
$ python3 bench/gates/catscan_gate.py
CATSCAN PASS: 22 charters; index=docs/component-index.md

exitCode=0
$ git diff --check

exitCode=0
$ python3 runtime/zig/tools/review_log.py --check --base-ref 2f2c495f6
Review log and queue valid; unfinished coverage remains explicit.

exitCode=0
$ python3 -m unittest bench.tests.test_doc_link_coverage
.
----------------------------------------------------------------------
Ran 1 test in 0.016s

OK

exitCode=0
$ git diff --check

exitCode=0
$ git diff --cached --check

exitCode=0
$ python3 runtime/zig/tools/review_log.py --check --base-ref 2f2c495f6
Review log and queue valid; unfinished coverage remains explicit.

exitCode=0
