source layout violations detected:
module decision review is stale for src/backend/vulkan/vk_compute_sync.zig: expected 579dde7ec4b2eb3f6f562e544ceaa5aa6ed42c2573fffb5900b64955e23f8b6c, got 78421ff685292f8cbfb42776c3acacadb46b91dafe6ba116f15792a15cd17eb9
module decision review is stale for src/backend/vulkan/vk_constants.zig: expected 2bb9ef74b74bef85086b0195d372b9cbe035150cffd8c4c8a09c92c891e1dfba, got 92c57c53dabcc58182a349031a9aa956446f2315ece1eebe5a0adcb45ba71628
module decision review is stale for src/backend/vulkan/vk_texture_commands.zig: expected 31817e1000a7176fb7a76f66b68d67c3505a799b3142e38b08116313c7742a2e, got 82b32dc3e8f756a9cd9c3c7db5b37dbbba0c62b093e6c7b0fb2845d6667561e0
Zig source architecture review signals:
src/backend/vulkan/native_runtime.zig: 1002 lines exceeds advisory review signal 800
src/backend/vulkan/vk_render.zig: 981 lines exceeds advisory review signal 800
src/backend/vulkan/vk_resources.zig: 1069 lines exceeds advisory review signal 800
src/backend/vulkan/vk_upload.zig: 843 lines exceeds advisory review signal 800
src/backend/vulkan/vulkan_surface.zig: 808 lines exceeds advisory review signal 800
src/compiler/tsir/digest.zig: 999 lines exceeds advisory review signal 800
src/compiler/tsir/emit_kernel_body.zig: 895 lines exceeds advisory review signal 800
src/compiler/tsir/frontend.zig: 885 lines exceeds advisory review signal 800
src/compiler/tsir/reference_extended_ops.zig: 841 lines exceeds advisory review signal 800
src/compiler/wgsl/emit/csl/emit_csl_exec_v1.zig: 989 lines exceeds advisory review signal 800
src/compiler/wgsl/emit/csl/emit_csl_host_compile_source.zig: 895 lines exceeds advisory review signal 800
src/compiler/wgsl/emit/csl/emit_csl_host_runtime.zig: 837 lines exceeds advisory review signal 800
src/compiler/wgsl/emit/csl/emit_csl_ir_walk.zig: 888 lines exceeds advisory review signal 800
src/compiler/wgsl/emit/csl/emit_csl_layout.zig: 911 lines exceeds advisory review signal 800
src/compiler/wgsl/emit/msl/emit_msl_ir.zig: 981 lines exceeds advisory review signal 800
src/compiler/wgsl/emit/spirv/emit_spirv_builtins.zig: 839 lines exceeds advisory review signal 800
src/compiler/wgsl/emit/spirv/emit_spirv_fn.zig: 1052 lines exceeds advisory review signal 800
src/compiler/wgsl/frontend/parser_expr.zig: 851 lines exceeds advisory review signal 800
src/compiler/wgsl/frontend/sema.zig: 806 lines exceeds advisory review signal 800
src/compiler/wgsl/ir/ir_transform_robustness.zig: 984 lines exceeds advisory review signal 800
src/compiler/wgsl/proof/dispatch_proof_match.zig: 890 lines exceeds advisory review signal 800
src/compiler/wgsl/proof/dispatch_uniform_bounds.zig: 878 lines exceeds advisory review signal 800
src/dropin/dropin_browser_shared_memory.zig: 806 lines exceeds advisory review signal 800
src/native/compute/doe_compute_fast.zig: 1062 lines exceeds advisory review signal 800
src/native/queue/doe_queue_submit_metal.zig: 837 lines exceeds advisory review signal 800
src/native/resource/doe_texture_sampler_native.zig: 829 lines exceeds advisory review signal 800
src/native/shader/doe_shader_native.zig: 956 lines exceeds advisory review signal 800
src/native/vulkan/vulkan_compute_native.zig: 835 lines exceeds advisory review signal 800
src/runtime/trace/trace.zig: 879 lines exceeds advisory review signal 800
src/spatial/csl/csl_host_plan_tool.zig: 828 lines exceeds advisory review signal 800
test
+- run python3 failure
error: the following command exited with error code 1:
python3 tools/check_source_layout.py
test
+- run test stderr
[default] (warn): doe: createShaderModule failed: unsupported sType 0xffffffff
[default] (warn): doe: createComputePipeline failed: shader module is null or invalid. Ensure createShaderModule succeeded (check stderr for WGSL translation errors).
[default] (warn): doe: createShaderModule failed: MTLLibrary creation returned null
[default] (warn): doe_compute_preconditions: storage dispatch precondition failed: requiredBytes=3072 boundBytes=2047 kind=flat_index_2d_dispatch_x group=0 binding=1
[default] (warn): doe_compute_preconditions: storage dispatch precondition failed: buffer missing group=0 binding=0

Build Summary: 14/16 steps succeeded; 1 failed; 2304/2315 tests passed; 11 skipped
test transitive failure
+- zig fmt --check success
+- run python3 success 833ms MaxRSS:14M
+- run python3 failure
+- run python3 success 37ms MaxRSS:22M
+- run python3 success 48ms MaxRSS:20M
+- run python3 success 33ms MaxRSS:21M
+- run python3 success 85ms MaxRSS:12M
+- run test 2304 passed 11 skipped 1s MaxRSS:57M
   +- compile test ReleaseFast native success 1m MaxRSS:1G
      +- options cached
dropin success
+- install webgpu_doe success
|  +- compile lib webgpu_doe ReleaseFast native success 30s MaxRSS:701M
|     +- options (reused)
+- install generated to share/doe-build-metadata.json cached
   +- WriteFile doe-build-metadata.json cached

error: the following build command failed with exit code 1:
.zig-cache/o/86d3966de2181cb51681294a658c8891/build /home/x/.local/zig/zig-x86_64-linux-0.15.2/zig /home/x/.local/zig/zig-x86_64-linux-0.15.2/lib /home/x/deco/doe/runtime/zig .zig-cache /home/x/.cache/zig --seed 0x11885a61 -Z83314cc059e55b39 test dropin -Doptimize=ReleaseFast --prefix /home/x/deco/doe/bench/out/doppler-search/20260923-shader-owner/sync-native --summary all
