test-bench-metal-compute
+- run test failure
thread 2922898 panic: for loop over objects with non-equal lengths
/home/x/deco/doe/runtime/zig/bench/entrypoints/metal_compute_bench.zig:125:32: 0x102f344 in observe (metal_compute_bench.zig)
        for (expected, actual, 0..) |expected_byte, actual_byte, byte_index| {
                               ^
/home/x/deco/doe/runtime/zig/bench/entrypoints/metal_compute_bench.zig:285:78: 0x102f91a in test.Metal compute capture rejects inconsistent lengths before reading bytes (metal_compute_bench.zig)
    try std.testing.expectError(error.CaptureSizeMismatch, mismatches.observe(&.{ 1, 2 }, &.{1}, 0));
                                                                             ^
/home/x/.local/zig/zig-x86_64-linux-0.15.2/lib/compiler/test_runner.zig:130:29: 0x11559f3 in mainServer (test_runner.zig)
                test_fn.func() catch |err| switch (err) {
                            ^
/home/x/.local/zig/zig-x86_64-linux-0.15.2/lib/compiler/test_runner.zig:64:26: 0x1156c76 in main (test_runner.zig)
        return mainServer() catch @panic("internal test runner failure");
                         ^
/home/x/.local/zig/zig-x86_64-linux-0.15.2/lib/std/start.zig:618:22: 0x11512a5 in main (std.zig)
            root.main();
                     ^
../sysdeps/nptl/libc_start_call_main.h:59:16: 0x70ba5782a600 in __libc_start_call_main (../sysdeps/x86/libc-start.c)
../csu/libc-start.c:360:3: 0x70ba5782a717 in __libc_start_main_impl (../sysdeps/x86/libc-start.c)
???:?:?: 0x11b76b4 in ??? (???)
???:?:?: 0x0 in ??? (???)
error: while executing test 'metal_compute_bench.test.Metal compute capture rejects inconsistent lengths before reading bytes', the following command terminated with signal 6 (expected exited with code 0):
./.zig-cache/o/8cee4e3aff9b7ef41d27120f168465b5/test --cache-dir=./.zig-cache --seed=0x21b91c2d --listen=-

Build Summary: 4/6 steps succeeded; 1 failed; 1/1 tests passed
test-bench-metal-compute transitive failure
+- zig fmt --check success
+- run python3 success 437ms MaxRSS:27M
+- run test failure
   +- compile test Debug native success 279ms MaxRSS:138M
      +- options cached

error: the following build command failed with exit code 1:
.zig-cache/o/6cec7579ca74f548893c755382345c0e/build /home/x/.local/zig/zig-x86_64-linux-0.15.2/zig /home/x/.local/zig/zig-x86_64-linux-0.15.2/lib /home/x/deco/doe/runtime/zig .zig-cache /home/x/.cache/zig --seed 0x21b91c2d -Zdd7677ba112613e9 test-bench-metal-compute -j2 --summary all
