{"provider":{"module":"doe-gpu","loaded":true,"loadError":"","defaultCreateArgs":[],"doeNative":true,"libraryFlavor":"doe-dropin","doeLibraryPath":"/home/x/deco/doe/bench/out/onnx-webgpu-substitution/20261005/adapter/qualified/libwebgpu_doe.so","buildMetadataSource":"none","buildMetadataPath":"","leanVerifiedBuild":null,"proofArtifactSha256":null,"nativeFastPaths":{"appleFastPathCompiled":false,"queueFlush":true,"queueFlushBreakdown":true,"queueWriteBufferBatch":true,"queueWriteBufferBatchDataPtrs":true,"computeDispatchFlush":true,"computeDispatchFlushBreakdown":true,"computeDispatchBatchFlush":true,"computeDispatchBatchCopyFlush":true,"computeDispatchBatchCopyFlushBreakdown":true,"computePrewarmDispatchBindings":true,"bufferMapReadCopyUnmap":true}},"adapter":{"vendor":"AMD","architecture":"vulkan","device":"Radeon 8060S Graphics (RADV STRIX_HALO)","description":"Radeon 8060S Graphics (RADV STRIX_HALO)","isFallbackAdapter":false,"subgroupMinSize":32,"subgroupMaxSize":32,"vendorID":4098,"deviceID":5510,"driverVersion":109051907}}
{"label":"identifier rejection","code":"// identifier admission\nvar<private> alias: u32;","diagnostic":{"message":"Vulkan WGSL→SPIR-V compilation failed: parser: UnexpectedToken at 2:14 near `var<private> alias: u32;`","type":"error","lineNum":2,"linePos":14,"offset":0,"length":0}}
{"label":"identifier rejection","code":"// identifier admission\nvar<private> shared: u32;","diagnostic":{"message":"Vulkan WGSL→SPIR-V compilation failed: parser: UnexpectedToken at 2:14 near `var<private> shared: u32;`","type":"error","lineNum":2,"linePos":14,"offset":0,"length":0}}
{"label":"identifier rejection","code":"// identifier admission\nvar<private> target: u32;","diagnostic":{"message":"Vulkan WGSL→SPIR-V compilation failed: parser: UnexpectedToken at 2:14 near `var<private> target: u32;`","type":"error","lineNum":2,"linePos":14,"offset":0,"length":0}}
{"label":"identifier rejection","code":"// identifier admission\nvar<private> _: u32;","diagnostic":{"message":"Vulkan WGSL→SPIR-V compilation failed: parser: UnexpectedToken at 2:14 near `var<private> _: u32;`","type":"error","lineNum":2,"linePos":14,"offset":0,"length":0}}
{"label":"identifier rejection","code":"// identifier admission\nvar<private> __hidden: u32;","diagnostic":{"message":"Vulkan WGSL→SPIR-V compilation failed: parser: UnexpectedToken at 2:14 near `var<private> __hidden: u32;`","type":"error","lineNum":2,"linePos":14,"offset":0,"length":0}}
{"label":"identifier rejection","code":"// identifier admission\noverride alias: u32 = 1u;","diagnostic":{"message":"Vulkan WGSL→SPIR-V compilation failed: parser: UnexpectedToken at 2:10 near `override alias: u32 = 1u;`","type":"error","lineNum":2,"linePos":10,"offset":0,"length":0}}
{"label":"identifier rejection","code":"// identifier admission\noverride shared: u32 = 1u;","diagnostic":{"message":"Vulkan WGSL→SPIR-V compilation failed: parser: UnexpectedToken at 2:10 near `override shared: u32 = 1u;`","type":"error","lineNum":2,"linePos":10,"offset":0,"length":0}}
{"label":"identifier rejection","code":"// identifier admission\noverride target: u32 = 1u;","diagnostic":{"message":"Vulkan WGSL→SPIR-V compilation failed: parser: UnexpectedToken at 2:10 near `override target: u32 = 1u;`","type":"error","lineNum":2,"linePos":10,"offset":0,"length":0}}
{"label":"identifier rejection","code":"// identifier admission\noverride _: u32 = 1u;","diagnostic":{"message":"Vulkan WGSL→SPIR-V compilation failed: parser: UnexpectedToken at 2:10 near `override _: u32 = 1u;`","type":"error","lineNum":2,"linePos":10,"offset":0,"length":0}}
{"label":"identifier rejection","code":"// identifier admission\noverride __hidden: u32 = 1u;","diagnostic":{"message":"Vulkan WGSL→SPIR-V compilation failed: parser: UnexpectedToken at 2:10 near `override __hidden: u32 = 1u;`","type":"error","lineNum":2,"linePos":10,"offset":0,"length":0}}
{"label":"identifier rejection","code":"// identifier admission\nconst alias: u32 = 1u;","diagnostic":{"message":"Vulkan WGSL→SPIR-V compilation failed: parser: UnexpectedToken at 2:7 near `const alias: u32 = 1u;`","type":"error","lineNum":2,"linePos":7,"offset":0,"length":0}}
{"label":"identifier rejection","code":"// identifier admission\nconst shared: u32 = 1u;","diagnostic":{"message":"Vulkan WGSL→SPIR-V compilation failed: parser: UnexpectedToken at 2:7 near `const shared: u32 = 1u;`","type":"error","lineNum":2,"linePos":7,"offset":0,"length":0}}
{"label":"identifier rejection","code":"// identifier admission\nconst target: u32 = 1u;","diagnostic":{"message":"Vulkan WGSL→SPIR-V compilation failed: parser: UnexpectedToken at 2:7 near `const target: u32 = 1u;`","type":"error","lineNum":2,"linePos":7,"offset":0,"length":0}}
{"label":"identifier rejection","code":"// identifier admission\nconst _: u32 = 1u;","diagnostic":{"message":"Vulkan WGSL→SPIR-V compilation failed: parser: UnexpectedToken at 2:7 near `const _: u32 = 1u;`","type":"error","lineNum":2,"linePos":7,"offset":0,"length":0}}
{"label":"identifier rejection","code":"// identifier admission\nconst __hidden: u32 = 1u;","diagnostic":{"message":"Vulkan WGSL→SPIR-V compilation failed: parser: UnexpectedToken at 2:7 near `const __hidden: u32 = 1u;`","type":"error","lineNum":2,"linePos":7,"offset":0,"length":0}}
{"label":"identifier rejection","code":"// identifier admission\nalias alias = u32;","diagnostic":{"message":"Vulkan WGSL→SPIR-V compilation failed: parser: UnexpectedToken at 2:7 near `alias alias = u32;`","type":"error","lineNum":2,"linePos":7,"offset":0,"length":0}}
{"label":"identifier rejection","code":"// identifier admission\nalias shared = u32;","diagnostic":{"message":"Vulkan WGSL→SPIR-V compilation failed: parser: UnexpectedToken at 2:7 near `alias shared = u32;`","type":"error","lineNum":2,"linePos":7,"offset":0,"length":0}}
{"label":"identifier rejection","code":"// identifier admission\nalias target = u32;","diagnostic":{"message":"Vulkan WGSL→SPIR-V compilation failed: parser: UnexpectedToken at 2:7 near `alias target = u32;`","type":"error","lineNum":2,"linePos":7,"offset":0,"length":0}}
{"label":"identifier rejection","code":"// identifier admission\nalias _ = u32;","diagnostic":{"message":"Vulkan WGSL→SPIR-V compilation failed: parser: UnexpectedToken at 2:7 near `alias _ = u32;`","type":"error","lineNum":2,"linePos":7,"offset":0,"length":0}}
{"label":"identifier rejection","code":"// identifier admission\nalias __hidden = u32;","diagnostic":{"message":"Vulkan WGSL→SPIR-V compilation failed: parser: UnexpectedToken at 2:7 near `alias __hidden = u32;`","type":"error","lineNum":2,"linePos":7,"offset":0,"length":0}}
{"label":"identifier rejection","code":"// identifier admission\nstruct alias { value: u32, }","diagnostic":{"message":"Vulkan WGSL→SPIR-V compilation failed: parser: UnexpectedToken at 2:8 near `struct alias { value: u32, }`","type":"error","lineNum":2,"linePos":8,"offset":0,"length":0}}
{"label":"identifier rejection","code":"// identifier admission\nstruct shared { value: u32, }","diagnostic":{"message":"Vulkan WGSL→SPIR-V compilation failed: parser: UnexpectedToken at 2:8 near `struct shared { value: u32, }`","type":"error","lineNum":2,"linePos":8,"offset":0,"length":0}}
{"label":"identifier rejection","code":"// identifier admission\nstruct target { value: u32, }","diagnostic":{"message":"Vulkan WGSL→SPIR-V compilation failed: parser: UnexpectedToken at 2:8 near `struct target { value: u32, }`","type":"error","lineNum":2,"linePos":8,"offset":0,"length":0}}
{"label":"identifier rejection","code":"// identifier admission\nstruct _ { value: u32, }","diagnostic":{"message":"Vulkan WGSL→SPIR-V compilation failed: parser: UnexpectedToken at 2:8 near `struct _ { value: u32, }`","type":"error","lineNum":2,"linePos":8,"offset":0,"length":0}}
{"label":"identifier rejection","code":"// identifier admission\nstruct __hidden { value: u32, }","diagnostic":{"message":"Vulkan WGSL→SPIR-V compilation failed: parser: UnexpectedToken at 2:8 near `struct __hidden { value: u32, }`","type":"error","lineNum":2,"linePos":8,"offset":0,"length":0}}
{"label":"identifier rejection","code":"// identifier admission\nstruct Values { alias: u32, }","diagnostic":{"message":"Vulkan WGSL→SPIR-V compilation failed: parser: UnexpectedToken at 2:17 near `struct Values { alias: u32, }`","type":"error","lineNum":2,"linePos":17,"offset":0,"length":0}}
{"label":"identifier rejection","code":"// identifier admission\nstruct Values { shared: u32, }","diagnostic":{"message":"Vulkan WGSL→SPIR-V compilation failed: parser: UnexpectedToken at 2:17 near `struct Values { shared: u32, }`","type":"error","lineNum":2,"linePos":17,"offset":0,"length":0}}
{"label":"identifier rejection","code":"// identifier admission\nstruct Values { target: u32, }","diagnostic":{"message":"Vulkan WGSL→SPIR-V compilation failed: parser: UnexpectedToken at 2:17 near `struct Values { target: u32, }`","type":"error","lineNum":2,"linePos":17,"offset":0,"length":0}}
{"label":"identifier rejection","code":"// identifier admission\nstruct Values { _: u32, }","diagnostic":{"message":"Vulkan WGSL→SPIR-V compilation failed: parser: UnexpectedToken at 2:17 near `struct Values { _: u32, }`","type":"error","lineNum":2,"linePos":17,"offset":0,"length":0}}
{"label":"identifier rejection","code":"// identifier admission\nstruct Values { __hidden: u32, }","diagnostic":{"message":"Vulkan WGSL→SPIR-V compilation failed: parser: UnexpectedToken at 2:17 near `struct Values { __hidden: u32, }`","type":"error","lineNum":2,"linePos":17,"offset":0,"length":0}}
{"label":"identifier rejection","code":"// identifier admission\nfn alias() {}","diagnostic":{"message":"Vulkan WGSL→SPIR-V compilation failed: parser: UnexpectedToken at 2:4 near `fn alias() {}`","type":"error","lineNum":2,"linePos":4,"offset":0,"length":0}}
{"label":"identifier rejection","code":"// identifier admission\nfn shared() {}","diagnostic":{"message":"Vulkan WGSL→SPIR-V compilation failed: parser: UnexpectedToken at 2:4 near `fn shared() {}`","type":"error","lineNum":2,"linePos":4,"offset":0,"length":0}}
{"label":"identifier rejection","code":"// identifier admission\nfn target() {}","diagnostic":{"message":"Vulkan WGSL→SPIR-V compilation failed: parser: UnexpectedToken at 2:4 near `fn target() {}`","type":"error","lineNum":2,"linePos":4,"offset":0,"length":0}}
{"label":"identifier rejection","code":"// identifier admission\nfn _() {}","diagnostic":{"message":"Vulkan WGSL→SPIR-V compilation failed: parser: UnexpectedToken at 2:4 near `fn _() {}`","type":"error","lineNum":2,"linePos":4,"offset":0,"length":0}}
{"label":"identifier rejection","code":"// identifier admission\nfn __hidden() {}","diagnostic":{"message":"Vulkan WGSL→SPIR-V compilation failed: parser: UnexpectedToken at 2:4 near `fn __hidden() {}`","type":"error","lineNum":2,"linePos":4,"offset":0,"length":0}}
{"label":"identifier rejection","code":"// identifier admission\nfn helper(alias: u32) {}","diagnostic":{"message":"Vulkan WGSL→SPIR-V compilation failed: parser: UnexpectedToken at 2:11 near `fn helper(alias: u32) {}`","type":"error","lineNum":2,"linePos":11,"offset":0,"length":0}}
{"label":"identifier rejection","code":"// identifier admission\nfn helper(shared: u32) {}","diagnostic":{"message":"Vulkan WGSL→SPIR-V compilation failed: parser: UnexpectedToken at 2:11 near `fn helper(shared: u32) {}`","type":"error","lineNum":2,"linePos":11,"offset":0,"length":0}}
{"label":"identifier rejection","code":"// identifier admission\nfn helper(target: u32) {}","diagnostic":{"message":"Vulkan WGSL→SPIR-V compilation failed: parser: UnexpectedToken at 2:11 near `fn helper(target: u32) {}`","type":"error","lineNum":2,"linePos":11,"offset":0,"length":0}}
{"label":"identifier rejection","code":"// identifier admission\nfn helper(_: u32) {}","diagnostic":{"message":"Vulkan WGSL→SPIR-V compilation failed: parser: UnexpectedToken at 2:11 near `fn helper(_: u32) {}`","type":"error","lineNum":2,"linePos":11,"offset":0,"length":0}}
{"label":"identifier rejection","code":"// identifier admission\nfn helper(__hidden: u32) {}","diagnostic":{"message":"Vulkan WGSL→SPIR-V compilation failed: parser: UnexpectedToken at 2:11 near `fn helper(__hidden: u32) {}`","type":"error","lineNum":2,"linePos":11,"offset":0,"length":0}}
{"label":"identifier rejection","code":"// identifier admission\nfn main() { var alias: u32; }","diagnostic":{"message":"Vulkan WGSL→SPIR-V compilation failed: parser: UnexpectedToken at 2:17 near `fn main() { var alias: u32; }`","type":"error","lineNum":2,"linePos":17,"offset":0,"length":0}}
{"label":"identifier rejection","code":"// identifier admission\nfn main() { var shared: u32; }","diagnostic":{"message":"Vulkan WGSL→SPIR-V compilation failed: parser: UnexpectedToken at 2:17 near `fn main() { var shared: u32; }`","type":"error","lineNum":2,"linePos":17,"offset":0,"length":0}}
{"label":"identifier rejection","code":"// identifier admission\nfn main() { var target: u32; }","diagnostic":{"message":"Vulkan WGSL→SPIR-V compilation failed: parser: UnexpectedToken at 2:17 near `fn main() { var target: u32; }`","type":"error","lineNum":2,"linePos":17,"offset":0,"length":0}}
{"label":"identifier rejection","code":"// identifier admission\nfn main() { var _: u32; }","diagnostic":{"message":"Vulkan WGSL→SPIR-V compilation failed: parser: UnexpectedToken at 2:17 near `fn main() { var _: u32; }`","type":"error","lineNum":2,"linePos":17,"offset":0,"length":0}}
{"label":"identifier rejection","code":"// identifier admission\nfn main() { var __hidden: u32; }","diagnostic":{"message":"Vulkan WGSL→SPIR-V compilation failed: parser: UnexpectedToken at 2:17 near `fn main() { var __hidden: u32; }`","type":"error","lineNum":2,"linePos":17,"offset":0,"length":0}}
{"label":"identifier rejection","code":"// identifier admission\nfn main() { let alias = 1u; }","diagnostic":{"message":"Vulkan WGSL→SPIR-V compilation failed: parser: UnexpectedToken at 2:17 near `fn main() { let alias = 1u; }`","type":"error","lineNum":2,"linePos":17,"offset":0,"length":0}}
{"label":"identifier rejection","code":"// identifier admission\nfn main() { let shared = 1u; }","diagnostic":{"message":"Vulkan WGSL→SPIR-V compilation failed: parser: UnexpectedToken at 2:17 near `fn main() { let shared = 1u; }`","type":"error","lineNum":2,"linePos":17,"offset":0,"length":0}}
{"label":"identifier rejection","code":"// identifier admission\nfn main() { let target = 1u; }","diagnostic":{"message":"Vulkan WGSL→SPIR-V compilation failed: parser: UnexpectedToken at 2:17 near `fn main() { let target = 1u; }`","type":"error","lineNum":2,"linePos":17,"offset":0,"length":0}}
{"label":"identifier rejection","code":"// identifier admission\nfn main() { let _ = 1u; }","diagnostic":{"message":"Vulkan WGSL→SPIR-V compilation failed: parser: UnexpectedToken at 2:17 near `fn main() { let _ = 1u; }`","type":"error","lineNum":2,"linePos":17,"offset":0,"length":0}}
{"label":"identifier rejection","code":"// identifier admission\nfn main() { let __hidden = 1u; }","diagnostic":{"message":"Vulkan WGSL→SPIR-V compilation failed: parser: UnexpectedToken at 2:17 near `fn main() { let __hidden = 1u; }`","type":"error","lineNum":2,"linePos":17,"offset":0,"length":0}}
{"label":"identifier rejection","code":"// identifier admission\nfn main() { const alias = 1u; }","diagnostic":{"message":"Vulkan WGSL→SPIR-V compilation failed: parser: UnexpectedToken at 2:19 near `fn main() { const alias = 1u; }`","type":"error","lineNum":2,"linePos":19,"offset":0,"length":0}}
{"label":"identifier rejection","code":"// identifier admission\nfn main() { const shared = 1u; }","diagnostic":{"message":"Vulkan WGSL→SPIR-V compilation failed: parser: UnexpectedToken at 2:19 near `fn main() { const shared = 1u; }`","type":"error","lineNum":2,"linePos":19,"offset":0,"length":0}}
{"label":"identifier rejection","code":"// identifier admission\nfn main() { const target = 1u; }","diagnostic":{"message":"Vulkan WGSL→SPIR-V compilation failed: parser: UnexpectedToken at 2:19 near `fn main() { const target = 1u; }`","type":"error","lineNum":2,"linePos":19,"offset":0,"length":0}}
{"label":"identifier rejection","code":"// identifier admission\nfn main() { const _ = 1u; }","diagnostic":{"message":"Vulkan WGSL→SPIR-V compilation failed: parser: UnexpectedToken at 2:19 near `fn main() { const _ = 1u; }`","type":"error","lineNum":2,"linePos":19,"offset":0,"length":0}}
{"label":"identifier rejection","code":"// identifier admission\nfn main() { const __hidden = 1u; }","diagnostic":{"message":"Vulkan WGSL→SPIR-V compilation failed: parser: UnexpectedToken at 2:19 near `fn main() { const __hidden = 1u; }`","type":"error","lineNum":2,"linePos":19,"offset":0,"length":0}}
ok: declaration identifier diagnostics
{"label":"contextual member names and valid aliases remain executable","path":"batched","sourceSha256":"82e39a4774e1ddbee5aceb0d73ba454403e960b9b39dac08611ccad5f2f40e78","entryPoint":"main","dispatch":1,"actual":[16],"expected":[16]}
ok: contextual member names and valid aliases remain executable / batched
{"label":"contextual member names and valid aliases remain executable","path":"native","sourceSha256":"82e39a4774e1ddbee5aceb0d73ba454403e960b9b39dac08611ccad5f2f40e78","entryPoint":"main","dispatch":1,"actual":[16],"expected":[16]}
ok: contextual member names and valid aliases remain executable / native
{"label":"contextual member names and valid aliases remain executable","path":"dispatch-copy","sourceSha256":"82e39a4774e1ddbee5aceb0d73ba454403e960b9b39dac08611ccad5f2f40e78","entryPoint":"main","dispatch":1,"actual":[16],"expected":[16]}
ok: contextual member names and valid aliases remain executable / dispatch-copy
{"label":"contextual member names and valid aliases remain executable","path":"multi-buffer","sourceSha256":"82e39a4774e1ddbee5aceb0d73ba454403e960b9b39dac08611ccad5f2f40e78","entryPoint":"main","dispatch":1,"actual":[16],"expected":[16]}
ok: contextual member names and valid aliases remain executable / multi-buffer
{"label":"private default values and mutation are isolated per invocation","path":"batched","sourceSha256":"942a734a53af1650f241b1f794f5541ba735eb428dc401ee59421ec3eb9c5b56","entryPoint":"main","dispatch":4,"actual":[0,1,0,17,0,2,0,17,0,3,0,17,0,4,0,17],"expected":[0,1,0,17,0,2,0,17,0,3,0,17,0,4,0,17]}
ok: private default values and mutation are isolated per invocation / batched
{"label":"private default values and mutation are isolated per invocation","path":"native","sourceSha256":"942a734a53af1650f241b1f794f5541ba735eb428dc401ee59421ec3eb9c5b56","entryPoint":"main","dispatch":4,"actual":[0,1,0,17,0,2,0,17,0,3,0,17,0,4,0,17],"expected":[0,1,0,17,0,2,0,17,0,3,0,17,0,4,0,17]}
ok: private default values and mutation are isolated per invocation / native
{"label":"private default values and mutation are isolated per invocation","path":"dispatch-copy","sourceSha256":"942a734a53af1650f241b1f794f5541ba735eb428dc401ee59421ec3eb9c5b56","entryPoint":"main","dispatch":4,"actual":[0,1,0,17,0,2,0,17,0,3,0,17,0,4,0,17],"expected":[0,1,0,17,0,2,0,17,0,3,0,17,0,4,0,17]}
ok: private default values and mutation are isolated per invocation / dispatch-copy
{"label":"private default values and mutation are isolated per invocation","path":"multi-buffer","sourceSha256":"942a734a53af1650f241b1f794f5541ba735eb428dc401ee59421ec3eb9c5b56","entryPoint":"main","dispatch":4,"actual":[0,1,0,17,0,2,0,17,0,3,0,17,0,4,0,17],"expected":[0,1,0,17,0,2,0,17,0,3,0,17,0,4,0,17]}
ok: private default values and mutation are isolated per invocation / multi-buffer
{"label":"loop invariants preserve nested branches and modular overflow","path":"batched","sourceSha256":"328fa0e6414a885a42f498e91e241461c560595e26b7cf60efb8376662d3383a","entryPoint":"main","dispatch":1,"actual":[284,2147483648],"expected":[284,2147483648]}
ok: loop invariants preserve nested branches and modular overflow / batched
{"label":"loop invariants preserve nested branches and modular overflow","path":"native","sourceSha256":"328fa0e6414a885a42f498e91e241461c560595e26b7cf60efb8376662d3383a","entryPoint":"main","dispatch":1,"actual":[284,2147483648],"expected":[284,2147483648]}
ok: loop invariants preserve nested branches and modular overflow / native
{"label":"loop invariants preserve nested branches and modular overflow","path":"dispatch-copy","sourceSha256":"328fa0e6414a885a42f498e91e241461c560595e26b7cf60efb8376662d3383a","entryPoint":"main","dispatch":1,"actual":[284,2147483648],"expected":[284,2147483648]}
ok: loop invariants preserve nested branches and modular overflow / dispatch-copy
{"label":"loop invariants preserve nested branches and modular overflow","path":"multi-buffer","sourceSha256":"328fa0e6414a885a42f498e91e241461c560595e26b7cf60efb8376662d3383a","entryPoint":"main","dispatch":1,"actual":[284,2147483648],"expected":[284,2147483648]}
ok: loop invariants preserve nested branches and modular overflow / multi-buffer
{"label":"loop calls and storage mutation retain evaluation order","path":"batched","sourceSha256":"772005ab34bc243bf94c7f4ad54e14fda6068adb67655b41ed9d2caab7a18091","entryPoint":"main","dispatch":1,"actual":[160,130,13],"expected":[160,130,13]}
ok: loop calls and storage mutation retain evaluation order / batched
{"label":"loop calls and storage mutation retain evaluation order","path":"native","sourceSha256":"772005ab34bc243bf94c7f4ad54e14fda6068adb67655b41ed9d2caab7a18091","entryPoint":"main","dispatch":1,"actual":[160,130,13],"expected":[160,130,13]}
ok: loop calls and storage mutation retain evaluation order / native
{"label":"loop calls and storage mutation retain evaluation order","path":"dispatch-copy","sourceSha256":"772005ab34bc243bf94c7f4ad54e14fda6068adb67655b41ed9d2caab7a18091","entryPoint":"main","dispatch":1,"actual":[160,130,13],"expected":[160,130,13]}
ok: loop calls and storage mutation retain evaluation order / dispatch-copy
{"label":"loop calls and storage mutation retain evaluation order","path":"multi-buffer","sourceSha256":"772005ab34bc243bf94c7f4ad54e14fda6068adb67655b41ed9d2caab7a18091","entryPoint":"main","dispatch":1,"actual":[160,130,13],"expected":[160,130,13]}
ok: loop calls and storage mutation retain evaluation order / multi-buffer
{"label":"zero-iteration loops do not evaluate calls or division","path":"batched","sourceSha256":"8269b9ae15159a132c662100c6a9513e57e729ce68887f9fe0dc9034d6698f3f","entryPoint":"main","dispatch":1,"actual":[0,0],"expected":[0,0]}
ok: zero-iteration loops do not evaluate calls or division / batched
{"label":"zero-iteration loops do not evaluate calls or division","path":"native","sourceSha256":"8269b9ae15159a132c662100c6a9513e57e729ce68887f9fe0dc9034d6698f3f","entryPoint":"main","dispatch":1,"actual":[0,0],"expected":[0,0]}
ok: zero-iteration loops do not evaluate calls or division / native
{"label":"zero-iteration loops do not evaluate calls or division","path":"dispatch-copy","sourceSha256":"8269b9ae15159a132c662100c6a9513e57e729ce68887f9fe0dc9034d6698f3f","entryPoint":"main","dispatch":1,"actual":[0,0],"expected":[0,0]}
ok: zero-iteration loops do not evaluate calls or division / dispatch-copy
{"label":"zero-iteration loops do not evaluate calls or division","path":"multi-buffer","sourceSha256":"8269b9ae15159a132c662100c6a9513e57e729ce68887f9fe0dc9034d6698f3f","entryPoint":"main","dispatch":1,"actual":[0,0],"expected":[0,0]}
ok: zero-iteration loops do not evaluate calls or division / multi-buffer
{"label":"named pointer alias mutation","path":"batched","sourceSha256":"df6b814a6a194c53f8781b6cb8f7db5421ebeecde1f7b2937e6a6da440a1c768","entryPoint":"main","dispatch":4,"actual":[2,4,9,19,22,4,5,10,30,33,6,6,11,21,24,8,7,12,32,35],"expected":[2,4,9,19,22,4,5,10,30,33,6,6,11,21,24,8,7,12,32,35]}
ok: named pointer alias mutation / batched
{"label":"named pointer alias mutation","path":"native","sourceSha256":"df6b814a6a194c53f8781b6cb8f7db5421ebeecde1f7b2937e6a6da440a1c768","entryPoint":"main","dispatch":4,"actual":[2,4,9,19,22,4,5,10,30,33,6,6,11,21,24,8,7,12,32,35],"expected":[2,4,9,19,22,4,5,10,30,33,6,6,11,21,24,8,7,12,32,35]}
ok: named pointer alias mutation / native
{"label":"named pointer alias mutation","path":"dispatch-copy","sourceSha256":"df6b814a6a194c53f8781b6cb8f7db5421ebeecde1f7b2937e6a6da440a1c768","entryPoint":"main","dispatch":4,"actual":[2,4,9,19,22,4,5,10,30,33,6,6,11,21,24,8,7,12,32,35],"expected":[2,4,9,19,22,4,5,10,30,33,6,6,11,21,24,8,7,12,32,35]}
ok: named pointer alias mutation / dispatch-copy
{"label":"named pointer alias mutation","path":"multi-buffer","sourceSha256":"df6b814a6a194c53f8781b6cb8f7db5421ebeecde1f7b2937e6a6da440a1c768","entryPoint":"main","dispatch":4,"actual":[2,4,9,19,22,4,5,10,30,33,6,6,11,21,24,8,7,12,32,35],"expected":[2,4,9,19,22,4,5,10,30,33,6,6,11,21,24,8,7,12,32,35]}
ok: named pointer alias mutation / multi-buffer
{"label":"direct pointer mutation","path":"batched","sourceSha256":"ee954f76a8d8cdc178b99733bd9f69932e9e28aac29458e560f9e1f8d7ed011f","entryPoint":"main","dispatch":4,"actual":[2,4,9,19,22,4,5,10,30,33,6,6,11,21,24,8,7,12,32,35],"expected":[2,4,9,19,22,4,5,10,30,33,6,6,11,21,24,8,7,12,32,35]}
ok: direct pointer mutation / batched
{"label":"direct pointer mutation","path":"native","sourceSha256":"ee954f76a8d8cdc178b99733bd9f69932e9e28aac29458e560f9e1f8d7ed011f","entryPoint":"main","dispatch":4,"actual":[2,4,9,19,22,4,5,10,30,33,6,6,11,21,24,8,7,12,32,35],"expected":[2,4,9,19,22,4,5,10,30,33,6,6,11,21,24,8,7,12,32,35]}
ok: direct pointer mutation / native
{"label":"direct pointer mutation","path":"dispatch-copy","sourceSha256":"ee954f76a8d8cdc178b99733bd9f69932e9e28aac29458e560f9e1f8d7ed011f","entryPoint":"main","dispatch":4,"actual":[2,4,9,19,22,4,5,10,30,33,6,6,11,21,24,8,7,12,32,35],"expected":[2,4,9,19,22,4,5,10,30,33,6,6,11,21,24,8,7,12,32,35]}
ok: direct pointer mutation / dispatch-copy
{"label":"direct pointer mutation","path":"multi-buffer","sourceSha256":"ee954f76a8d8cdc178b99733bd9f69932e9e28aac29458e560f9e1f8d7ed011f","entryPoint":"main","dispatch":4,"actual":[2,4,9,19,22,4,5,10,30,33,6,6,11,21,24,8,7,12,32,35],"expected":[2,4,9,19,22,4,5,10,30,33,6,6,11,21,24,8,7,12,32,35]}
ok: direct pointer mutation / multi-buffer
{"label":"pointer member and captured index","path":"batched","sourceSha256":"90a77e1e5c60fe3a07858a7ace2fb8f54f971e943b50eb37c66ab10277f69bab","entryPoint":"main","dispatch":1,"actual":[10,7,6],"expected":[10,7,6]}
ok: pointer member and captured index / batched
{"label":"pointer member and captured index","path":"native","sourceSha256":"90a77e1e5c60fe3a07858a7ace2fb8f54f971e943b50eb37c66ab10277f69bab","entryPoint":"main","dispatch":1,"actual":[10,7,6],"expected":[10,7,6]}
ok: pointer member and captured index / native
{"label":"pointer member and captured index","path":"dispatch-copy","sourceSha256":"90a77e1e5c60fe3a07858a7ace2fb8f54f971e943b50eb37c66ab10277f69bab","entryPoint":"main","dispatch":1,"actual":[10,7,6],"expected":[10,7,6]}
ok: pointer member and captured index / dispatch-copy
{"label":"pointer member and captured index","path":"multi-buffer","sourceSha256":"90a77e1e5c60fe3a07858a7ace2fb8f54f971e943b50eb37c66ab10277f69bab","entryPoint":"main","dispatch":1,"actual":[10,7,6],"expected":[10,7,6]}
ok: pointer member and captured index / multi-buffer
{"label":"unsigned byte unpack preserves order, zero extension, and single evaluation","path":"batched","sourceSha256":"e7efdd5f985259b2a5f57c70fd210b97f9132c58d8202857ddf39cb741078704","entryPoint":"main","dispatch":1,"actual":[127,1,255,128,0,0,0,0,255,255,255,255,4,3,2,1,12,13,14,15,1],"expected":[127,1,255,128,0,0,0,0,255,255,255,255,4,3,2,1,12,13,14,15,1]}
ok: unsigned byte unpack preserves order, zero extension, and single evaluation / batched
{"label":"unsigned byte unpack preserves order, zero extension, and single evaluation","path":"native","sourceSha256":"e7efdd5f985259b2a5f57c70fd210b97f9132c58d8202857ddf39cb741078704","entryPoint":"main","dispatch":1,"actual":[127,1,255,128,0,0,0,0,255,255,255,255,4,3,2,1,12,13,14,15,1],"expected":[127,1,255,128,0,0,0,0,255,255,255,255,4,3,2,1,12,13,14,15,1]}
ok: unsigned byte unpack preserves order, zero extension, and single evaluation / native
{"label":"unsigned byte unpack preserves order, zero extension, and single evaluation","path":"dispatch-copy","sourceSha256":"e7efdd5f985259b2a5f57c70fd210b97f9132c58d8202857ddf39cb741078704","entryPoint":"main","dispatch":1,"actual":[127,1,255,128,0,0,0,0,255,255,255,255,4,3,2,1,12,13,14,15,1],"expected":[127,1,255,128,0,0,0,0,255,255,255,255,4,3,2,1,12,13,14,15,1]}
ok: unsigned byte unpack preserves order, zero extension, and single evaluation / dispatch-copy
{"label":"unsigned byte unpack preserves order, zero extension, and single evaluation","path":"multi-buffer","sourceSha256":"e7efdd5f985259b2a5f57c70fd210b97f9132c58d8202857ddf39cb741078704","entryPoint":"main","dispatch":1,"actual":[127,1,255,128,0,0,0,0,255,255,255,255,4,3,2,1,12,13,14,15,1],"expected":[127,1,255,128,0,0,0,0,255,255,255,255,4,3,2,1,12,13,14,15,1]}
ok: unsigned byte unpack preserves order, zero extension, and single evaluation / multi-buffer
{"label":"clear followed by write","path":"batched","sourceSha256":"aab25ec82745804847dc7435700dca8d3db26614e9662b9d388d09e02e539b72","entryPoint":"main","dispatch":1,"actual":[7,0,0,0],"expected":[7,0,0,0]}
ok: clear followed by write / batched
{"label":"clear followed by write","path":"native","sourceSha256":"aab25ec82745804847dc7435700dca8d3db26614e9662b9d388d09e02e539b72","entryPoint":"main","dispatch":1,"actual":[7,0,0,0],"expected":[7,0,0,0]}
ok: clear followed by write / native
{"label":"clear followed by write","path":"dispatch-copy","sourceSha256":"aab25ec82745804847dc7435700dca8d3db26614e9662b9d388d09e02e539b72","entryPoint":"main","dispatch":1,"actual":[7,0,0,0],"expected":[7,0,0,0]}
ok: clear followed by write / dispatch-copy
{"label":"clear followed by write","path":"multi-buffer","sourceSha256":"aab25ec82745804847dc7435700dca8d3db26614e9662b9d388d09e02e539b72","entryPoint":"main","dispatch":1,"actual":[7,0,0,0],"expected":[7,0,0,0]}
ok: clear followed by write / multi-buffer
{"label":"additional writes","path":"batched","sourceSha256":"40c45e3ad7ab297b7d0a0fd91570423c8f927ecedf0b1cb88110dde1b54dc332","entryPoint":"main","dispatch":1,"actual":[7,0,0,19],"expected":[7,0,0,19]}
ok: additional writes / batched
{"label":"additional writes","path":"native","sourceSha256":"40c45e3ad7ab297b7d0a0fd91570423c8f927ecedf0b1cb88110dde1b54dc332","entryPoint":"main","dispatch":1,"actual":[7,0,0,19],"expected":[7,0,0,19]}
ok: additional writes / native
{"label":"additional writes","path":"dispatch-copy","sourceSha256":"40c45e3ad7ab297b7d0a0fd91570423c8f927ecedf0b1cb88110dde1b54dc332","entryPoint":"main","dispatch":1,"actual":[7,0,0,19],"expected":[7,0,0,19]}
ok: additional writes / dispatch-copy
{"label":"additional writes","path":"multi-buffer","sourceSha256":"40c45e3ad7ab297b7d0a0fd91570423c8f927ecedf0b1cb88110dde1b54dc332","entryPoint":"main","dispatch":1,"actual":[7,0,0,19],"expected":[7,0,0,19]}
ok: additional writes / multi-buffer
{"label":"selected alternate entry point","path":"batched","sourceSha256":"be932588a1c3e584d59de72f4642f5b46197bc56e469f8629384b41b7cf0d069","entryPoint":"other","dispatch":1,"actual":[31,5,5,5],"expected":[31,5,5,5]}
ok: selected alternate entry point / batched
{"label":"selected alternate entry point","path":"native","sourceSha256":"be932588a1c3e584d59de72f4642f5b46197bc56e469f8629384b41b7cf0d069","entryPoint":"other","dispatch":1,"actual":[31,5,5,5],"expected":[31,5,5,5]}
ok: selected alternate entry point / native
{"label":"selected alternate entry point","path":"dispatch-copy","sourceSha256":"be932588a1c3e584d59de72f4642f5b46197bc56e469f8629384b41b7cf0d069","entryPoint":"other","dispatch":1,"actual":[31,5,5,5],"expected":[31,5,5,5]}
ok: selected alternate entry point / dispatch-copy
{"label":"selected alternate entry point","path":"multi-buffer","sourceSha256":"be932588a1c3e584d59de72f4642f5b46197bc56e469f8629384b41b7cf0d069","entryPoint":"other","dispatch":1,"actual":[31,5,5,5],"expected":[31,5,5,5]}
ok: selected alternate entry point / multi-buffer
{"label":"zero dispatch","path":"batched","sourceSha256":"aab25ec82745804847dc7435700dca8d3db26614e9662b9d388d09e02e539b72","entryPoint":"main","dispatch":0,"actual":[5,5,5,5],"expected":[5,5,5,5]}
ok: zero dispatch / batched
{"label":"zero dispatch","path":"native","sourceSha256":"aab25ec82745804847dc7435700dca8d3db26614e9662b9d388d09e02e539b72","entryPoint":"main","dispatch":0,"actual":[5,5,5,5],"expected":[5,5,5,5]}
ok: zero dispatch / native
{"label":"zero dispatch","path":"dispatch-copy","sourceSha256":"aab25ec82745804847dc7435700dca8d3db26614e9662b9d388d09e02e539b72","entryPoint":"main","dispatch":0,"actual":[5,5,5,5],"expected":[5,5,5,5]}
ok: zero dispatch / dispatch-copy
{"label":"zero dispatch","path":"multi-buffer","sourceSha256":"aab25ec82745804847dc7435700dca8d3db26614e9662b9d388d09e02e539b72","entryPoint":"main","dispatch":0,"actual":[5,5,5,5],"expected":[5,5,5,5]}
ok: zero dispatch / multi-buffer
{"label":"comment match is not executable","path":"batched","sourceSha256":"18c1e20029627b726898a22e0497c286fed62212410d7d210427a51fdd7eb73c","entryPoint":"main","dispatch":1,"actual":[23,5,5,5],"expected":[23,5,5,5]}
ok: comment match is not executable / batched
{"label":"comment match is not executable","path":"native","sourceSha256":"18c1e20029627b726898a22e0497c286fed62212410d7d210427a51fdd7eb73c","entryPoint":"main","dispatch":1,"actual":[23,5,5,5],"expected":[23,5,5,5]}
ok: comment match is not executable / native
{"label":"comment match is not executable","path":"dispatch-copy","sourceSha256":"18c1e20029627b726898a22e0497c286fed62212410d7d210427a51fdd7eb73c","entryPoint":"main","dispatch":1,"actual":[23,5,5,5],"expected":[23,5,5,5]}
ok: comment match is not executable / dispatch-copy
{"label":"comment match is not executable","path":"multi-buffer","sourceSha256":"18c1e20029627b726898a22e0497c286fed62212410d7d210427a51fdd7eb73c","entryPoint":"main","dispatch":1,"actual":[23,5,5,5],"expected":[23,5,5,5]}
ok: comment match is not executable / multi-buffer
{"label":"generated fill preserves extra operation","path":"batched","sourceSha256":"ceca3c820804fde745d14ad296ae25260e3fe67e0a229e1fe03f8c06c84a0fe2","entryPoint":"main","dispatch":4,"actual":[13,13,13,13],"expected":[13,13,13,13]}
ok: generated fill preserves extra operation / batched
{"label":"generated fill preserves extra operation","path":"native","sourceSha256":"ceca3c820804fde745d14ad296ae25260e3fe67e0a229e1fe03f8c06c84a0fe2","entryPoint":"main","dispatch":4,"actual":[13,13,13,13],"expected":[13,13,13,13]}
ok: generated fill preserves extra operation / native
{"label":"generated fill preserves extra operation","path":"dispatch-copy","sourceSha256":"ceca3c820804fde745d14ad296ae25260e3fe67e0a229e1fe03f8c06c84a0fe2","entryPoint":"main","dispatch":4,"actual":[13,13,13,13],"expected":[13,13,13,13]}
ok: generated fill preserves extra operation / dispatch-copy
{"label":"generated fill preserves extra operation","path":"multi-buffer","sourceSha256":"ceca3c820804fde745d14ad296ae25260e3fe67e0a229e1fe03f8c06c84a0fe2","entryPoint":"main","dispatch":4,"actual":[13,13,13,13],"expected":[13,13,13,13]}
ok: generated fill preserves extra operation / multi-buffer
{"label":"texture dimensions preserve arithmetic and partial dispatch","path":"batched","sourceSha256":"b4c035941adfbd2c41b833ff4de01d01ad4c713ecbb012a8056c01d960447f62","entryPoint":"main","dispatch":1,"actual":[9,5,8,10,5,5,5,5],"expected":[9,5,8,10,5,5,5,5]}
ok: texture dimensions preserve arithmetic and partial dispatch / batched
{"label":"texture dimensions preserve arithmetic and partial dispatch","path":"native","sourceSha256":"b4c035941adfbd2c41b833ff4de01d01ad4c713ecbb012a8056c01d960447f62","entryPoint":"main","dispatch":1,"actual":[9,5,8,10,5,5,5,5],"expected":[9,5,8,10,5,5,5,5]}
ok: texture dimensions preserve arithmetic and partial dispatch / native
{"label":"texture dimensions preserve arithmetic and partial dispatch","path":"dispatch-copy","sourceSha256":"b4c035941adfbd2c41b833ff4de01d01ad4c713ecbb012a8056c01d960447f62","entryPoint":"main","dispatch":1,"actual":[9,5,8,10,5,5,5,5],"expected":[9,5,8,10,5,5,5,5]}
ok: texture dimensions preserve arithmetic and partial dispatch / dispatch-copy
{"label":"texture dimensions preserve arithmetic and partial dispatch","path":"multi-buffer","sourceSha256":"b4c035941adfbd2c41b833ff4de01d01ad4c713ecbb012a8056c01d960447f62","entryPoint":"main","dispatch":1,"actual":[9,5,8,10,5,5,5,5],"expected":[9,5,8,10,5,5,5,5]}
ok: texture dimensions preserve arithmetic and partial dispatch / multi-buffer
{"label":"uniform loop inputs","input":[2,5,3,0],"actual":[33,3],"expected":[33,3],"sourceSha256":"912b307ed7c63d44e2c24cd069c684454423d77d2bead3fe602d2a7a775aef8c"}
{"label":"uniform loop inputs","input":[7,9,4,0],"actual":[258,4],"expected":[258,4],"sourceSha256":"912b307ed7c63d44e2c24cd069c684454423d77d2bead3fe602d2a7a775aef8c"}
{"label":"uniform loop inputs","input":[4294967295,2,2,0],"actual":[4294967293,2],"expected":[4294967293,2],"sourceSha256":"912b307ed7c63d44e2c24cd069c684454423d77d2bead3fe602d2a7a775aef8c"}
{"label":"uniform loop inputs","input":[7,9,0,0],"actual":[0,0],"expected":[0,0],"sourceSha256":"912b307ed7c63d44e2c24cd069c684454423d77d2bead3fe602d2a7a775aef8c"}
ok: changed uniform loop inputs
ok: mapped writes use native contents
{"label":"integer render clear","actual":[2,3,4,5],"expected":[2,3,4,5]}
ok: integer render clear
{"label":"texture dimensions in rendering","sourceSha256":"0b0315af375f5e0dbff9719981b5681ed7c8fc0a5cc2a953a7faa03f6a39ccdd","actual":[9,5,8,10]}
ok: texture dimensions in rendering
