[247.7ms][TestHarness] Initializing WebGPU...
[266.2ms][Platform] No specific platform matched for adapter (vendor=AMD, arch=vulkan), falling back to generic
[GPU] AMD vulkan, f16/subgroups, 4.0GB, submit probe: 1.2ms
[287.4ms][TestHarness] GPU: hasF16=true, hasSubgroups=true
[287.4ms][TestHarness] Fetching manifest...
[290.1ms][TestHarness] Model: transformer
[290.6ms][TestHarness] Creating pipeline...
[Doppler] Log level set to: ERROR
{
  "ok": true,
  "receipt": "bench/out/external-projects/doppler/20260907-dispatch-copy-p0-qualified/lanes/D0/doppler_int4ple_reference_export.json",
  "tensor": "bench/out/external-projects/doppler/20260907-dispatch-copy-p0-qualified/lanes/D0/final_logits.f32",
  "tensorSha256": "4f961414d7ef3eca43fdb9707f4e1f7210d98328567134f6bdcfa003144bac66",
  "tokenCount": 12,
  "logitsShape": [
    262144
  ],
  "decodeStepsRequested": 4,
  "decodeStepsProduced": 4
}
[Doppler] Log level set to: INFO
[2275.3ms][Pipeline] Unloaded
