--iterations requires an unsigned integer; received 'invalid': InvalidCharacter
error: InvalidCharacter
/home/x/.local/zig/zig-x86_64-linux-0.15.2/lib/std/fmt.zig:593:24: 0x1239541 in charToDigit (std.zig)
    if (value >= base) return error.InvalidCharacter;
                       ^
/home/x/.local/zig/zig-x86_64-linux-0.15.2/lib/std/fmt.zig:458:23: 0x1208a1e in parseIntWithSign__anon_28915 (std.zig)
        const digit = try charToDigit(math.cast(u8, c) orelse return error.InvalidCharacter, buf_base);
                      ^
/home/x/.local/zig/zig-x86_64-linux-0.15.2/lib/std/fmt.zig:346:5: 0x11d11ca in parseIntWithGenericCharacter__anon_25375 (std.zig)
    return parseIntWithSign(Result, Character, buf, base, .pos);
    ^
/home/x/.local/zig/zig-x86_64-linux-0.15.2/lib/std/fmt.zig:333:5: 0x11a2f05 in parseInt__anon_22844 (std.zig)
    return parseIntWithGenericCharacter(T, u8, buf, base);
    ^
/home/x/deco/doe/runtime/zig/bench/compiler/bench.zig:158:9: 0x1180bc3 in parseCount (bench.zig)
        return err;
        ^
/home/x/deco/doe/runtime/zig/bench/compiler/bench.zig:135:48: 0x1181236 in parseArgs (bench.zig)
            .iterations => config.iterations = try parseCount(option, value),
                                               ^
/home/x/deco/doe/runtime/zig/bench/compiler/bench.zig:326:20: 0x11a085b in main (bench.zig)
    const config = try parseArgs(args[1..]);
                   ^
