{"kind":"shader_bench","shader":"compute_simple","stage":"analyze_to_ir","iterations":1,"warmup":0,"p50_ns":646859,"p95_ns":646859,"p99_ns":646859,"min_ns":646859,"max_ns":646859,"mean_ns":646859,"bytes_out":0}
{"kind":"shader_bench","shader":"compute_simple","stage":"emit_msl","iterations":1,"warmup":0,"p50_ns":37210,"p95_ns":37210,"p99_ns":37210,"min_ns":37210,"max_ns":37210,"mean_ns":37210,"bytes_out":231}
{"kind":"shader_bench","shader":"compute_simple","stage":"emit_spirv","iterations":1,"warmup":0,"p50_ns":978764,"p95_ns":978764,"p99_ns":978764,"min_ns":978764,"max_ns":978764,"mean_ns":978764,"bytes_out":688}
{"kind":"shader_bench","shader":"compute_simple","stage":"emit_hlsl","iterations":1,"warmup":0,"p50_ns":22513,"p95_ns":22513,"p99_ns":22513,"min_ns":22513,"max_ns":22513,"mean_ns":22513,"bytes_out":2939}
{"kind":"shader_bench","shader":"compute_simple","stage":"e2e_msl","iterations":1,"warmup":0,"p50_ns":690551,"p95_ns":690551,"p99_ns":690551,"min_ns":690551,"max_ns":690551,"mean_ns":690551,"bytes_out":231}
{"kind":"shader_bench","shader":"compute_simple","stage":"e2e_spirv","iterations":1,"warmup":0,"p50_ns":1568857,"p95_ns":1568857,"p99_ns":1568857,"min_ns":1568857,"max_ns":1568857,"mean_ns":1568857,"bytes_out":688}
{"kind":"shader_bench","shader":"compute_simple","stage":"e2e_hlsl","iterations":1,"warmup":0,"p50_ns":683098,"p95_ns":683098,"p99_ns":683098,"min_ns":683098,"max_ns":683098,"mean_ns":683098,"bytes_out":2939}
{"kind":"shader_bench","shader":"compute_matmul","stage":"analyze_to_ir","iterations":1,"warmup":0,"p50_ns":1886205,"p95_ns":1886205,"p99_ns":1886205,"min_ns":1886205,"max_ns":1886205,"mean_ns":1886205,"bytes_out":0}
{"kind":"shader_bench","shader":"compute_matmul","stage":"emit_msl","iterations":1,"warmup":0,"p50_ns":43052,"p95_ns":43052,"p99_ns":43052,"min_ns":43052,"max_ns":43052,"mean_ns":43052,"bytes_out":744}
{"kind":"shader_bench","shader":"compute_matmul","stage":"emit_spirv","iterations":1,"warmup":0,"p50_ns":2153870,"p95_ns":2153870,"p99_ns":2153870,"min_ns":2153870,"max_ns":2153870,"mean_ns":2153870,"bytes_out":2152}
{"kind":"shader_bench","shader":"compute_matmul","stage":"emit_hlsl","iterations":1,"warmup":0,"p50_ns":28243,"p95_ns":28243,"p99_ns":28243,"min_ns":28243,"max_ns":28243,"mean_ns":28243,"bytes_out":3729}
{"kind":"shader_bench","shader":"compute_matmul","stage":"e2e_msl","iterations":1,"warmup":0,"p50_ns":1950927,"p95_ns":1950927,"p99_ns":1950927,"min_ns":1950927,"max_ns":1950927,"mean_ns":1950927,"bytes_out":744}
{"kind":"shader_bench","shader":"compute_matmul","stage":"e2e_spirv","iterations":1,"warmup":0,"p50_ns":4031088,"p95_ns":4031088,"p99_ns":4031088,"min_ns":4031088,"max_ns":4031088,"mean_ns":4031088,"bytes_out":2152}
{"kind":"shader_bench","shader":"compute_matmul","stage":"e2e_hlsl","iterations":1,"warmup":0,"p50_ns":2110567,"p95_ns":2110567,"p99_ns":2110567,"min_ns":2110567,"max_ns":2110567,"mean_ns":2110567,"bytes_out":3729}
{"kind":"shader_bench","shader":"vertex_struct_io","stage":"analyze_to_ir","iterations":1,"warmup":0,"p50_ns":995065,"p95_ns":995065,"p99_ns":995065,"min_ns":995065,"max_ns":995065,"mean_ns":995065,"bytes_out":0}
{"kind":"shader_bench","shader":"vertex_struct_io","stage":"emit_msl","iterations":1,"warmup":0,"p50_ns":30247,"p95_ns":30247,"p99_ns":30247,"min_ns":30247,"max_ns":30247,"mean_ns":30247,"bytes_out":842}
{"kind":"shader_bench","shader":"vertex_struct_io","stage":"emit_spirv","iterations":1,"warmup":0,"p50_ns":1346638,"p95_ns":1346638,"p99_ns":1346638,"min_ns":1346638,"max_ns":1346638,"mean_ns":1346638,"bytes_out":1000}
{"kind":"shader_bench","shader":"vertex_struct_io","stage":"emit_hlsl","iterations":1,"warmup":0,"p50_ns":20830,"p95_ns":20830,"p99_ns":20830,"min_ns":20830,"max_ns":20830,"mean_ns":20830,"bytes_out":3234}
{"kind":"shader_bench","shader":"vertex_struct_io","stage":"e2e_msl","iterations":1,"warmup":0,"p50_ns":1067953,"p95_ns":1067953,"p99_ns":1067953,"min_ns":1067953,"max_ns":1067953,"mean_ns":1067953,"bytes_out":842}
{"kind":"shader_bench","shader":"vertex_struct_io","stage":"e2e_spirv","iterations":1,"warmup":0,"p50_ns":2370979,"p95_ns":2370979,"p99_ns":2370979,"min_ns":2370979,"max_ns":2370979,"mean_ns":2370979,"bytes_out":1000}
{"kind":"shader_bench","shader":"vertex_struct_io","stage":"e2e_hlsl","iterations":1,"warmup":0,"p50_ns":1052523,"p95_ns":1052523,"p99_ns":1052523,"min_ns":1052523,"max_ns":1052523,"mean_ns":1052523,"bytes_out":3234}
{"kind":"shader_bench","shader":"fragment_math","stage":"analyze_to_ir","iterations":1,"warmup":0,"p50_ns":971180,"p95_ns":971180,"p99_ns":971180,"min_ns":971180,"max_ns":971180,"mean_ns":971180,"bytes_out":0}
{"kind":"shader_bench","shader":"fragment_math","stage":"emit_msl","iterations":1,"warmup":0,"p50_ns":49603,"p95_ns":49603,"p99_ns":49603,"min_ns":49603,"max_ns":49603,"mean_ns":49603,"bytes_out":722}
{"kind":"shader_bench","shader":"fragment_math","stage":"emit_spirv","iterations":1,"warmup":0,"p50_ns":1005485,"p95_ns":1005485,"p99_ns":1005485,"min_ns":1005485,"max_ns":1005485,"mean_ns":1005485,"bytes_out":808}
{"kind":"shader_bench","shader":"fragment_math","stage":"emit_hlsl","iterations":1,"warmup":0,"p50_ns":29666,"p95_ns":29666,"p99_ns":29666,"min_ns":29666,"max_ns":29666,"mean_ns":29666,"bytes_out":3080}
{"kind":"shader_bench","shader":"fragment_math","stage":"e2e_msl","iterations":1,"warmup":0,"p50_ns":1043547,"p95_ns":1043547,"p99_ns":1043547,"min_ns":1043547,"max_ns":1043547,"mean_ns":1043547,"bytes_out":722}
{"kind":"shader_bench","shader":"fragment_math","stage":"e2e_spirv","iterations":1,"warmup":0,"p50_ns":1984881,"p95_ns":1984881,"p99_ns":1984881,"min_ns":1984881,"max_ns":1984881,"mean_ns":1984881,"bytes_out":808}
{"kind":"shader_bench","shader":"fragment_math","stage":"e2e_hlsl","iterations":1,"warmup":0,"p50_ns":1023088,"p95_ns":1023088,"p99_ns":1023088,"min_ns":1023088,"max_ns":1023088,"mean_ns":1023088,"bytes_out":3080}
{"kind":"shader_bench","shader":"fragment_discard","stage":"analyze_to_ir","iterations":1,"warmup":0,"p50_ns":691132,"p95_ns":691132,"p99_ns":691132,"min_ns":691132,"max_ns":691132,"mean_ns":691132,"bytes_out":0}
{"kind":"shader_bench","shader":"fragment_discard","stage":"emit_msl","iterations":1,"warmup":0,"p50_ns":18424,"p95_ns":18424,"p99_ns":18424,"min_ns":18424,"max_ns":18424,"mean_ns":18424,"bytes_out":589}
{"kind":"shader_bench","shader":"fragment_discard","stage":"emit_spirv","iterations":1,"warmup":0,"p50_ns":762497,"p95_ns":762497,"p99_ns":762497,"min_ns":762497,"max_ns":762497,"mean_ns":762497,"bytes_out":748}
{"kind":"shader_bench","shader":"fragment_discard","stage":"emit_hlsl","iterations":1,"warmup":0,"p50_ns":13275,"p95_ns":13275,"p99_ns":13275,"min_ns":13275,"max_ns":13275,"mean_ns":13275,"bytes_out":3000}
{"kind":"shader_bench","shader":"fragment_discard","stage":"e2e_msl","iterations":1,"warmup":0,"p50_ns":747649,"p95_ns":747649,"p99_ns":747649,"min_ns":747649,"max_ns":747649,"mean_ns":747649,"bytes_out":589}
{"kind":"shader_bench","shader":"fragment_discard","stage":"e2e_spirv","iterations":1,"warmup":0,"p50_ns":1475311,"p95_ns":1475311,"p99_ns":1475311,"min_ns":1475311,"max_ns":1475311,"mean_ns":1475311,"bytes_out":748}
{"kind":"shader_bench","shader":"fragment_discard","stage":"e2e_hlsl","iterations":1,"warmup":0,"p50_ns":736147,"p95_ns":736147,"p99_ns":736147,"min_ns":736147,"max_ns":736147,"mean_ns":736147,"bytes_out":3000}
