{"kind":"shader_bench","shader":"compute_simple","stage":"analyze_to_ir","iterations":3,"warmup":2,"p50_ns":631270,"p95_ns":631741,"p99_ns":631741,"min_ns":623716,"max_ns":631741,"mean_ns":628909,"bytes_out":0}
{"kind":"shader_bench","shader":"compute_simple","stage":"emit_msl","iterations":3,"warmup":2,"p50_ns":7093,"p95_ns":8386,"p99_ns":8386,"min_ns":7014,"max_ns":8386,"mean_ns":7497,"bytes_out":231}
{"kind":"shader_bench","shader":"compute_simple","stage":"emit_spirv","iterations":3,"warmup":2,"p50_ns":885339,"p95_ns":1055870,"p99_ns":1055870,"min_ns":881983,"max_ns":1055870,"mean_ns":941064,"bytes_out":688}
{"kind":"shader_bench","shader":"compute_simple","stage":"emit_hlsl","iterations":3,"warmup":2,"p50_ns":6893,"p95_ns":7624,"p99_ns":7624,"min_ns":6893,"max_ns":7624,"mean_ns":7136,"bytes_out":2939}
{"kind":"shader_bench","shader":"compute_simple","stage":"e2e_msl","iterations":3,"warmup":2,"p50_ns":665374,"p95_ns":665675,"p99_ns":665675,"min_ns":660775,"max_ns":665675,"mean_ns":663941,"bytes_out":231}
{"kind":"shader_bench","shader":"compute_simple","stage":"e2e_spirv","iterations":3,"warmup":2,"p50_ns":1549320,"p95_ns":1556954,"p99_ns":1556954,"min_ns":1548118,"max_ns":1556954,"mean_ns":1551464,"bytes_out":688}
{"kind":"shader_bench","shader":"compute_simple","stage":"e2e_hlsl","iterations":3,"warmup":2,"p50_ns":661837,"p95_ns":664592,"p99_ns":664592,"min_ns":660094,"max_ns":664592,"mean_ns":662174,"bytes_out":2939}
{"kind":"shader_bench","shader":"compute_matmul","stage":"analyze_to_ir","iterations":3,"warmup":2,"p50_ns":1852541,"p95_ns":1991673,"p99_ns":1991673,"min_ns":1848985,"max_ns":1991673,"mean_ns":1897733,"bytes_out":0}
{"kind":"shader_bench","shader":"compute_matmul","stage":"emit_msl","iterations":3,"warmup":2,"p50_ns":30367,"p95_ns":31770,"p99_ns":31770,"min_ns":30046,"max_ns":31770,"mean_ns":30727,"bytes_out":744}
{"kind":"shader_bench","shader":"compute_matmul","stage":"emit_spirv","iterations":3,"warmup":2,"p50_ns":2151595,"p95_ns":2448735,"p99_ns":2448735,"min_ns":2151555,"max_ns":2448735,"mean_ns":2250628,"bytes_out":2152}
{"kind":"shader_bench","shader":"compute_matmul","stage":"emit_hlsl","iterations":3,"warmup":2,"p50_ns":19247,"p95_ns":20218,"p99_ns":20218,"min_ns":18906,"max_ns":20218,"mean_ns":19457,"bytes_out":3729}
{"kind":"shader_bench","shader":"compute_matmul","stage":"e2e_msl","iterations":3,"warmup":2,"p50_ns":1922423,"p95_ns":3117937,"p99_ns":3117937,"min_ns":1922102,"max_ns":3117937,"mean_ns":2320820,"bytes_out":744}
{"kind":"shader_bench","shader":"compute_matmul","stage":"e2e_spirv","iterations":3,"warmup":2,"p50_ns":4087333,"p95_ns":4191450,"p99_ns":4191450,"min_ns":4065853,"max_ns":4191450,"mean_ns":4114878,"bytes_out":2152}
{"kind":"shader_bench","shader":"compute_matmul","stage":"e2e_hlsl","iterations":3,"warmup":2,"p50_ns":2115637,"p95_ns":2146265,"p99_ns":2146265,"min_ns":1972487,"max_ns":2146265,"mean_ns":2078129,"bytes_out":3729}
{"kind":"shader_bench","shader":"vertex_struct_io","stage":"analyze_to_ir","iterations":3,"warmup":2,"p50_ns":996959,"p95_ns":997340,"p99_ns":997340,"min_ns":992992,"max_ns":997340,"mean_ns":995763,"bytes_out":0}
{"kind":"shader_bench","shader":"vertex_struct_io","stage":"emit_msl","iterations":3,"warmup":2,"p50_ns":15629,"p95_ns":16821,"p99_ns":16821,"min_ns":15559,"max_ns":16821,"mean_ns":16003,"bytes_out":842}
{"kind":"shader_bench","shader":"vertex_struct_io","stage":"emit_spirv","iterations":3,"warmup":2,"p50_ns":1019551,"p95_ns":1148675,"p99_ns":1148675,"min_ns":1010725,"max_ns":1148675,"mean_ns":1059650,"bytes_out":1000}
{"kind":"shader_bench","shader":"vertex_struct_io","stage":"emit_hlsl","iterations":3,"warmup":2,"p50_ns":10710,"p95_ns":11562,"p99_ns":11562,"min_ns":10610,"max_ns":11562,"mean_ns":10960,"bytes_out":3234}
{"kind":"shader_bench","shader":"vertex_struct_io","stage":"e2e_msl","iterations":3,"warmup":2,"p50_ns":1035161,"p95_ns":1041282,"p99_ns":1041282,"min_ns":1028939,"max_ns":1041282,"mean_ns":1035127,"bytes_out":842}
{"kind":"shader_bench","shader":"vertex_struct_io","stage":"e2e_spirv","iterations":3,"warmup":2,"p50_ns":2056466,"p95_ns":2194876,"p99_ns":2194876,"min_ns":2037821,"max_ns":2194876,"mean_ns":2096387,"bytes_out":1000}
{"kind":"shader_bench","shader":"vertex_struct_io","stage":"e2e_hlsl","iterations":3,"warmup":2,"p50_ns":1042064,"p95_ns":1051782,"p99_ns":1051782,"min_ns":1037946,"max_ns":1051782,"mean_ns":1043930,"bytes_out":3234}
{"kind":"shader_bench","shader":"fragment_math","stage":"analyze_to_ir","iterations":3,"warmup":2,"p50_ns":962163,"p95_ns":987230,"p99_ns":987230,"min_ns":962023,"max_ns":987230,"mean_ns":970472,"bytes_out":0}
{"kind":"shader_bench","shader":"fragment_math","stage":"emit_msl","iterations":3,"warmup":2,"p50_ns":20800,"p95_ns":22553,"p99_ns":22553,"min_ns":20549,"max_ns":22553,"mean_ns":21300,"bytes_out":722}
{"kind":"shader_bench","shader":"fragment_math","stage":"emit_spirv","iterations":3,"warmup":2,"p50_ns":953928,"p95_ns":964458,"p99_ns":964458,"min_ns":953717,"max_ns":964458,"mean_ns":957367,"bytes_out":808}
{"kind":"shader_bench","shader":"fragment_math","stage":"emit_hlsl","iterations":3,"warmup":2,"p50_ns":15740,"p95_ns":16110,"p99_ns":16110,"min_ns":15669,"max_ns":16110,"mean_ns":15839,"bytes_out":3080}
{"kind":"shader_bench","shader":"fragment_math","stage":"e2e_msl","iterations":3,"warmup":2,"p50_ns":1026565,"p95_ns":1270584,"p99_ns":1270584,"min_ns":1013149,"max_ns":1270584,"mean_ns":1103432,"bytes_out":722}
{"kind":"shader_bench","shader":"fragment_math","stage":"e2e_spirv","iterations":3,"warmup":2,"p50_ns":1952140,"p95_ns":1955606,"p99_ns":1955606,"min_ns":1950215,"max_ns":1955606,"mean_ns":1952653,"bytes_out":808}
{"kind":"shader_bench","shader":"fragment_math","stage":"e2e_hlsl","iterations":3,"warmup":2,"p50_ns":1014532,"p95_ns":1016937,"p99_ns":1016937,"min_ns":1013500,"max_ns":1016937,"mean_ns":1014989,"bytes_out":3080}
{"kind":"shader_bench","shader":"fragment_discard","stage":"analyze_to_ir","iterations":3,"warmup":2,"p50_ns":686163,"p95_ns":694939,"p99_ns":694939,"min_ns":685151,"max_ns":694939,"mean_ns":688751,"bytes_out":0}
{"kind":"shader_bench","shader":"fragment_discard","stage":"emit_msl","iterations":3,"warmup":2,"p50_ns":11792,"p95_ns":13395,"p99_ns":13395,"min_ns":11562,"max_ns":13395,"mean_ns":12249,"bytes_out":589}
{"kind":"shader_bench","shader":"fragment_discard","stage":"emit_spirv","iterations":3,"warmup":2,"p50_ns":740355,"p95_ns":909243,"p99_ns":909243,"min_ns":736157,"max_ns":909243,"mean_ns":795251,"bytes_out":748}
{"kind":"shader_bench","shader":"fragment_discard","stage":"emit_hlsl","iterations":3,"warmup":2,"p50_ns":9658,"p95_ns":9668,"p99_ns":9668,"min_ns":9338,"max_ns":9668,"mean_ns":9554,"bytes_out":3000}
{"kind":"shader_bench","shader":"fragment_discard","stage":"e2e_msl","iterations":3,"warmup":2,"p50_ns":733863,"p95_ns":867445,"p99_ns":867445,"min_ns":729836,"max_ns":867445,"mean_ns":777048,"bytes_out":589}
{"kind":"shader_bench","shader":"fragment_discard","stage":"e2e_spirv","iterations":3,"warmup":2,"p50_ns":1446646,"p95_ns":1455534,"p99_ns":1455534,"min_ns":1444111,"max_ns":1455534,"mean_ns":1448763,"bytes_out":748}
{"kind":"shader_bench","shader":"fragment_discard","stage":"e2e_hlsl","iterations":3,"warmup":2,"p50_ns":728173,"p95_ns":865902,"p99_ns":865902,"min_ns":722832,"max_ns":865902,"mean_ns":772302,"bytes_out":3000}
