{"kind":"shader_bench","shader":"compute_simple","stage":"analyze_to_ir","iterations":500,"warmup":20,"p50_ns":453034,"p95_ns":470507,"p99_ns":686104,"min_ns":433718,"max_ns":1479239,"mean_ns":461873,"bytes_out":0}
{"kind":"shader_bench","shader":"compute_simple","stage":"emit_msl","iterations":500,"warmup":20,"p50_ns":4679,"p95_ns":4809,"p99_ns":5511,"min_ns":4479,"max_ns":8215,"mean_ns":4704,"bytes_out":231}
{"kind":"shader_bench","shader":"compute_simple","stage":"emit_spirv","iterations":500,"warmup":20,"p50_ns":628435,"p95_ns":643353,"p99_ns":655196,"min_ns":621131,"max_ns":699579,"mean_ns":630283,"bytes_out":688}
{"kind":"shader_bench","shader":"compute_simple","stage":"emit_hlsl","iterations":500,"warmup":20,"p50_ns":4569,"p95_ns":4709,"p99_ns":4859,"min_ns":4379,"max_ns":16661,"mean_ns":4604,"bytes_out":2939}
{"kind":"shader_bench","shader":"compute_simple","stage":"e2e_msl","iterations":500,"warmup":20,"p50_ns":478572,"p95_ns":486397,"p99_ns":493731,"min_ns":472320,"max_ns":499562,"mean_ns":479097,"bytes_out":231}
{"kind":"shader_bench","shader":"compute_simple","stage":"e2e_spirv","iterations":500,"warmup":20,"p50_ns":1094684,"p95_ns":1105795,"p99_ns":1111245,"min_ns":1081198,"max_ns":1116074,"mean_ns":1094641,"bytes_out":688}
{"kind":"shader_bench","shader":"compute_simple","stage":"e2e_hlsl","iterations":500,"warmup":20,"p50_ns":480075,"p95_ns":486687,"p99_ns":491016,"min_ns":473513,"max_ns":493640,"mean_ns":480283,"bytes_out":2939}
{"kind":"shader_bench","shader":"compute_matmul","stage":"analyze_to_ir","iterations":500,"warmup":20,"p50_ns":1319207,"p95_ns":1328504,"p99_ns":1335568,"min_ns":1292597,"max_ns":1342692,"mean_ns":1319913,"bytes_out":0}
{"kind":"shader_bench","shader":"compute_matmul","stage":"emit_msl","iterations":500,"warmup":20,"p50_ns":20399,"p95_ns":20679,"p99_ns":23023,"min_ns":19958,"max_ns":34786,"mean_ns":20498,"bytes_out":744}
{"kind":"shader_bench","shader":"compute_matmul","stage":"emit_spirv","iterations":500,"warmup":20,"p50_ns":1507783,"p95_ns":1520978,"p99_ns":1540615,"min_ns":1497684,"max_ns":1572996,"mean_ns":1508797,"bytes_out":2152}
{"kind":"shader_bench","shader":"compute_matmul","stage":"emit_hlsl","iterations":500,"warmup":20,"p50_ns":13295,"p95_ns":13556,"p99_ns":15680,"min_ns":12865,"max_ns":17503,"mean_ns":13332,"bytes_out":3729}
{"kind":"shader_bench","shader":"compute_matmul","stage":"e2e_msl","iterations":500,"warmup":20,"p50_ns":1367098,"p95_ns":1392686,"p99_ns":1403285,"min_ns":1351789,"max_ns":1425508,"mean_ns":1370299,"bytes_out":744}
{"kind":"shader_bench","shader":"compute_matmul","stage":"e2e_spirv","iterations":500,"warmup":20,"p50_ns":2816821,"p95_ns":2849532,"p99_ns":2874770,"min_ns":2796893,"max_ns":2938530,"mean_ns":2820202,"bytes_out":2152}
{"kind":"shader_bench","shader":"compute_matmul","stage":"e2e_hlsl","iterations":500,"warmup":20,"p50_ns":1356858,"p95_ns":1368550,"p99_ns":1376235,"min_ns":1344144,"max_ns":1420138,"mean_ns":1357855,"bytes_out":3729}
{"kind":"shader_bench","shader":"vertex_struct_io","stage":"analyze_to_ir","iterations":500,"warmup":20,"p50_ns":720298,"p95_ns":728654,"p99_ns":734765,"min_ns":682977,"max_ns":741048,"mean_ns":720090,"bytes_out":0}
{"kind":"shader_bench","shader":"vertex_struct_io","stage":"emit_msl","iterations":500,"warmup":20,"p50_ns":10439,"p95_ns":10650,"p99_ns":13085,"min_ns":10129,"max_ns":27893,"mean_ns":10504,"bytes_out":842}
{"kind":"shader_bench","shader":"vertex_struct_io","stage":"emit_spirv","iterations":500,"warmup":20,"p50_ns":714738,"p95_ns":722262,"p99_ns":725798,"min_ns":707313,"max_ns":735567,"mean_ns":715459,"bytes_out":1000}
{"kind":"shader_bench","shader":"vertex_struct_io","stage":"emit_hlsl","iterations":500,"warmup":20,"p50_ns":7404,"p95_ns":7654,"p99_ns":7955,"min_ns":7074,"max_ns":15550,"mean_ns":7441,"bytes_out":3234}
{"kind":"shader_bench","shader":"vertex_struct_io","stage":"e2e_msl","iterations":500,"warmup":20,"p50_ns":749293,"p95_ns":756306,"p99_ns":762017,"min_ns":742640,"max_ns":767738,"mean_ns":749962,"bytes_out":842}
{"kind":"shader_bench","shader":"vertex_struct_io","stage":"e2e_spirv","iterations":500,"warmup":20,"p50_ns":1436038,"p95_ns":1446718,"p99_ns":1452959,"min_ns":1426059,"max_ns":1469390,"mean_ns":1436865,"bytes_out":1000}
{"kind":"shader_bench","shader":"vertex_struct_io","stage":"e2e_hlsl","iterations":500,"warmup":20,"p50_ns":744013,"p95_ns":753070,"p99_ns":759702,"min_ns":737621,"max_ns":858598,"mean_ns":744999,"bytes_out":3234}
{"kind":"shader_bench","shader":"fragment_math","stage":"analyze_to_ir","iterations":500,"warmup":20,"p50_ns":689690,"p95_ns":696774,"p99_ns":702304,"min_ns":661137,"max_ns":706302,"mean_ns":689581,"bytes_out":0}
{"kind":"shader_bench","shader":"fragment_math","stage":"emit_msl","iterations":500,"warmup":20,"p50_ns":14037,"p95_ns":14297,"p99_ns":17193,"min_ns":13655,"max_ns":24726,"mean_ns":14112,"bytes_out":722}
{"kind":"shader_bench","shader":"fragment_math","stage":"emit_spirv","iterations":500,"warmup":20,"p50_ns":671306,"p95_ns":681805,"p99_ns":689781,"min_ns":661297,"max_ns":725498,"mean_ns":672362,"bytes_out":808}
{"kind":"shader_bench","shader":"fragment_math","stage":"emit_hlsl","iterations":500,"warmup":20,"p50_ns":10720,"p95_ns":10931,"p99_ns":11832,"min_ns":10319,"max_ns":12583,"mean_ns":10734,"bytes_out":3080}
{"kind":"shader_bench","shader":"fragment_math","stage":"e2e_msl","iterations":500,"warmup":20,"p50_ns":728543,"p95_ns":740646,"p99_ns":750374,"min_ns":720198,"max_ns":757488,"mean_ns":729641,"bytes_out":722}
{"kind":"shader_bench","shader":"fragment_math","stage":"e2e_spirv","iterations":500,"warmup":20,"p50_ns":1373229,"p95_ns":1393797,"p99_ns":1406952,"min_ns":1358712,"max_ns":1447418,"mean_ns":1374939,"bytes_out":808}
{"kind":"shader_bench","shader":"fragment_math","stage":"e2e_hlsl","iterations":500,"warmup":20,"p50_ns":724596,"p95_ns":734986,"p99_ns":745916,"min_ns":716120,"max_ns":757078,"mean_ns":725469,"bytes_out":3080}
{"kind":"shader_bench","shader":"fragment_discard","stage":"analyze_to_ir","iterations":500,"warmup":20,"p50_ns":495915,"p95_ns":502848,"p99_ns":505783,"min_ns":469264,"max_ns":506665,"mean_ns":495842,"bytes_out":0}
{"kind":"shader_bench","shader":"fragment_discard","stage":"emit_msl","iterations":500,"warmup":20,"p50_ns":7945,"p95_ns":8126,"p99_ns":9157,"min_ns":7685,"max_ns":10941,"mean_ns":7972,"bytes_out":589}
{"kind":"shader_bench","shader":"fragment_discard","stage":"emit_spirv","iterations":500,"warmup":20,"p50_ns":519299,"p95_ns":527725,"p99_ns":535349,"min_ns":509891,"max_ns":551240,"mean_ns":519939,"bytes_out":748}
{"kind":"shader_bench","shader":"fragment_discard","stage":"emit_hlsl","iterations":500,"warmup":20,"p50_ns":6332,"p95_ns":6522,"p99_ns":6842,"min_ns":6031,"max_ns":9327,"mean_ns":6356,"bytes_out":3000}
{"kind":"shader_bench","shader":"fragment_discard","stage":"e2e_msl","iterations":500,"warmup":20,"p50_ns":532965,"p95_ns":550528,"p99_ns":578190,"min_ns":522495,"max_ns":733082,"mean_ns":535108,"bytes_out":589}
{"kind":"shader_bench","shader":"fragment_discard","stage":"e2e_spirv","iterations":500,"warmup":20,"p50_ns":1033078,"p95_ns":1045972,"p99_ns":1067913,"min_ns":1021916,"max_ns":1086819,"mean_ns":1034392,"bytes_out":748}
{"kind":"shader_bench","shader":"fragment_discard","stage":"e2e_hlsl","iterations":500,"warmup":20,"p50_ns":530820,"p95_ns":539817,"p99_ns":544717,"min_ns":525330,"max_ns":593569,"mean_ns":531617,"bytes_out":3000}
