{"kind":"shader_bench","shader":"compute_simple","stage":"analyze_to_ir","iterations":1,"warmup":0,"p50_ns":643744,"p95_ns":643744,"p99_ns":643744,"min_ns":643744,"max_ns":643744,"mean_ns":643744,"bytes_out":0}
{"kind":"shader_bench","shader":"compute_simple","stage":"emit_msl","iterations":1,"warmup":0,"p50_ns":42921,"p95_ns":42921,"p99_ns":42921,"min_ns":42921,"max_ns":42921,"mean_ns":42921,"bytes_out":231}
{"kind":"shader_bench","shader":"compute_simple","stage":"emit_spirv","iterations":1,"warmup":0,"p50_ns":974577,"p95_ns":974577,"p99_ns":974577,"min_ns":974577,"max_ns":974577,"mean_ns":974577,"bytes_out":688}
{"kind":"shader_bench","shader":"compute_simple","stage":"emit_hlsl","iterations":1,"warmup":0,"p50_ns":22603,"p95_ns":22603,"p99_ns":22603,"min_ns":22603,"max_ns":22603,"mean_ns":22603,"bytes_out":2939}
{"kind":"shader_bench","shader":"compute_simple","stage":"e2e_msl","iterations":1,"warmup":0,"p50_ns":687105,"p95_ns":687105,"p99_ns":687105,"min_ns":687105,"max_ns":687105,"mean_ns":687105,"bytes_out":231}
{"kind":"shader_bench","shader":"compute_simple","stage":"e2e_spirv","iterations":1,"warmup":0,"p50_ns":2280650,"p95_ns":2280650,"p99_ns":2280650,"min_ns":2280650,"max_ns":2280650,"mean_ns":2280650,"bytes_out":688}
{"kind":"shader_bench","shader":"compute_simple","stage":"e2e_hlsl","iterations":1,"warmup":0,"p50_ns":702214,"p95_ns":702214,"p99_ns":702214,"min_ns":702214,"max_ns":702214,"mean_ns":702214,"bytes_out":2939}
{"kind":"shader_bench","shader":"compute_matmul","stage":"analyze_to_ir","iterations":1,"warmup":0,"p50_ns":1853765,"p95_ns":1853765,"p99_ns":1853765,"min_ns":1853765,"max_ns":1853765,"mean_ns":1853765,"bytes_out":0}
{"kind":"shader_bench","shader":"compute_matmul","stage":"emit_msl","iterations":1,"warmup":0,"p50_ns":43813,"p95_ns":43813,"p99_ns":43813,"min_ns":43813,"max_ns":43813,"mean_ns":43813,"bytes_out":744}
{"kind":"shader_bench","shader":"compute_matmul","stage":"emit_spirv","iterations":1,"warmup":0,"p50_ns":2134955,"p95_ns":2134955,"p99_ns":2134955,"min_ns":2134955,"max_ns":2134955,"mean_ns":2134955,"bytes_out":2152}
{"kind":"shader_bench","shader":"compute_matmul","stage":"emit_hlsl","iterations":1,"warmup":0,"p50_ns":28754,"p95_ns":28754,"p99_ns":28754,"min_ns":28754,"max_ns":28754,"mean_ns":28754,"bytes_out":3729}
{"kind":"shader_bench","shader":"compute_matmul","stage":"e2e_msl","iterations":1,"warmup":0,"p50_ns":1929047,"p95_ns":1929047,"p99_ns":1929047,"min_ns":1929047,"max_ns":1929047,"mean_ns":1929047,"bytes_out":744}
{"kind":"shader_bench","shader":"compute_matmul","stage":"e2e_spirv","iterations":1,"warmup":0,"p50_ns":3990023,"p95_ns":3990023,"p99_ns":3990023,"min_ns":3990023,"max_ns":3990023,"mean_ns":3990023,"bytes_out":2152}
{"kind":"shader_bench","shader":"compute_matmul","stage":"e2e_hlsl","iterations":1,"warmup":0,"p50_ns":1905432,"p95_ns":1905432,"p99_ns":1905432,"min_ns":1905432,"max_ns":1905432,"mean_ns":1905432,"bytes_out":3729}
{"kind":"shader_bench","shader":"vertex_struct_io","stage":"analyze_to_ir","iterations":1,"warmup":0,"p50_ns":991770,"p95_ns":991770,"p99_ns":991770,"min_ns":991770,"max_ns":991770,"mean_ns":991770,"bytes_out":0}
{"kind":"shader_bench","shader":"vertex_struct_io","stage":"emit_msl","iterations":1,"warmup":0,"p50_ns":30027,"p95_ns":30027,"p99_ns":30027,"min_ns":30027,"max_ns":30027,"mean_ns":30027,"bytes_out":842}
{"kind":"shader_bench","shader":"vertex_struct_io","stage":"emit_spirv","iterations":1,"warmup":0,"p50_ns":1027337,"p95_ns":1027337,"p99_ns":1027337,"min_ns":1027337,"max_ns":1027337,"mean_ns":1027337,"bytes_out":1000}
{"kind":"shader_bench","shader":"vertex_struct_io","stage":"emit_hlsl","iterations":1,"warmup":0,"p50_ns":20509,"p95_ns":20509,"p99_ns":20509,"min_ns":20509,"max_ns":20509,"mean_ns":20509,"bytes_out":3234}
{"kind":"shader_bench","shader":"vertex_struct_io","stage":"e2e_msl","iterations":1,"warmup":0,"p50_ns":1046653,"p95_ns":1046653,"p99_ns":1046653,"min_ns":1046653,"max_ns":1046653,"mean_ns":1046653,"bytes_out":842}
{"kind":"shader_bench","shader":"vertex_struct_io","stage":"e2e_spirv","iterations":1,"warmup":0,"p50_ns":2111521,"p95_ns":2111521,"p99_ns":2111521,"min_ns":2111521,"max_ns":2111521,"mean_ns":2111521,"bytes_out":1000}
{"kind":"shader_bench","shader":"vertex_struct_io","stage":"e2e_hlsl","iterations":1,"warmup":0,"p50_ns":1053717,"p95_ns":1053717,"p99_ns":1053717,"min_ns":1053717,"max_ns":1053717,"mean_ns":1053717,"bytes_out":3234}
{"kind":"shader_bench","shader":"fragment_math","stage":"analyze_to_ir","iterations":1,"warmup":0,"p50_ns":975639,"p95_ns":975639,"p99_ns":975639,"min_ns":975639,"max_ns":975639,"mean_ns":975639,"bytes_out":0}
{"kind":"shader_bench","shader":"fragment_math","stage":"emit_msl","iterations":1,"warmup":0,"p50_ns":46247,"p95_ns":46247,"p99_ns":46247,"min_ns":46247,"max_ns":46247,"mean_ns":46247,"bytes_out":722}
{"kind":"shader_bench","shader":"fragment_math","stage":"emit_spirv","iterations":1,"warmup":0,"p50_ns":994885,"p95_ns":994885,"p99_ns":994885,"min_ns":994885,"max_ns":994885,"mean_ns":994885,"bytes_out":808}
{"kind":"shader_bench","shader":"fragment_math","stage":"emit_hlsl","iterations":1,"warmup":0,"p50_ns":29466,"p95_ns":29466,"p99_ns":29466,"min_ns":29466,"max_ns":29466,"mean_ns":29466,"bytes_out":3080}
{"kind":"shader_bench","shader":"fragment_math","stage":"e2e_msl","iterations":1,"warmup":0,"p50_ns":1031344,"p95_ns":1031344,"p99_ns":1031344,"min_ns":1031344,"max_ns":1031344,"mean_ns":1031344,"bytes_out":722}
{"kind":"shader_bench","shader":"fragment_math","stage":"e2e_spirv","iterations":1,"warmup":0,"p50_ns":2009599,"p95_ns":2009599,"p99_ns":2009599,"min_ns":2009599,"max_ns":2009599,"mean_ns":2009599,"bytes_out":808}
{"kind":"shader_bench","shader":"fragment_math","stage":"e2e_hlsl","iterations":1,"warmup":0,"p50_ns":1027618,"p95_ns":1027618,"p99_ns":1027618,"min_ns":1027618,"max_ns":1027618,"mean_ns":1027618,"bytes_out":3080}
{"kind":"shader_bench","shader":"fragment_discard","stage":"analyze_to_ir","iterations":1,"warmup":0,"p50_ns":689210,"p95_ns":689210,"p99_ns":689210,"min_ns":689210,"max_ns":689210,"mean_ns":689210,"bytes_out":0}
{"kind":"shader_bench","shader":"fragment_discard","stage":"emit_msl","iterations":1,"warmup":0,"p50_ns":18736,"p95_ns":18736,"p99_ns":18736,"min_ns":18736,"max_ns":18736,"mean_ns":18736,"bytes_out":589}
{"kind":"shader_bench","shader":"fragment_discard","stage":"emit_spirv","iterations":1,"warmup":0,"p50_ns":744915,"p95_ns":744915,"p99_ns":744915,"min_ns":744915,"max_ns":744915,"mean_ns":744915,"bytes_out":748}
{"kind":"shader_bench","shader":"fragment_discard","stage":"emit_hlsl","iterations":1,"warmup":0,"p50_ns":13465,"p95_ns":13465,"p99_ns":13465,"min_ns":13465,"max_ns":13465,"mean_ns":13465,"bytes_out":3000}
{"kind":"shader_bench","shader":"fragment_discard","stage":"e2e_msl","iterations":1,"warmup":0,"p50_ns":737530,"p95_ns":737530,"p99_ns":737530,"min_ns":737530,"max_ns":737530,"mean_ns":737530,"bytes_out":589}
{"kind":"shader_bench","shader":"fragment_discard","stage":"e2e_spirv","iterations":1,"warmup":0,"p50_ns":1475451,"p95_ns":1475451,"p99_ns":1475451,"min_ns":1475451,"max_ns":1475451,"mean_ns":1475451,"bytes_out":748}
{"kind":"shader_bench","shader":"fragment_discard","stage":"e2e_hlsl","iterations":1,"warmup":0,"p50_ns":735908,"p95_ns":735908,"p99_ns":735908,"min_ns":735908,"max_ns":735908,"mean_ns":735908,"bytes_out":3000}
