{"kind":"shader_bench","shader":"compute_simple","stage":"analyze_to_ir","iterations":3,"warmup":2,"p50_ns":3817,"p95_ns":4789,"p99_ns":4789,"min_ns":3767,"max_ns":4789,"mean_ns":4124,"bytes_out":0}
{"kind":"shader_bench","shader":"compute_simple","stage":"emit_msl","iterations":3,"warmup":2,"p50_ns":191,"p95_ns":1042,"p99_ns":1042,"min_ns":180,"max_ns":1042,"mean_ns":471,"bytes_out":231}
{"kind":"shader_bench","shader":"compute_simple","stage":"emit_spirv","iterations":3,"warmup":2,"p50_ns":23615,"p95_ns":25878,"p99_ns":25878,"min_ns":23304,"max_ns":25878,"mean_ns":24265,"bytes_out":688}
{"kind":"shader_bench","shader":"compute_simple","stage":"emit_hlsl","iterations":3,"warmup":2,"p50_ns":270,"p95_ns":731,"p99_ns":731,"min_ns":261,"max_ns":731,"mean_ns":420,"bytes_out":2939}
{"kind":"shader_bench","shader":"compute_simple","stage":"e2e_msl","iterations":3,"warmup":2,"p50_ns":8527,"p95_ns":14618,"p99_ns":14618,"min_ns":7144,"max_ns":14618,"mean_ns":10096,"bytes_out":231}
{"kind":"shader_bench","shader":"compute_simple","stage":"e2e_spirv","iterations":3,"warmup":2,"p50_ns":29836,"p95_ns":29926,"p99_ns":29926,"min_ns":28934,"max_ns":29926,"mean_ns":29565,"bytes_out":688}
{"kind":"shader_bench","shader":"compute_simple","stage":"e2e_hlsl","iterations":3,"warmup":2,"p50_ns":7283,"p95_ns":11903,"p99_ns":11903,"min_ns":7274,"max_ns":11903,"mean_ns":8820,"bytes_out":2939}
{"kind":"shader_bench","shader":"compute_matmul","stage":"analyze_to_ir","iterations":3,"warmup":2,"p50_ns":31369,"p95_ns":31549,"p99_ns":31549,"min_ns":24646,"max_ns":31549,"mean_ns":29188,"bytes_out":0}
{"kind":"shader_bench","shader":"compute_matmul","stage":"emit_msl","iterations":3,"warmup":2,"p50_ns":761,"p95_ns":1232,"p99_ns":1232,"min_ns":722,"max_ns":1232,"mean_ns":905,"bytes_out":744}
{"kind":"shader_bench","shader":"compute_matmul","stage":"emit_spirv","iterations":3,"warmup":2,"p50_ns":48231,"p95_ns":49123,"p99_ns":49123,"min_ns":43672,"max_ns":49123,"mean_ns":47008,"bytes_out":2152}
{"kind":"shader_bench","shader":"compute_matmul","stage":"emit_hlsl","iterations":3,"warmup":2,"p50_ns":811,"p95_ns":1563,"p99_ns":1563,"min_ns":792,"max_ns":1563,"mean_ns":1055,"bytes_out":3729}
{"kind":"shader_bench","shader":"compute_matmul","stage":"e2e_msl","iterations":3,"warmup":2,"p50_ns":30938,"p95_ns":40887,"p99_ns":40887,"min_ns":29796,"max_ns":40887,"mean_ns":33873,"bytes_out":744}
{"kind":"shader_bench","shader":"compute_matmul","stage":"e2e_spirv","iterations":3,"warmup":2,"p50_ns":82345,"p95_ns":86352,"p99_ns":86352,"min_ns":78377,"max_ns":86352,"mean_ns":82358,"bytes_out":2152}
{"kind":"shader_bench","shader":"compute_matmul","stage":"e2e_hlsl","iterations":3,"warmup":2,"p50_ns":52609,"p95_ns":55344,"p99_ns":55344,"min_ns":37490,"max_ns":55344,"mean_ns":48481,"bytes_out":3729}
{"kind":"shader_bench","shader":"vertex_struct_io","stage":"analyze_to_ir","iterations":3,"warmup":2,"p50_ns":7174,"p95_ns":7273,"p99_ns":7273,"min_ns":7013,"max_ns":7273,"mean_ns":7153,"bytes_out":0}
{"kind":"shader_bench","shader":"vertex_struct_io","stage":"emit_msl","iterations":3,"warmup":2,"p50_ns":872,"p95_ns":1703,"p99_ns":1703,"min_ns":691,"max_ns":1703,"mean_ns":1088,"bytes_out":842}
{"kind":"shader_bench","shader":"vertex_struct_io","stage":"emit_spirv","iterations":3,"warmup":2,"p50_ns":17052,"p95_ns":18926,"p99_ns":18926,"min_ns":13636,"max_ns":18926,"mean_ns":16538,"bytes_out":1000}
{"kind":"shader_bench","shader":"vertex_struct_io","stage":"emit_hlsl","iterations":3,"warmup":2,"p50_ns":490,"p95_ns":1032,"p99_ns":1032,"min_ns":480,"max_ns":1032,"mean_ns":667,"bytes_out":3234}
{"kind":"shader_bench","shader":"vertex_struct_io","stage":"e2e_msl","iterations":3,"warmup":2,"p50_ns":14367,"p95_ns":26009,"p99_ns":26009,"min_ns":13646,"max_ns":26009,"mean_ns":18007,"bytes_out":842}
{"kind":"shader_bench","shader":"vertex_struct_io","stage":"e2e_spirv","iterations":3,"warmup":2,"p50_ns":27713,"p95_ns":28634,"p99_ns":28634,"min_ns":26831,"max_ns":28634,"mean_ns":27726,"bytes_out":1000}
{"kind":"shader_bench","shader":"vertex_struct_io","stage":"e2e_hlsl","iterations":3,"warmup":2,"p50_ns":16070,"p95_ns":17924,"p99_ns":17924,"min_ns":13275,"max_ns":17924,"mean_ns":15756,"bytes_out":3234}
{"kind":"shader_bench","shader":"fragment_math","stage":"analyze_to_ir","iterations":3,"warmup":2,"p50_ns":11492,"p95_ns":13075,"p99_ns":13075,"min_ns":10330,"max_ns":13075,"mean_ns":11632,"bytes_out":0}
{"kind":"shader_bench","shader":"fragment_math","stage":"emit_msl","iterations":3,"warmup":2,"p50_ns":861,"p95_ns":1453,"p99_ns":1453,"min_ns":692,"max_ns":1453,"mean_ns":1002,"bytes_out":722}
{"kind":"shader_bench","shader":"fragment_math","stage":"emit_spirv","iterations":3,"warmup":2,"p50_ns":22062,"p95_ns":22442,"p99_ns":22442,"min_ns":19377,"max_ns":22442,"mean_ns":21293,"bytes_out":808}
{"kind":"shader_bench","shader":"fragment_math","stage":"emit_hlsl","iterations":3,"warmup":2,"p50_ns":521,"p95_ns":1022,"p99_ns":1022,"min_ns":501,"max_ns":1022,"mean_ns":681,"bytes_out":3080}
{"kind":"shader_bench","shader":"fragment_math","stage":"e2e_msl","iterations":3,"warmup":2,"p50_ns":11572,"p95_ns":13305,"p99_ns":13305,"min_ns":10430,"max_ns":13305,"mean_ns":11769,"bytes_out":722}
{"kind":"shader_bench","shader":"fragment_math","stage":"e2e_spirv","iterations":3,"warmup":2,"p50_ns":29356,"p95_ns":30788,"p99_ns":30788,"min_ns":26780,"max_ns":30788,"mean_ns":28974,"bytes_out":808}
{"kind":"shader_bench","shader":"fragment_math","stage":"e2e_hlsl","iterations":3,"warmup":2,"p50_ns":12584,"p95_ns":12744,"p99_ns":12744,"min_ns":11271,"max_ns":12744,"mean_ns":12199,"bytes_out":3080}
{"kind":"shader_bench","shader":"fragment_discard","stage":"analyze_to_ir","iterations":3,"warmup":2,"p50_ns":3787,"p95_ns":3908,"p99_ns":3908,"min_ns":3747,"max_ns":3908,"mean_ns":3814,"bytes_out":0}
{"kind":"shader_bench","shader":"fragment_discard","stage":"emit_msl","iterations":3,"warmup":2,"p50_ns":410,"p95_ns":1253,"p99_ns":1253,"min_ns":391,"max_ns":1253,"mean_ns":684,"bytes_out":589}
{"kind":"shader_bench","shader":"fragment_discard","stage":"emit_spirv","iterations":3,"warmup":2,"p50_ns":11852,"p95_ns":13496,"p99_ns":13496,"min_ns":11742,"max_ns":13496,"mean_ns":12363,"bytes_out":748}
{"kind":"shader_bench","shader":"fragment_discard","stage":"emit_hlsl","iterations":3,"warmup":2,"p50_ns":370,"p95_ns":2926,"p99_ns":2926,"min_ns":331,"max_ns":2926,"mean_ns":1209,"bytes_out":3000}
{"kind":"shader_bench","shader":"fragment_discard","stage":"e2e_msl","iterations":3,"warmup":2,"p50_ns":7925,"p95_ns":8837,"p99_ns":8837,"min_ns":7334,"max_ns":8837,"mean_ns":8032,"bytes_out":589}
{"kind":"shader_bench","shader":"fragment_discard","stage":"e2e_spirv","iterations":3,"warmup":2,"p50_ns":19547,"p95_ns":21701,"p99_ns":21701,"min_ns":18885,"max_ns":21701,"mean_ns":20044,"bytes_out":748}
{"kind":"shader_bench","shader":"fragment_discard","stage":"e2e_hlsl","iterations":3,"warmup":2,"p50_ns":7184,"p95_ns":8266,"p99_ns":8266,"min_ns":7063,"max_ns":8266,"mean_ns":7504,"bytes_out":3000}
