{"kind":"shader_bench","shader":"compute_simple","stage":"analyze_to_ir","iterations":1,"warmup":0,"p50_ns":8496,"p95_ns":8496,"p99_ns":8496,"min_ns":8496,"max_ns":8496,"mean_ns":8496,"bytes_out":0}
{"kind":"shader_bench","shader":"compute_simple","stage":"emit_msl","iterations":1,"warmup":0,"p50_ns":11341,"p95_ns":11341,"p99_ns":11341,"min_ns":11341,"max_ns":11341,"mean_ns":11341,"bytes_out":231}
{"kind":"shader_bench","shader":"compute_simple","stage":"emit_spirv","iterations":1,"warmup":0,"p50_ns":41438,"p95_ns":41438,"p99_ns":41438,"min_ns":41438,"max_ns":41438,"mean_ns":41438,"bytes_out":688}
{"kind":"shader_bench","shader":"compute_simple","stage":"emit_hlsl","iterations":1,"warmup":0,"p50_ns":8577,"p95_ns":8577,"p99_ns":8577,"min_ns":8577,"max_ns":8577,"mean_ns":8577,"bytes_out":2939}
{"kind":"shader_bench","shader":"compute_simple","stage":"e2e_msl","iterations":1,"warmup":0,"p50_ns":14277,"p95_ns":14277,"p99_ns":14277,"min_ns":14277,"max_ns":14277,"mean_ns":14277,"bytes_out":231}
{"kind":"shader_bench","shader":"compute_simple","stage":"e2e_spirv","iterations":1,"warmup":0,"p50_ns":37561,"p95_ns":37561,"p99_ns":37561,"min_ns":37561,"max_ns":37561,"mean_ns":37561,"bytes_out":688}
{"kind":"shader_bench","shader":"compute_simple","stage":"e2e_hlsl","iterations":1,"warmup":0,"p50_ns":16140,"p95_ns":16140,"p99_ns":16140,"min_ns":16140,"max_ns":16140,"mean_ns":16140,"bytes_out":2939}
{"kind":"shader_bench","shader":"compute_matmul","stage":"analyze_to_ir","iterations":1,"warmup":0,"p50_ns":42680,"p95_ns":42680,"p99_ns":42680,"min_ns":42680,"max_ns":42680,"mean_ns":42680,"bytes_out":0}
{"kind":"shader_bench","shader":"compute_matmul","stage":"emit_msl","iterations":1,"warmup":0,"p50_ns":5250,"p95_ns":5250,"p99_ns":5250,"min_ns":5250,"max_ns":5250,"mean_ns":5250,"bytes_out":744}
{"kind":"shader_bench","shader":"compute_matmul","stage":"emit_spirv","iterations":1,"warmup":0,"p50_ns":36549,"p95_ns":36549,"p99_ns":36549,"min_ns":36549,"max_ns":36549,"mean_ns":36549,"bytes_out":2152}
{"kind":"shader_bench","shader":"compute_matmul","stage":"emit_hlsl","iterations":1,"warmup":0,"p50_ns":4148,"p95_ns":4148,"p99_ns":4148,"min_ns":4148,"max_ns":4148,"mean_ns":4148,"bytes_out":3729}
{"kind":"shader_bench","shader":"compute_matmul","stage":"e2e_msl","iterations":1,"warmup":0,"p50_ns":44664,"p95_ns":44664,"p99_ns":44664,"min_ns":44664,"max_ns":44664,"mean_ns":44664,"bytes_out":744}
{"kind":"shader_bench","shader":"compute_matmul","stage":"e2e_spirv","iterations":1,"warmup":0,"p50_ns":73359,"p95_ns":73359,"p99_ns":73359,"min_ns":73359,"max_ns":73359,"mean_ns":73359,"bytes_out":2152}
{"kind":"shader_bench","shader":"compute_matmul","stage":"e2e_hlsl","iterations":1,"warmup":0,"p50_ns":45926,"p95_ns":45926,"p99_ns":45926,"min_ns":45926,"max_ns":45926,"mean_ns":45926,"bytes_out":3729}
{"kind":"shader_bench","shader":"vertex_struct_io","stage":"analyze_to_ir","iterations":1,"warmup":0,"p50_ns":12393,"p95_ns":12393,"p99_ns":12393,"min_ns":12393,"max_ns":12393,"mean_ns":12393,"bytes_out":0}
{"kind":"shader_bench","shader":"vertex_struct_io","stage":"emit_msl","iterations":1,"warmup":0,"p50_ns":8446,"p95_ns":8446,"p99_ns":8446,"min_ns":8446,"max_ns":8446,"mean_ns":8446,"bytes_out":842}
{"kind":"shader_bench","shader":"vertex_struct_io","stage":"emit_spirv","iterations":1,"warmup":0,"p50_ns":34014,"p95_ns":34014,"p99_ns":34014,"min_ns":34014,"max_ns":34014,"mean_ns":34014,"bytes_out":1000}
{"kind":"shader_bench","shader":"vertex_struct_io","stage":"emit_hlsl","iterations":1,"warmup":0,"p50_ns":5220,"p95_ns":5220,"p99_ns":5220,"min_ns":5220,"max_ns":5220,"mean_ns":5220,"bytes_out":3234}
{"kind":"shader_bench","shader":"vertex_struct_io","stage":"e2e_msl","iterations":1,"warmup":0,"p50_ns":17723,"p95_ns":17723,"p99_ns":17723,"min_ns":17723,"max_ns":17723,"mean_ns":17723,"bytes_out":842}
{"kind":"shader_bench","shader":"vertex_struct_io","stage":"e2e_spirv","iterations":1,"warmup":0,"p50_ns":57158,"p95_ns":57158,"p99_ns":57158,"min_ns":57158,"max_ns":57158,"mean_ns":57158,"bytes_out":1000}
{"kind":"shader_bench","shader":"vertex_struct_io","stage":"e2e_hlsl","iterations":1,"warmup":0,"p50_ns":16472,"p95_ns":16472,"p99_ns":16472,"min_ns":16472,"max_ns":16472,"mean_ns":16472,"bytes_out":3234}
{"kind":"shader_bench","shader":"fragment_math","stage":"analyze_to_ir","iterations":1,"warmup":0,"p50_ns":17673,"p95_ns":17673,"p99_ns":17673,"min_ns":17673,"max_ns":17673,"mean_ns":17673,"bytes_out":0}
{"kind":"shader_bench","shader":"fragment_math","stage":"emit_msl","iterations":1,"warmup":0,"p50_ns":8096,"p95_ns":8096,"p99_ns":8096,"min_ns":8096,"max_ns":8096,"mean_ns":8096,"bytes_out":722}
{"kind":"shader_bench","shader":"fragment_math","stage":"emit_spirv","iterations":1,"warmup":0,"p50_ns":46608,"p95_ns":46608,"p99_ns":46608,"min_ns":46608,"max_ns":46608,"mean_ns":46608,"bytes_out":808}
{"kind":"shader_bench","shader":"fragment_math","stage":"emit_hlsl","iterations":1,"warmup":0,"p50_ns":5250,"p95_ns":5250,"p99_ns":5250,"min_ns":5250,"max_ns":5250,"mean_ns":5250,"bytes_out":3080}
{"kind":"shader_bench","shader":"fragment_math","stage":"e2e_msl","iterations":1,"warmup":0,"p50_ns":19536,"p95_ns":19536,"p99_ns":19536,"min_ns":19536,"max_ns":19536,"mean_ns":19536,"bytes_out":722}
{"kind":"shader_bench","shader":"fragment_math","stage":"e2e_spirv","iterations":1,"warmup":0,"p50_ns":44794,"p95_ns":44794,"p99_ns":44794,"min_ns":44794,"max_ns":44794,"mean_ns":44794,"bytes_out":808}
{"kind":"shader_bench","shader":"fragment_math","stage":"e2e_hlsl","iterations":1,"warmup":0,"p50_ns":21681,"p95_ns":21681,"p99_ns":21681,"min_ns":21681,"max_ns":21681,"mean_ns":21681,"bytes_out":3080}
{"kind":"shader_bench","shader":"fragment_discard","stage":"analyze_to_ir","iterations":1,"warmup":0,"p50_ns":6072,"p95_ns":6072,"p99_ns":6072,"min_ns":6072,"max_ns":6072,"mean_ns":6072,"bytes_out":0}
{"kind":"shader_bench","shader":"fragment_discard","stage":"emit_msl","iterations":1,"warmup":0,"p50_ns":1994,"p95_ns":1994,"p99_ns":1994,"min_ns":1994,"max_ns":1994,"mean_ns":1994,"bytes_out":589}
{"kind":"shader_bench","shader":"fragment_discard","stage":"emit_spirv","iterations":1,"warmup":0,"p50_ns":24076,"p95_ns":24076,"p99_ns":24076,"min_ns":24076,"max_ns":24076,"mean_ns":24076,"bytes_out":748}
{"kind":"shader_bench","shader":"fragment_discard","stage":"emit_hlsl","iterations":1,"warmup":0,"p50_ns":1784,"p95_ns":1784,"p99_ns":1784,"min_ns":1784,"max_ns":1784,"mean_ns":1784,"bytes_out":3000}
{"kind":"shader_bench","shader":"fragment_discard","stage":"e2e_msl","iterations":1,"warmup":0,"p50_ns":12794,"p95_ns":12794,"p99_ns":12794,"min_ns":12794,"max_ns":12794,"mean_ns":12794,"bytes_out":589}
{"kind":"shader_bench","shader":"fragment_discard","stage":"e2e_spirv","iterations":1,"warmup":0,"p50_ns":32732,"p95_ns":32732,"p99_ns":32732,"min_ns":32732,"max_ns":32732,"mean_ns":32732,"bytes_out":748}
{"kind":"shader_bench","shader":"fragment_discard","stage":"e2e_hlsl","iterations":1,"warmup":0,"p50_ns":17213,"p95_ns":17213,"p99_ns":17213,"min_ns":17213,"max_ns":17213,"mean_ns":17213,"bytes_out":3000}
