[262.9ms][TestHarness] Initializing WebGPU...
[GPU] amd rdna-3, f16/subgroups, 4.0GB, submit probe: 0.4ms
[272.6ms][TestHarness] GPU: hasF16=true, hasSubgroups=true
[272.6ms][TestHarness] Fetching manifest...
[276.2ms][TestHarness] Model: transformer
[276.8ms][TestHarness] Creating pipeline...
[Doppler] Log level set to: ERROR
{
  "ok": true,
  "receipt": "bench/out/external-projects/doppler/20260907-multi-dot-p0-qualified/lanes/W0/doppler_int4ple_reference_export.json",
  "tensor": "bench/out/external-projects/doppler/20260907-multi-dot-p0-qualified/lanes/W0/final_logits.f32",
  "tensorSha256": "4f961414d7ef3eca43fdb9707f4e1f7210d98328567134f6bdcfa003144bac66",
  "tokenCount": 12,
  "logitsShape": [
    262144
  ],
  "decodeStepsRequested": 4,
  "decodeStepsProduced": 4
}
[Doppler] Log level set to: INFO
[2083.3ms][Pipeline] Unloaded
