Zig source architecture review signals:
src/backend/vulkan/native_runtime.zig: 1007 lines exceeds advisory review signal 800
src/backend/vulkan/vk_render.zig: 981 lines exceeds advisory review signal 800
src/backend/vulkan/vk_resources.zig: 1045 lines exceeds advisory review signal 800
src/backend/vulkan/vk_upload.zig: 843 lines exceeds advisory review signal 800
src/backend/vulkan/vulkan_surface.zig: 808 lines exceeds advisory review signal 800
src/compiler/tsir/digest.zig: 999 lines exceeds advisory review signal 800
src/compiler/tsir/emit_kernel_body.zig: 895 lines exceeds advisory review signal 800
src/compiler/tsir/frontend.zig: 885 lines exceeds advisory review signal 800
src/compiler/tsir/reference_extended_ops.zig: 841 lines exceeds advisory review signal 800
src/compiler/wgsl/emit/csl/emit_csl_exec_v1.zig: 989 lines exceeds advisory review signal 800
src/compiler/wgsl/emit/csl/emit_csl_host_compile_source.zig: 895 lines exceeds advisory review signal 800
src/compiler/wgsl/emit/csl/emit_csl_host_runtime.zig: 837 lines exceeds advisory review signal 800
src/compiler/wgsl/emit/csl/emit_csl_ir_walk.zig: 888 lines exceeds advisory review signal 800
src/compiler/wgsl/emit/csl/emit_csl_layout.zig: 911 lines exceeds advisory review signal 800
src/compiler/wgsl/emit/msl/emit_msl_ir.zig: 973 lines exceeds advisory review signal 800
src/compiler/wgsl/emit/spirv/emit_spirv_builtins.zig: 839 lines exceeds advisory review signal 800
src/compiler/wgsl/emit/spirv/emit_spirv_fn.zig: 1005 lines exceeds advisory review signal 800
src/compiler/wgsl/frontend/parser_expr.zig: 851 lines exceeds advisory review signal 800
src/compiler/wgsl/frontend/sema.zig: 805 lines exceeds advisory review signal 800
src/compiler/wgsl/ir/ir_transform_robustness.zig: 984 lines exceeds advisory review signal 800
src/compiler/wgsl/proof/dispatch_proof_match.zig: 890 lines exceeds advisory review signal 800
src/compiler/wgsl/proof/dispatch_uniform_bounds.zig: 878 lines exceeds advisory review signal 800
src/dropin/dropin_browser_shared_memory.zig: 806 lines exceeds advisory review signal 800
src/native/compute/doe_compute_fast.zig: 1061 lines exceeds advisory review signal 800
src/native/queue/doe_queue_submit_metal.zig: 829 lines exceeds advisory review signal 800
src/native/resource/doe_texture_sampler_native.zig: 827 lines exceeds advisory review signal 800
src/native/shader/doe_shader_native.zig: 956 lines exceeds advisory review signal 800
src/native/vulkan/vulkan_compute_native.zig: 1039 lines exceeds advisory review signal 800
src/runtime/trace/trace.zig: 879 lines exceeds advisory review signal 800
src/spatial/csl/csl_host_plan_tool.zig: 828 lines exceeds advisory review signal 800
test
+- run test stderr
[default] (warn): doe: createShaderModule failed: unsupported sType 0xffffffff
[default] (warn): doe: createComputePipeline failed: shader module is null or invalid. Ensure createShaderModule succeeded (check stderr for WGSL translation errors).
[default] (warn): doe: createShaderModule failed: MTLLibrary creation returned null
[default] (warn): doe_compute_preconditions: storage dispatch precondition failed: requiredBytes=3072 boundBytes=2047 kind=flat_index_2d_dispatch_x group=0 binding=1
[default] (warn): doe_compute_preconditions: storage dispatch precondition failed: buffer missing group=0 binding=0

Build Summary: 13/13 steps succeeded; 3259/3263 tests passed; 4 skipped
test success
+- run python3 success 863ms MaxRSS:14M
+- run python3 success 450ms MaxRSS:27M
+- run python3 success 43ms MaxRSS:21M
+- run python3 success 53ms MaxRSS:21M
+- run python3 success 41ms MaxRSS:21M
+- run python3 success 76ms MaxRSS:12M
+- run test 2145 passed 4 skipped 1s MaxRSS:86M
   +- compile test Debug native success 1s MaxRSS:297M
      +- options cached
test-wgsl success
+- run python3 (reused)
+- run python3 (reused)
+- run python3 (reused)
+- run python3 (reused)
+- run test 1114 passed 5s MaxRSS:15M
   +- compile test Debug native cached 13ms MaxRSS:40M
      +- options (reused)

