[
  {
    "id": "doe-gpu-linux-x64@0.5.0",
    "name": "doe-gpu-linux-x64",
    "version": "0.5.0",
    "size": 3196273,
    "unpackedSize": 12059358,
    "shasum": "e22538a4a643dff1c6652dd3e74deacd9fe47105",
    "integrity": "sha512-VSKDsm/SNBxdqVy5+ihOR/D13pJ7RAXJk+M+AoqwEAU/CDyyQ47ID7ogdOyqAz2T+NOAqhYZ1tmFj852NabRmw==",
    "filename": "doe-gpu-linux-x64-0.5.0.tgz",
    "files": [
      {
        "path": "LICENSE",
        "size": 10773,
        "mode": 420
      },
      {
        "path": "bin/doe_napi.node",
        "size": 424080,
        "mode": 420
      },
      {
        "path": "bin/doe-build-metadata.json",
        "size": 422,
        "mode": 420
      },
      {
        "path": "bin/libwebgpu_doe.so",
        "size": 11623232,
        "mode": 493
      },
      {
        "path": "bin/metadata.json",
        "size": 143,
        "mode": 420
      },
      {
        "path": "index.js",
        "size": 290,
        "mode": 420
      },
      {
        "path": "package.json",
        "size": 418,
        "mode": 420
      }
    ],
    "entryCount": 7,
    "bundled": []
  }
]
