source layout violations detected:
module decision review is stale for src/backend/metal/metal_bridge_decls.zig: expected 20995a16dcac96cdd0a159b8c716eaecb5e701c911ec004ea79cc481ac689668, got f797cb889fb770a674d2cc15c6333fb0bb0ef360769f492546cc57bae105e250
Zig source architecture review signals:
src/backend/vulkan/native_runtime.zig: 1003 lines exceeds advisory review signal 800
src/backend/vulkan/vk_render.zig: 981 lines exceeds advisory review signal 800
src/backend/vulkan/vk_resources.zig: 1069 lines exceeds advisory review signal 800
src/backend/vulkan/vk_upload.zig: 843 lines exceeds advisory review signal 800
src/backend/vulkan/vulkan_surface.zig: 808 lines exceeds advisory review signal 800
src/compiler/tsir/digest.zig: 999 lines exceeds advisory review signal 800
src/compiler/tsir/emit_kernel_body.zig: 895 lines exceeds advisory review signal 800
src/compiler/tsir/frontend.zig: 885 lines exceeds advisory review signal 800
src/compiler/tsir/reference_extended_ops.zig: 841 lines exceeds advisory review signal 800
src/compiler/wgsl/emit/csl/emit_csl_exec_v1.zig: 989 lines exceeds advisory review signal 800
src/compiler/wgsl/emit/csl/emit_csl_host_compile_source.zig: 895 lines exceeds advisory review signal 800
src/compiler/wgsl/emit/csl/emit_csl_host_runtime.zig: 837 lines exceeds advisory review signal 800
src/compiler/wgsl/emit/csl/emit_csl_ir_walk.zig: 888 lines exceeds advisory review signal 800
src/compiler/wgsl/emit/csl/emit_csl_layout.zig: 911 lines exceeds advisory review signal 800
src/compiler/wgsl/emit/msl/emit_msl_ir.zig: 981 lines exceeds advisory review signal 800
src/compiler/wgsl/emit/spirv/emit_spirv_builtins.zig: 839 lines exceeds advisory review signal 800
src/compiler/wgsl/emit/spirv/emit_spirv_fn.zig: 1046 lines exceeds advisory review signal 800
src/compiler/wgsl/frontend/parser_expr.zig: 851 lines exceeds advisory review signal 800
src/compiler/wgsl/frontend/sema.zig: 806 lines exceeds advisory review signal 800
src/compiler/wgsl/ir/ir_transform_robustness.zig: 984 lines exceeds advisory review signal 800
src/compiler/wgsl/proof/dispatch_proof_match.zig: 890 lines exceeds advisory review signal 800
src/compiler/wgsl/proof/dispatch_uniform_bounds.zig: 878 lines exceeds advisory review signal 800
src/dropin/dropin_browser_shared_memory.zig: 806 lines exceeds advisory review signal 800
src/native/compute/doe_compute_fast.zig: 1062 lines exceeds advisory review signal 800
src/native/queue/doe_queue_submit_metal.zig: 837 lines exceeds advisory review signal 800
src/native/resource/doe_texture_sampler_native.zig: 829 lines exceeds advisory review signal 800
src/native/shader/doe_shader_native.zig: 956 lines exceeds advisory review signal 800
src/native/vulkan/vulkan_compute_native.zig: 835 lines exceeds advisory review signal 800
src/runtime/trace/trace.zig: 879 lines exceeds advisory review signal 800
src/spatial/csl/csl_host_plan_tool.zig: 828 lines exceeds advisory review signal 800
test
+- run test 42/51 passed, 1 failed, 8 skipped
error: 'src.backend.metal.metal_native_runtime.test.non-Metal completion failures retire queue state and remain observable' failed: expected error.MetalCommandFailed, found error.MetalCompletionUnknown
/home/x/deco/doe/runtime/zig/src/backend/metal/metal_completion.zig:106:17: 0x150a5c7 in retireWithClock__anon_69065 (test_suite.zig)
                return error.MetalCompletionUnknown;
                ^
/home/x/deco/doe/runtime/zig/src/backend/metal/metal_completion.zig:75:9: 0x150849b in retire (test_suite.zig)
        try self.retireWithClock(bridge, Clock, wait_policy.compiled());
        ^
/home/x/deco/doe/runtime/zig/src/backend/metal/metal_runtime_queue_ops.zig:104:9: 0x1500426 in flush_queue_timed__anon_68684 (test_suite.zig)
        try self.completion.retire();
        ^
/home/x/deco/doe/runtime/zig/src/backend/metal/metal_runtime_queue_ops.zig:16:20: 0x1500a5f in flush_queue__anon_68672 (test_suite.zig)
    const result = try flush_queue_timed(self);
                   ^
/home/x/deco/doe/runtime/zig/src/backend/metal/metal_native_runtime.zig:217:9: 0x1500b28 in flush_queue (test_suite.zig)
        return queue_ops.flush_queue(self);
        ^
/home/x/.local/zig/zig-x86_64-linux-0.15.2/lib/std/testing.zig:64:13: 0x151e6d9 in expectError__anon_69815 (std.zig)
            return error.TestUnexpectedError;
            ^
/home/x/deco/doe/runtime/zig/src/backend/metal/metal_native_runtime.zig:491:5: 0x151ed33 in test.non-Metal completion failures retire queue state and remain observable (test_suite.zig)
    try std.testing.expectError(error.MetalCommandFailed, runtime.flush_queue());
    ^
error: while executing test 'src.native.render.doe_render_native.test.Metal render commands snapshot logical dynamic state', the following test command failed:
./.zig-cache/o/8f489d1d86c8cde9c2a1b57325eba4bb/test --cache-dir=./.zig-cache --seed=0x1be8509f --listen=-
test
+- run python3 failure
error: the following command exited with error code 1:
python3 tools/check_source_layout.py

Build Summary: 8/11 steps succeeded; 2 failed; 42/51 tests passed; 8 skipped; 1 failed
test transitive failure
+- zig fmt --check success
+- run python3 success 892ms MaxRSS:13M
+- run python3 failure
+- run python3 success 40ms MaxRSS:21M
+- run python3 success 63ms MaxRSS:20M
+- run python3 success 37ms MaxRSS:21M
+- run python3 success 83ms MaxRSS:12M
+- run test 42/51 passed, 1 failed, 8 skipped
   +- compile test Debug native success 903ms MaxRSS:235M
      +- options success

error: the following build command failed with exit code 1:
.zig-cache/o/a514c9ffaa956a19e0be5987994f5ac1/build /home/x/.local/zig/zig-x86_64-linux-0.15.2/zig /home/x/.local/zig/zig-x86_64-linux-0.15.2/lib /home/x/deco/doe/runtime/zig .zig-cache /home/x/.cache/zig --seed 0x1be8509f -Z1be5b8de6ca74d90 test -Dtest-filter=Metal  --summary all
