thread 3005713 panic: failed to open required build input ../../config/toolchains.json: FileNotFound
/home/x/.local/zig/zig-x86_64-linux-0.15.2/lib/std/posix.zig:1861:23: 0x11115a7 in openatZ (std.zig)
            .NOENT => return error.FileNotFound,
                      ^
/home/x/.local/zig/zig-x86_64-linux-0.15.2/lib/std/fs/Dir.zig:904:16: 0x10f73e2 in openFileZ (std.zig)
    const fd = try posix.openatZ(self.fd, sub_path, os_flags, 0);
               ^
/home/x/.local/zig/zig-x86_64-linux-0.15.2/lib/std/fs/Dir.zig:851:5: 0x10bafe5 in openFile (std.zig)
    return self.openFileZ(&path_c, flags);
    ^
/home/x/deco/doe/runtime/zig/build.zig:135:24: 0x127fbdd in readFileAlloc (build.zig)
        std.debug.panic("failed to open required build input {s}: {s}", .{ path, @errorName(err) });
                       ^
/home/x/deco/doe/runtime/zig/build.zig:225:31: 0x12f25b4 in loadLeanToolchainRefAlloc (build.zig)
    const json = readFileAlloc(allocator, "../../config/toolchains.json", 64 * 1024);
                              ^
/home/x/deco/doe/runtime/zig/build.zig:241:56: 0x127e140 in loadProofProvenance (build.zig)
        .lean_toolchain_ref = loadLeanToolchainRefAlloc(allocator),
                                                       ^
/home/x/deco/doe/runtime/zig/build.zig:467:49: 0x1212140 in build (build.zig)
    const proof_provenance = loadProofProvenance(b.allocator);
                                                ^
/home/x/.local/zig/zig-x86_64-linux-0.15.2/lib/std/Build.zig:2214:33: 0x11de0da in runBuild__anon_23568 (std.zig)
        .void => build_zig.build(b),
                                ^
/home/x/.local/zig/zig-x86_64-linux-0.15.2/lib/compiler/build_runner.zig:366:29: 0x11c3ff1 in main (build_runner.zig)
        try builder.runBuild(root);
                            ^
/home/x/.local/zig/zig-x86_64-linux-0.15.2/lib/std/start.zig:627:37: 0x11cac69 in posixCallMainAndExit (std.zig)
            const result = root.main() catch |err| {
                                    ^
/home/x/.local/zig/zig-x86_64-linux-0.15.2/lib/std/start.zig:232:5: 0x11a9351 in _start (std.zig)
    asm volatile (switch (native_arch) {
    ^
???:?:?: 0x0 in ??? (???)
error: the following build command crashed:
runtime/zig/.zig-cache/o/243988e2b22b8fef9a05be49edd32e9a/build /home/x/.local/zig/zig-x86_64-linux-0.15.2/zig /home/x/.local/zig/zig-x86_64-linux-0.15.2/lib runtime/zig runtime/zig/.zig-cache /home/x/.cache/zig --seed 0x4e9fb4c2 -Z6154c6eccb6e25ae test -Dtest-filter=D3D12 dispatch --summary all
