thread 2166035 panic: failed to open required build input __doe_review_missing_input__: FileNotFound
/home/x/.local/zig/zig-x86_64-linux-0.15.2/lib/std/posix.zig:1861:23: 0x110e5a7 in openatZ (std.zig)
            .NOENT => return error.FileNotFound,
                      ^
/home/x/.local/zig/zig-x86_64-linux-0.15.2/lib/std/fs/Dir.zig:904:16: 0x10f43e2 in openFileZ (std.zig)
    const fd = try posix.openatZ(self.fd, sub_path, os_flags, 0);
               ^
/home/x/.local/zig/zig-x86_64-linux-0.15.2/lib/std/fs/Dir.zig:851:5: 0x10b7fe5 in openFile (std.zig)
    return self.openFileZ(&path_c, flags);
    ^
/home/x/deco/doe/runtime/zig/build.review_input_probe.zig:134:24: 0x1272d6d in readFileAlloc (build.review_input_probe.zig)
        std.debug.panic("failed to open required build input {s}: {s}", .{ path, @errorName(err) });
                       ^
/home/x/deco/doe/runtime/zig/build.review_input_probe.zig:456:22: 0x120a274 in build (build.review_input_probe.zig)
    _ = readFileAlloc(b.allocator, "__doe_review_missing_input__", 1);
                     ^
/home/x/.local/zig/zig-x86_64-linux-0.15.2/lib/std/Build.zig:2214:33: 0x11db0da in runBuild__anon_23568 (std.zig)
        .void => build_zig.build(b),
                                ^
/home/x/.local/zig/zig-x86_64-linux-0.15.2/lib/compiler/build_runner.zig:366:29: 0x11c0ff1 in main (build_runner.zig)
        try builder.runBuild(root);
                            ^
/home/x/.local/zig/zig-x86_64-linux-0.15.2/lib/std/start.zig:627:37: 0x11c7c69 in posixCallMainAndExit (std.zig)
            const result = root.main() catch |err| {
                                    ^
/home/x/.local/zig/zig-x86_64-linux-0.15.2/lib/std/start.zig:232:5: 0x11a6351 in _start (std.zig)
    asm volatile (switch (native_arch) {
    ^
???:?:?: 0x0 in ??? (???)
error: the following build command crashed:
.zig-cache/o/5ca643b5415385387214d9c290e7e722/build /home/x/.local/zig/zig-x86_64-linux-0.15.2/zig /home/x/.local/zig/zig-x86_64-linux-0.15.2/lib /home/x/deco/doe/runtime/zig .zig-cache /home/x/.cache/zig --seed 0x3536342e -Zbd42f1eb7502a7c5 --help
