thread 2166491 panic: failed to read required build input build.zig: FileTooBig
/home/x/.local/zig/zig-x86_64-linux-0.15.2/lib/std/fs/File.zig:833:32: 0x1208f27 in readToEndAllocOptions__anon_70101 (std.zig)
        error.StreamTooLong => return error.FileTooBig,
                               ^
/home/x/.local/zig/zig-x86_64-linux-0.15.2/lib/std/fs/File.zig:810:5: 0x120a16b in readToEndAlloc (std.zig)
    return self.readToEndAllocOptions(allocator, max_bytes, null, .of(u8), null);
    ^
/home/x/deco/doe/runtime/zig/build.review_input_probe.zig:137:24: 0x1272e8e in readFileAlloc (build.review_input_probe.zig)
        std.debug.panic("failed to read required build input {s}: {s}", .{ path, @errorName(err) });
                       ^
/home/x/deco/doe/runtime/zig/build.review_input_probe.zig:456:22: 0x120a274 in build (build.review_input_probe.zig)
    _ = readFileAlloc(b.allocator, "build.zig", 1);
                     ^
/home/x/.local/zig/zig-x86_64-linux-0.15.2/lib/std/Build.zig:2214:33: 0x11db0da in runBuild__anon_23568 (std.zig)
        .void => build_zig.build(b),
                                ^
/home/x/.local/zig/zig-x86_64-linux-0.15.2/lib/compiler/build_runner.zig:366:29: 0x11c0ff1 in main (build_runner.zig)
        try builder.runBuild(root);
                            ^
/home/x/.local/zig/zig-x86_64-linux-0.15.2/lib/std/start.zig:627:37: 0x11c7c69 in posixCallMainAndExit (std.zig)
            const result = root.main() catch |err| {
                                    ^
/home/x/.local/zig/zig-x86_64-linux-0.15.2/lib/std/start.zig:232:5: 0x11a6351 in _start (std.zig)
    asm volatile (switch (native_arch) {
    ^
???:?:?: 0x0 in ??? (???)
error: the following build command crashed:
.zig-cache/o/67a4636c2c6c06a4b9ef739a7dade475/build /home/x/.local/zig/zig-x86_64-linux-0.15.2/zig /home/x/.local/zig/zig-x86_64-linux-0.15.2/lib /home/x/deco/doe/runtime/zig .zig-cache /home/x/.cache/zig --seed 0xeca5e5b7 -Zdfce68ec0281c53d --help
