{"worker":3,"generation":0,"execution":"webgpu","cycles":8,"runs":32,"status":"passed"}
{"worker":0,"generation":0,"execution":"webgpu","cycles":8,"runs":32,"status":"passed"}
{"worker":1,"generation":0,"execution":"webgpu","cycles":8,"runs":32,"status":"passed"}
{"worker":2,"generation":0,"execution":"webgpu","cycles":8,"runs":32,"status":"passed"}
{"worker":0,"generation":0,"execution":"native-recorded","cycles":8,"runs":32,"status":"passed"}
{"worker":1,"generation":0,"execution":"native-recorded","cycles":8,"runs":32,"status":"passed"}
{"worker":3,"generation":0,"execution":"native-recorded","cycles":8,"runs":32,"status":"passed"}
{"worker":2,"generation":0,"execution":"native-recorded","cycles":8,"runs":32,"status":"passed"}
{"worker":0,"generation":0,"execution":"gpu-recorded","cycles":8,"runs":32,"status":"passed"}
{"worker":1,"generation":0,"execution":"gpu-recorded","cycles":8,"runs":32,"status":"passed"}
{"worker":3,"generation":0,"execution":"gpu-recorded","cycles":8,"runs":32,"status":"passed"}
{"worker":2,"generation":0,"execution":"gpu-recorded","cycles":8,"runs":32,"status":"passed"}
{"worker":0,"generation":0,"execution":"native-direct","status":"passed"}
{"worker":1,"generation":0,"execution":"native-direct","status":"passed"}
{"worker":3,"generation":0,"execution":"native-direct","status":"passed"}
{"worker":2,"generation":0,"execution":"native-direct","status":"passed"}
{"worker":1,"generation":1,"execution":"webgpu","cycles":8,"runs":32,"status":"passed"}
{"worker":3,"generation":1,"execution":"webgpu","cycles":8,"runs":32,"status":"passed"}
{"worker":2,"generation":1,"execution":"webgpu","cycles":8,"runs":32,"status":"passed"}
{"worker":0,"generation":1,"execution":"webgpu","cycles":8,"runs":32,"status":"passed"}
{"worker":2,"generation":1,"execution":"native-recorded","cycles":8,"runs":32,"status":"passed"}
{"worker":3,"generation":1,"execution":"native-recorded","cycles":8,"runs":32,"status":"passed"}
{"worker":1,"generation":1,"execution":"native-recorded","cycles":8,"runs":32,"status":"passed"}
{"worker":0,"generation":1,"execution":"native-recorded","cycles":8,"runs":32,"status":"passed"}
{"worker":2,"generation":1,"execution":"gpu-recorded","cycles":8,"runs":32,"status":"passed"}
{"worker":1,"generation":1,"execution":"gpu-recorded","cycles":8,"runs":32,"status":"passed"}
{"worker":3,"generation":1,"execution":"gpu-recorded","cycles":8,"runs":32,"status":"passed"}
{"worker":0,"generation":1,"execution":"gpu-recorded","cycles":8,"runs":32,"status":"passed"}
{"worker":1,"generation":1,"execution":"native-direct","status":"passed"}
{"worker":2,"generation":1,"execution":"native-direct","status":"passed"}
{"worker":3,"generation":1,"execution":"native-direct","status":"passed"}
{"worker":0,"generation":1,"execution":"native-direct","status":"passed"}
ok: isolated worker devices, exact outputs, recreated environments, surviving parent
