1/78 .audit_render_probe.test.render failed fence wait retains attachments until delayed completion...RENDER loss=0 timeline=false retained=true failed=true idle_calls=4 premature=0
OK
2/78 .audit_render_probe.test.render failed wait retains attachments until device loss...RENDER loss=1 timeline=false retained=true failed=true idle_calls=4 premature=0
OK
3/78 .audit_render_probe.test.render confirmed device loss preserves failed operation...RENDER loss=2 timeline=false retained=true failed=true idle_calls=4 premature=0
OK
4/78 .audit_render_probe.test.render failed timeline wait retains attachments until delayed completion...RENDER loss=0 timeline=true retained=true failed=true idle_calls=4 premature=0
OK
5/78 .audit_render_probe.test.render failed timeline wait retains attachments until device loss...RENDER loss=1 timeline=true retained=true failed=true idle_calls=4 premature=0
OK
6/78 .audit_render_probe.test.render timeline device loss preserves failed operation...RENDER loss=2 timeline=true retained=true failed=true idle_calls=4 premature=0
OK
7/78 .audit_render_probe.test.render rejected submissions preserve retry for fence and timeline...OK
8/78 src.backend.vulkan.vk_pipeline_cache_persistent.test.disabled flag suppresses cache creation...OK
9/78 src.backend.vulkan.vk_pipeline_cache_persistent.test.default state is disabled handle...OK
10/78 src.backend.vulkan.vk_pipeline_cache_persistent.test.cache configuration is isolated per provider instance...OK
11/78 src.backend.vulkan.vk_sync.test.retirement requires terminal device idle before destruction and never reopens execution...OK
12/78 src.backend.vulkan.vk_sync.test.confirmed device loss authorizes retirement without successful execution...OK
13/78 src.backend.vulkan.vk_sync.test.rejected fence submissions preserve earlier work and permit retry...OK
14/78 src.backend.vulkan.vk_sync.test.rejected sole fence submission does not enter a native wait...OK
15/78 src.backend.vulkan.vk_sync.test.timeline submission reserves then publishes only potentially submitted values...OK
16/78 src.backend.vulkan.vk_sync.test.device loss and unknown submission errors retain synchronization obligations...OK
17/78 src.contracts.backend.test.backend identities and strict selection are stable...OK
18/78 src.backend.backend_policy.test.lane table round-trips canonical and alias names...OK
19/78 src.backend.backend_policy.test.default Vulkan comparable policy declares graphics compute queue preference...OK
20/78 src.backend.backend_policy.test.default Vulkan compute-only diagnostic policy requires compute queue and staged uploads...OK
21/78 src.backend.backend_policy.test.default Vulkan compute-only fence diagnostic policy requires fence pool...OK
22/78 src.backend.backend_policy.test.backend runtime policy: compiled defaults match the config for every lane...OK
23/78 src.backend.backend_policy.test.backend runtime policy: parser ownership and incomplete build table survive allocation failures...OK
24/78 src.backend.backend_policy.test.backend runtime policy: file loading owns the surviving hash and preserves allocation failures...OK
25/78 src.backend.backend_policy.test.backend runtime policy: rejects malformed fields and undeclared choices...OK
26/78 src.backend.vulkan.vk_pipeline.test.staged SPIR-V retains the actual shader across selection replacement without allocation...OK
27/78 src.backend.vulkan.vk_pipeline.test.SPIR-V staging failed acquisition preserves the previous owner...OK
28/78 src.backend.vulkan.vk_pipeline_cache.test.hot compute state cache activates before hash map fallback...OK
29/78 src.backend.vulkan.vk_pipeline_cache.test.buffer destruction retires only matching descriptors across cache tiers...OK
30/78 src.backend.vulkan.vk_resources.test.texture views reject recycled parent allocations and another attachment owner...OK
31/78 src.backend.vulkan.vk_resources.test.default_texture_view_dimension preserves non-2d resources...OK
32/78 src.backend.vulkan.vk_resources.test.copy-only textures do not require Vulkan image views...OK
33/78 src.backend.vulkan.vk_runtime_surface_ops.test.surface capability queries require a native surface...OK
34/78 src.backend.vulkan.vk_compute_sync.test.storage texture write access requires conservative compute synchronization...OK
35/78 src.backend.vulkan.vk_compute_sync.test.Vulkan indirect visibility retains hazards for later shader consumers...OK
36/78 src.backend.vulkan.vulkan_errors.test.check_vk succeeds on VK_SUCCESS...OK
37/78 src.backend.vulkan.vulkan_errors.test.check_vk returns error on failure code...OK
38/78 src.backend.vulkan.vulkan_errors.test.map_vk_result maps EXTENSION_NOT_PRESENT to UnsupportedFeature...OK
39/78 src.backend.vulkan.vulkan_errors.test.map_vk_result maps FEATURE_NOT_PRESENT to UnsupportedFeature...OK
40/78 src.backend.vulkan.vulkan_errors.test.map_vk_result maps INCOMPATIBLE_DRIVER to UnsupportedFeature...OK
41/78 src.backend.vulkan.vulkan_errors.test.map_vk_result maps TOO_MANY_OBJECTS to UnsupportedFeature...OK
42/78 src.backend.vulkan.vulkan_errors.test.map_vk_result maps FORMAT_NOT_SUPPORTED to UnsupportedFeature...OK
43/78 src.backend.vulkan.vulkan_errors.test.map_vk_result maps FRAGMENTED_POOL to UnsupportedFeature...OK
44/78 src.backend.vulkan.vulkan_errors.test.map_vk_result maps UNKNOWN to UnsupportedFeature...OK
45/78 src.backend.vulkan.vulkan_errors.test.map_vk_result maps OUT_OF_DATE_KHR to SurfaceUnavailable...OK
46/78 src.backend.vulkan.vulkan_errors.test.map_vk_result maps other errors to InvalidState...OK
47/78 src.backend.vulkan.vulkan_errors.test.vulkanResultName returns known names...OK
48/78 src.contracts.execution.test.backend errors have one unsupported classification...OK
49/78 src.backend.vulkan.vk_memory_policy.test.readback preference preserves coherence and supported memory type constraints...OK
50/78 src.backend.vulkan.vk_memory_policy.test.host-visible preference selects compatible device-local memory or preserves required properties...OK
51/78 src.backend.vulkan.vk_shader_source.test.SPIR-V cache admission releases loaded words on allocation failure...OK
52/78 src.backend.vulkan.vk_shader_source.test.WGSL source loading and compilation preserve allocation failures...OK
53/78 src.backend.vulkan.vk_shader_source.test.SPIR-V sibling resolution never treats a parent directory suffix as a file extension...OK
54/78 src.backend.common.path_utils.test.path probe distinguishes missing paths from invalid paths...OK
55/78 src.compiler.wgsl.emit.spirv.emit_spirv_shared.test.uncached result instruction reserves id and writes canonical operands...OK
56/78 src.compiler.wgsl.frontend.parser.test.parse simple compute shader...OK
57/78 src.compiler.wgsl.frontend.parser.test.parse struct...OK
58/78 src.compiler.wgsl.frontend.parser.test.parse override...OK
59/78 src.compiler.wgsl.frontend.parser.test.parse multiple entry points...OK
60/78 src.compiler.wgsl.frontend.lexer.test.lex simple compute shader...OK
61/78 src.compiler.wgsl.frontend.lexer.test.lex number literals...OK
62/78 src.compiler.wgsl.frontend.lexer.test.lex compound operators...OK
63/78 src.compiler.wgsl.frontend.lexer.test.lex comments...OK
64/78 src.compiler.wgsl.frontend.lexer.test.lex keywords...OK
65/78 src.compiler.wgsl.frontend.sema_helpers.test.parse wgsl numeric literals trims suffixes and keeps prefixes...OK
66/78 src.compiler.wgsl.frontend.sema_helpers.test.parse vector swizzles validates component sets...OK
67/78 src.compiler.wgsl.frontend.sema_type_syntax.test.matrix shape parser accepts WGSL matrix dimensions...OK
68/78 src.compiler.wgsl.ir.ir_opt_rewrite.test.integer identity rewrites return expression to dynamic operand...OK
69/78 src.compiler.wgsl.ir.ir_opt_rewrite.test.integer identity rewrites transitive expression users...OK
70/78 src.compiler.wgsl.ir.ir_opt_rewrite.test.integer const binary folds mutate expression to literal...OK
71/78 src.compiler.wgsl.ir.ir_opt_rewrite.test.integer const binary folds through local let aliases...OK
72/78 src.compiler.wgsl.ir.ir_opt_rewrite.test.integer const unary folds through local let aliases...OK
73/78 src.compiler.wgsl.ir.ir_opt_rewrite.test.absorbing integer identities preserve zero operand...OK
74/78 src.compiler.wgsl.ir.ir_opt_rewrite.test.bool identity rewrites logical expression roots...OK
75/78 src.compiler.wgsl.ir.ir_query.test.canonical IR queries resolve builtin, literal, global base, and runtime stride...OK
76/78 src.contracts.primitives.byte_scan.test.countLeadingWhitespace handles scalar and vector spans...OK
77/78 src.contracts.primitives.byte_scan.test.digit and identifier scans stop at first non-matching byte...OK
78/78 src.contracts.primitives.byte_scan.test.findFirstByte and json escape scan find expected boundaries...OK
All 78 tests passed.
