--iterations requires an unsigned integer; received '4294967296': Overflow
error: Overflow
/home/x/.local/zig/zig-x86_64-linux-0.15.2/lib/std/math.zig:570:21: 0x11b5aad in add__anon_25954 (std.zig)
    if (ov[1] != 0) return error.Overflow;
                    ^
/home/x/.local/zig/zig-x86_64-linux-0.15.2/lib/std/fmt.zig:468:22: 0x119c4b4 in parseIntWithSign__anon_24954 (std.zig)
        accumulate = try add(Accumulate, accumulate, math.cast(Accumulate, digit) orelse return error.Overflow);
                     ^
/home/x/.local/zig/zig-x86_64-linux-0.15.2/lib/std/fmt.zig:346:5: 0x1177d9a in parseIntWithGenericCharacter__anon_24435 (std.zig)
    return parseIntWithSign(Result, Character, buf, base, .pos);
    ^
/home/x/.local/zig/zig-x86_64-linux-0.15.2/lib/std/fmt.zig:333:5: 0x116b9b5 in parseInt__anon_22765 (std.zig)
    return parseIntWithGenericCharacter(T, u8, buf, base);
    ^
/home/x/deco/doe/runtime/zig/bench/host_hotpath/host_hotpath_bench_support.zig:135:9: 0x114dc03 in parseCount (host_hotpath_bench.zig)
        return err;
        ^
/home/x/deco/doe/runtime/zig/bench/host_hotpath/host_hotpath_bench_support.zig:120:48: 0x114e26a in parseArgs (host_hotpath_bench.zig)
            .iterations => config.iterations = try parseCount(option, value),
                                               ^
/home/x/deco/doe/runtime/zig/bench/host_hotpath/host_hotpath_bench.zig:17:17: 0x1164c03 in main (host_hotpath_bench.zig)
    const cfg = try support.parseArgs(args[1..]);
                ^
