{
  "schema_version": 1,
  "kind": "doe_host_hotpath_bench",
  "tool": "doe-host-hotpath-bench",
  "host": {
    "cpu_arch": "x86_64",
    "cpu_model": "znver5",
    "os": "linux",
    "abi": "gnu",
    "target_triple": "x86_64-linux-gnu",
    "byte_scan_lanes": 16,
    "f32_lanes": 8
  },
  "cases": [
    {
      "category": "trace",
      "case_id": "trace_json_escape_short_plain",
      "description": "Short trace JSON string with no escapes.",
      "variants": [
        {
          "variant": "scalar",
          "iterations": 0,
          "warmup": 0,
          "input_bytes": 18,
          "work_items": 18,
          "min_ns": 5009,
          "max_ns": 5009,
          "mean_ns": 5009,
          "p50_ns": 5009,
          "p95_ns": 5009,
          "p99_ns": 5009,
          "checksum": 54,
          "output_hash": 8597745350862629478
        },
        {
          "variant": "simd",
          "iterations": 0,
          "warmup": 0,
          "input_bytes": 18,
          "work_items": 18,
          "min_ns": 2174,
          "max_ns": 2174,
          "mean_ns": 2174,
          "p50_ns": 2174,
          "p95_ns": 2174,
          "p99_ns": 2174,
          "checksum": 54,
          "output_hash": 8597745350862629478
        }
      ],
      "comparison": {
        "baseline_variant": "scalar",
        "candidate_variant": "simd",
        "speedup": 2.3040478380864764,
        "output_hash_match": true,
        "max_abs_diff": null,
        "max_rel_diff": null
      }
    },
    {
      "category": "trace",
      "case_id": "trace_json_escape_medium_mixed",
      "description": "Medium trace JSON string with quotes, backslashes, and separators.",
      "variants": [
        {
          "variant": "scalar",
          "iterations": 0,
          "warmup": 0,
          "input_bytes": 87,
          "work_items": 87,
          "min_ns": 14226,
          "max_ns": 14226,
          "mean_ns": 14226,
          "p50_ns": 14226,
          "p95_ns": 14226,
          "p99_ns": 14226,
          "checksum": 121,
          "output_hash": 11224717335758091840
        },
        {
          "variant": "simd",
          "iterations": 0,
          "warmup": 0,
          "input_bytes": 87,
          "work_items": 87,
          "min_ns": 3957,
          "max_ns": 3957,
          "mean_ns": 3957,
          "p50_ns": 3957,
          "p95_ns": 3957,
          "p99_ns": 3957,
          "checksum": 121,
          "output_hash": 11224717335758091840
        }
      ],
      "comparison": {
        "baseline_variant": "scalar",
        "candidate_variant": "simd",
        "speedup": 3.595147839272176,
        "output_hash_match": true,
        "max_abs_diff": null,
        "max_rel_diff": null
      }
    },
    {
      "category": "trace",
      "case_id": "trace_json_escape_long_dense",
      "description": "Long trace JSON string with repeated escaping and control characters.",
      "variants": [
        {
          "variant": "scalar",
          "iterations": 0,
          "warmup": 0,
          "input_bytes": 8146,
          "work_items": 8146,
          "min_ns": 1188789,
          "max_ns": 1188789,
          "mean_ns": 1188789,
          "p50_ns": 1188789,
          "p95_ns": 1188789,
          "p99_ns": 1188789,
          "checksum": 9270,
          "output_hash": 487365925975926174
        },
        {
          "variant": "simd",
          "iterations": 0,
          "warmup": 0,
          "input_bytes": 8146,
          "work_items": 8146,
          "min_ns": 698074,
          "max_ns": 698074,
          "mean_ns": 698074,
          "p50_ns": 698074,
          "p95_ns": 698074,
          "p99_ns": 698074,
          "checksum": 9270,
          "output_hash": 487365925975926174
        }
      ],
      "comparison": {
        "baseline_variant": "scalar",
        "candidate_variant": "simd",
        "speedup": 1.7029555605852675,
        "output_hash_match": true,
        "max_abs_diff": null,
        "max_rel_diff": null
      }
    },
    {
      "category": "trace",
      "case_id": "trace_status_normalize_medium",
      "description": "Medium execution-status normalization workload.",
      "variants": [
        {
          "variant": "scalar_reference",
          "iterations": 0,
          "warmup": 0,
          "input_bytes": 57,
          "work_items": 57,
          "min_ns": 2395,
          "max_ns": 2395,
          "mean_ns": 2395,
          "p50_ns": 2395,
          "p95_ns": 2395,
          "p99_ns": 2395,
          "checksum": 17661011783862647367,
          "output_hash": 17661011783862647367
        },
        {
          "variant": "runtime",
          "iterations": 0,
          "warmup": 0,
          "input_bytes": 57,
          "work_items": 57,
          "min_ns": 2234,
          "max_ns": 2234,
          "mean_ns": 2234,
          "p50_ns": 2234,
          "p95_ns": 2234,
          "p99_ns": 2234,
          "checksum": 17661011783862647367,
          "output_hash": 17661011783862647367
        }
      ],
      "comparison": {
        "baseline_variant": "scalar_reference",
        "candidate_variant": "runtime",
        "speedup": 1.0720680393912265,
        "output_hash_match": true,
        "max_abs_diff": null,
        "max_rel_diff": null
      }
    },
    {
      "category": "trace",
      "case_id": "trace_status_normalize_long",
      "description": "Long execution-status normalization workload.",
      "variants": [
        {
          "variant": "scalar_reference",
          "iterations": 0,
          "warmup": 0,
          "input_bytes": 117,
          "work_items": 117,
          "min_ns": 2725,
          "max_ns": 2725,
          "mean_ns": 2725,
          "p50_ns": 2725,
          "p95_ns": 2725,
          "p99_ns": 2725,
          "checksum": 5716259415055280623,
          "output_hash": 5716259415055280623
        },
        {
          "variant": "runtime",
          "iterations": 0,
          "warmup": 0,
          "input_bytes": 117,
          "work_items": 117,
          "min_ns": 2825,
          "max_ns": 2825,
          "mean_ns": 2825,
          "p50_ns": 2825,
          "p95_ns": 2825,
          "p99_ns": 2825,
          "checksum": 5716259415055280623,
          "output_hash": 5716259415055280623
        }
      ],
      "comparison": {
        "baseline_variant": "scalar_reference",
        "candidate_variant": "runtime",
        "speedup": 0.9646017699115044,
        "output_hash_match": true,
        "max_abs_diff": null,
        "max_rel_diff": null
      }
    },
    {
      "category": "lexer",
      "case_id": "lexer_small_shader",
      "description": "Tokenize a compact WGSL corpus.",
      "variants": [
        {
          "variant": "scalar",
          "iterations": 0,
          "warmup": 0,
          "input_bytes": 422,
          "work_items": 101,
          "min_ns": 127841,
          "max_ns": 127841,
          "mean_ns": 127841,
          "p50_ns": 127841,
          "p95_ns": 127841,
          "p99_ns": 127841,
          "checksum": 14443164796756461328,
          "output_hash": 14443164796756461429
        },
        {
          "variant": "simd",
          "iterations": 0,
          "warmup": 0,
          "input_bytes": 422,
          "work_items": 101,
          "min_ns": 161915,
          "max_ns": 161915,
          "mean_ns": 161915,
          "p50_ns": 161915,
          "p95_ns": 161915,
          "p99_ns": 161915,
          "checksum": 14443164796756461328,
          "output_hash": 14443164796756461429
        }
      ],
      "comparison": {
        "baseline_variant": "scalar",
        "candidate_variant": "simd",
        "speedup": 0.7895562486489824,
        "output_hash_match": true,
        "max_abs_diff": null,
        "max_rel_diff": null
      }
    },
    {
      "category": "lexer",
      "case_id": "lexer_large_shader",
      "description": "Tokenize a large WGSL corpus with comments and repeated declarations.",
      "variants": [
        {
          "variant": "scalar",
          "iterations": 0,
          "warmup": 0,
          "input_bytes": 21718,
          "work_items": 4801,
          "min_ns": 5723145,
          "max_ns": 5723145,
          "mean_ns": 5723145,
          "p50_ns": 5723145,
          "p95_ns": 5723145,
          "p99_ns": 5723145,
          "checksum": 8357406328349966856,
          "output_hash": 8357406328349970633
        },
        {
          "variant": "simd",
          "iterations": 0,
          "warmup": 0,
          "input_bytes": 21718,
          "work_items": 4801,
          "min_ns": 7614887,
          "max_ns": 7614887,
          "mean_ns": 7614887,
          "p50_ns": 7614887,
          "p95_ns": 7614887,
          "p99_ns": 7614887,
          "checksum": 8357406328349966856,
          "output_hash": 8357406328349970633
        }
      ],
      "comparison": {
        "baseline_variant": "scalar",
        "candidate_variant": "simd",
        "speedup": 0.7515732012832232,
        "output_hash_match": true,
        "max_abs_diff": null,
        "max_rel_diff": null
      }
    },
    {
      "category": "numeric",
      "case_id": "numeric_dot_4096",
      "description": "Scalar versus SIMD f32 dot accumulation over deterministic f64 inputs.",
      "variants": [
        {
          "variant": "scalar",
          "iterations": 0,
          "warmup": 0,
          "input_bytes": 65536,
          "work_items": 4096,
          "min_ns": 14316,
          "max_ns": 14316,
          "mean_ns": 14316,
          "p50_ns": 14316,
          "p95_ns": 14316,
          "p99_ns": 14316,
          "checksum": 1137356987,
          "output_hash": 1137356987
        },
        {
          "variant": "simd",
          "iterations": 0,
          "warmup": 0,
          "input_bytes": 65536,
          "work_items": 4096,
          "min_ns": 20839,
          "max_ns": 20839,
          "mean_ns": 20839,
          "p50_ns": 20839,
          "p95_ns": 20839,
          "p99_ns": 20839,
          "checksum": 1137356969,
          "output_hash": 1137356969
        }
      ],
      "comparison": {
        "baseline_variant": "scalar",
        "candidate_variant": "simd",
        "speedup": 0.6869811411296127,
        "output_hash_match": false,
        "max_abs_diff": 0.00054931640625,
        "max_rel_diff": 0.0000013550630236048215
      }
    },
    {
      "category": "numeric",
      "case_id": "numeric_reduce_4096",
      "description": "Scalar versus SIMD f32 reduction over deterministic f64 inputs.",
      "variants": [
        {
          "variant": "scalar",
          "iterations": 0,
          "warmup": 0,
          "input_bytes": 32768,
          "work_items": 4096,
          "min_ns": 14216,
          "max_ns": 14216,
          "mean_ns": 14216,
          "p50_ns": 14216,
          "p95_ns": 14216,
          "p99_ns": 14216,
          "checksum": 1140383075,
          "output_hash": 1140383075
        },
        {
          "variant": "simd",
          "iterations": 0,
          "warmup": 0,
          "input_bytes": 32768,
          "work_items": 4096,
          "min_ns": 10500,
          "max_ns": 10500,
          "mean_ns": 10500,
          "p50_ns": 10500,
          "p95_ns": 10500,
          "p99_ns": 10500,
          "checksum": 1140383100,
          "output_hash": 1140383100
        }
      ],
      "comparison": {
        "baseline_variant": "scalar",
        "candidate_variant": "simd",
        "speedup": 1.353904761904762,
        "output_hash_match": false,
        "max_abs_diff": 0.000762939453125,
        "max_rel_diff": 0.0000015328392726665388
      }
    },
    {
      "category": "numeric",
      "case_id": "numeric_attention_seq128_head64",
      "description": "Scalar versus SIMD attention-style weighted reduction with explicit scratch reuse.",
      "variants": [
        {
          "variant": "scalar",
          "iterations": 20,
          "warmup": 5,
          "input_bytes": 131584,
          "work_items": 8192,
          "min_ns": 140525,
          "max_ns": 143690,
          "mean_ns": 141214,
          "p50_ns": 140956,
          "p95_ns": 143690,
          "p99_ns": 143690,
          "checksum": 0,
          "output_hash": 9500665761546878344
        },
        {
          "variant": "simd",
          "iterations": 20,
          "warmup": 5,
          "input_bytes": 131584,
          "work_items": 8192,
          "min_ns": 160933,
          "max_ns": 164230,
          "mean_ns": 161712,
          "p50_ns": 161354,
          "p95_ns": 164230,
          "p99_ns": 164230,
          "checksum": 0,
          "output_hash": 16568860563300323518
        }
      ],
      "comparison": {
        "baseline_variant": "scalar",
        "candidate_variant": "simd",
        "speedup": 0.873243791431681,
        "output_hash_match": false,
        "max_abs_diff": 0.00000002421438694000244,
        "max_rel_diff": 0.0000015433722017771576
      }
    },
    {
      "category": "coordination",
      "case_id": "task_queue_submit_drain_4096",
      "description": "Linked per-job heap nodes versus flat ring storage for task-pool-style enqueue and drain.",
      "variants": [
        {
          "variant": "linked",
          "iterations": 20,
          "warmup": 5,
          "input_bytes": 32768,
          "work_items": 4096,
          "min_ns": 571406,
          "max_ns": 575745,
          "mean_ns": 573639,
          "p50_ns": 573960,
          "p95_ns": 575745,
          "p99_ns": 575745,
          "checksum": 0,
          "output_hash": 0
        },
        {
          "variant": "flat_ring",
          "iterations": 20,
          "warmup": 5,
          "input_bytes": 32768,
          "work_items": 4096,
          "min_ns": 71775,
          "max_ns": 75442,
          "mean_ns": 72256,
          "p50_ns": 71925,
          "p95_ns": 75442,
          "p99_ns": 75442,
          "checksum": 0,
          "output_hash": 0
        }
      ],
      "comparison": {
        "baseline_variant": "linked",
        "candidate_variant": "flat_ring",
        "speedup": 7.938980845881311,
        "output_hash_match": true,
        "max_abs_diff": null,
        "max_rel_diff": null
      }
    },
    {
      "category": "coordination",
      "case_id": "singleflight_join_take_512",
      "description": "Flat waiter storage versus intrusive waiter chains for join/take reconstruction.",
      "variants": [
        {
          "variant": "flat_waiters",
          "iterations": 0,
          "warmup": 0,
          "input_bytes": 8192,
          "work_items": 512,
          "min_ns": 35247,
          "max_ns": 35247,
          "mean_ns": 35247,
          "p50_ns": 35247,
          "p95_ns": 35247,
          "p99_ns": 35247,
          "checksum": 130816,
          "output_hash": 130816
        },
        {
          "variant": "intrusive_waiters",
          "iterations": 0,
          "warmup": 0,
          "input_bytes": 8192,
          "work_items": 512,
          "min_ns": 1803,
          "max_ns": 1803,
          "mean_ns": 1803,
          "p50_ns": 1803,
          "p95_ns": 1803,
          "p99_ns": 1803,
          "checksum": 130816,
          "output_hash": 130816
        }
      ],
      "comparison": {
        "baseline_variant": "flat_waiters",
        "candidate_variant": "intrusive_waiters",
        "speedup": 19.549084858569053,
        "output_hash_match": true,
        "max_abs_diff": null,
        "max_rel_diff": null
      }
    }
  ]
}
