FAIL: spec-diff gate
  [spirv_capability] missing canonical header: browser/chromium/src/third_party/spirv-headers/src/include/spirv/unified1/spirv.h
  [spirv_addressing_model] missing canonical header: browser/chromium/src/third_party/spirv-headers/src/include/spirv/unified1/spirv.h
  [spirv_memory_model] missing canonical header: browser/chromium/src/third_party/spirv-headers/src/include/spirv/unified1/spirv.h
  [spirv_dim] missing canonical header: browser/chromium/src/third_party/spirv-headers/src/include/spirv/unified1/spirv.h
  [spirv_image_format] missing canonical header: browser/chromium/src/third_party/spirv-headers/src/include/spirv/unified1/spirv.h
  [spirv_image_operands_mask] missing canonical header: browser/chromium/src/third_party/spirv-headers/src/include/spirv/unified1/spirv.h
  [spirv_execution_model] missing canonical header: browser/chromium/src/third_party/spirv-headers/src/include/spirv/unified1/spirv.h
  [spirv_execution_mode] missing canonical header: browser/chromium/src/third_party/spirv-headers/src/include/spirv/unified1/spirv.h
  [spirv_scope] missing canonical header: browser/chromium/src/third_party/spirv-headers/src/include/spirv/unified1/spirv.h
  [spirv_group_operation] missing canonical header: browser/chromium/src/third_party/spirv-headers/src/include/spirv/unified1/spirv.h
  [spirv_memory_semantics] missing canonical header: browser/chromium/src/third_party/spirv-headers/src/include/spirv/unified1/spirv.h
  [spirv_storage_class] missing canonical header: browser/chromium/src/third_party/spirv-headers/src/include/spirv/unified1/spirv.h
  [spirv_decoration] missing canonical header: browser/chromium/src/third_party/spirv-headers/src/include/spirv/unified1/spirv.h
  [spirv_builtin] missing canonical header: browser/chromium/src/third_party/spirv-headers/src/include/spirv/unified1/spirv.h
  [vulkan_structure_type] missing canonical header: browser/chromium/src/third_party/vulkan-headers/src/include/vulkan/vulkan_core.h
  [vulkan_blend_factor] missing canonical header: browser/chromium/src/third_party/vulkan-headers/src/include/vulkan/vulkan_core.h
  [vulkan_dynamic_state] missing canonical header: browser/chromium/src/third_party/vulkan-headers/src/include/vulkan/vulkan_core.h
  [vulkan_image_layout] missing canonical header: browser/chromium/src/third_party/vulkan-headers/src/include/vulkan/vulkan_core.h
  [vulkan_descriptor_type] missing canonical header: browser/chromium/src/third_party/vulkan-headers/src/include/vulkan/vulkan_core.h
  [vulkan_primitive_topology] missing canonical header: browser/chromium/src/third_party/vulkan-headers/src/include/vulkan/vulkan_core.h
  [vulkan_image_type] missing canonical header: browser/chromium/src/third_party/vulkan-headers/src/include/vulkan/vulkan_core.h
  [vulkan_image_view_type] missing canonical header: browser/chromium/src/third_party/vulkan-headers/src/include/vulkan/vulkan_core.h
  [vulkan_index_type] missing canonical header: browser/chromium/src/third_party/vulkan-headers/src/include/vulkan/vulkan_core.h
  [d3d12_resource_state] missing canonical header: browser/chromium/src/third_party/dawn/third_party/directx-headers/src/include/directx/d3d12.h
  [d3d12_heap_type] missing canonical header: browser/chromium/src/third_party/dawn/third_party/directx-headers/src/include/directx/d3d12.h
  [d3d12_srv_dimension] missing canonical header: browser/chromium/src/third_party/dawn/third_party/directx-headers/src/include/directx/d3d12.h
  [d3d12_descriptor_heap_type] missing canonical header: browser/chromium/src/third_party/dawn/third_party/directx-headers/src/include/directx/d3d12.h
  [d3d12_descriptor_range_type] missing canonical header: browser/chromium/src/third_party/dawn/third_party/directx-headers/src/include/directx/d3d12.h
  [d3d12_resource_dimension] missing canonical header: browser/chromium/src/third_party/dawn/third_party/directx-headers/src/include/directx/d3d12.h
  [d3d12_input_classification] missing canonical header: browser/chromium/src/third_party/dawn/third_party/directx-headers/src/include/directx/d3d12.h
  [d3d12_command_list_type] missing canonical header: browser/chromium/src/third_party/dawn/third_party/directx-headers/src/include/directx/d3d12.h
  [dxgi_format] missing canonical header: browser/chromium/src/third_party/dawn/third_party/directx-headers/src/include/directx/dxgiformat.h
