/home/x/.local/zig/zig-x86_64-linux-0.15.2/zig fmt --check /home/x/deco/doe/runtime/zig --exclude /home/x/deco/doe/runtime/zig/vendor --exclude /home/x/deco/doe/runtime/zig/.zig-cache --exclude /home/x/deco/doe/runtime/zig/zig-out
python3 tools/generate_test_suites.py --check
python3 tools/check_core_import_fence.py
python3 tools/check_line_limits.py
Zig source architecture review signals:
src/backend/vulkan/native_runtime.zig: 1003 lines exceeds advisory review signal 800
src/backend/vulkan/vk_render.zig: 981 lines exceeds advisory review signal 800
src/backend/vulkan/vk_resources.zig: 1069 lines exceeds advisory review signal 800
src/backend/vulkan/vk_upload.zig: 843 lines exceeds advisory review signal 800
src/backend/vulkan/vulkan_surface.zig: 808 lines exceeds advisory review signal 800
src/compiler/tsir/digest.zig: 999 lines exceeds advisory review signal 800
src/compiler/tsir/emit_kernel_body.zig: 895 lines exceeds advisory review signal 800
src/compiler/tsir/frontend.zig: 885 lines exceeds advisory review signal 800
src/compiler/tsir/reference_extended_ops.zig: 841 lines exceeds advisory review signal 800
src/compiler/wgsl/emit/csl/emit_csl_exec_v1.zig: 989 lines exceeds advisory review signal 800
src/compiler/wgsl/emit/csl/emit_csl_host_compile_source.zig: 895 lines exceeds advisory review signal 800
src/compiler/wgsl/emit/csl/emit_csl_host_runtime.zig: 837 lines exceeds advisory review signal 800
src/compiler/wgsl/emit/csl/emit_csl_ir_walk.zig: 888 lines exceeds advisory review signal 800
src/compiler/wgsl/emit/csl/emit_csl_layout.zig: 911 lines exceeds advisory review signal 800
src/compiler/wgsl/emit/msl/emit_msl_ir.zig: 976 lines exceeds advisory review signal 800
src/compiler/wgsl/emit/spirv/emit_spirv_builtins.zig: 839 lines exceeds advisory review signal 800
src/compiler/wgsl/emit/spirv/emit_spirv_fn.zig: 1046 lines exceeds advisory review signal 800
src/compiler/wgsl/frontend/parser_expr.zig: 851 lines exceeds advisory review signal 800
src/compiler/wgsl/frontend/sema.zig: 806 lines exceeds advisory review signal 800
src/compiler/wgsl/ir/ir_transform_robustness.zig: 984 lines exceeds advisory review signal 800
src/compiler/wgsl/proof/dispatch_proof_match.zig: 890 lines exceeds advisory review signal 800
src/compiler/wgsl/proof/dispatch_uniform_bounds.zig: 878 lines exceeds advisory review signal 800
src/dropin/dropin_browser_shared_memory.zig: 806 lines exceeds advisory review signal 800
src/native/compute/doe_compute_fast.zig: 1062 lines exceeds advisory review signal 800
src/native/queue/doe_queue_submit_metal.zig: 837 lines exceeds advisory review signal 800
src/native/resource/doe_texture_sampler_native.zig: 829 lines exceeds advisory review signal 800
src/native/shader/doe_shader_native.zig: 956 lines exceeds advisory review signal 800
src/native/vulkan/vulkan_compute_native.zig: 835 lines exceeds advisory review signal 800
src/runtime/trace/trace.zig: 879 lines exceeds advisory review signal 800
src/spatial/csl/csl_host_plan_tool.zig: 828 lines exceeds advisory review signal 800
python3 tools/check_source_layout.py
pkg-config --list-all
python3 tools/generate_webgpu_abi.py --check
/home/x/.local/zig/zig-x86_64-linux-0.15.2/zig test -ld3d12 -ldxgi /home/x/deco/doe/runtime/zig/src/backend/d3d12/d3d12_bridge.c -ODebug -target x86_64-windows-gnu -mcpu baseline -I /home/x/deco/doe/runtime/zig/src/backend/d3d12 -I /home/x/deco/doe/runtime/zig/src/backend/metal -I /home/x/deco/doe/runtime/zig/vendor/webgpu-headers --dep build_options -Mroot=/home/x/deco/doe/runtime/zig/test_suite_d3d12.zig -Mbuild_options=.zig-cache/c/83b8d6b4d86314910e06bed127c5ebca/options.zig -lc --cache-dir .zig-cache --global-cache-dir /home/x/.cache/zig --name test --zig-lib-dir /home/x/.local/zig/zig-x86_64-linux-0.15.2/lib/ --listen=-
./.zig-cache/o/48b6ba19d3c74d9911cffdc638bb2202/test.exe --cache-dir=./.zig-cache --seed=0xc59d61a --listen=-
test-d3d12
+- run test failure
error: unable to spawn foreign binary './.zig-cache/o/48b6ba19d3c74d9911cffdc638bb2202/test.exe' (x86_64-windows.win10...win11_dt-gnu) on host system (x86_64-linux.7.0...7.0-gnu.2.43)
  consider using -fwine or enabling skip_foreign_checks in the Run step

Build Summary: 8/10 steps succeeded; 1 failed
test-d3d12 transitive failure
+- zig fmt --check success
+- run python3 success 844ms MaxRSS:14M
+- run python3 success 429ms MaxRSS:28M
+- run python3 success 48ms MaxRSS:21M
+- run python3 success 63ms MaxRSS:21M
+- run python3 success 40ms MaxRSS:21M
+- run test failure
   +- compile test Debug x86_64-windows-gnu success 7s MaxRSS:509M
      +- options cached

error: the following build command failed with exit code 1:
.zig-cache/o/e22820648f2f517437e60abc02b84c90/build /home/x/.local/zig/zig-x86_64-linux-0.15.2/zig /home/x/.local/zig/zig-x86_64-linux-0.15.2/lib /home/x/deco/doe/runtime/zig .zig-cache /home/x/.cache/zig --seed 0xc59d61a -Z7cb1ba2a78895b09 test-d3d12 -Dtarget=x86_64-windows-gnu --verbose --summary all
