[
  {
    "id": "doe-gpu-linux-x64@0.5.0",
    "name": "doe-gpu-linux-x64",
    "version": "0.5.0",
    "size": 3196181,
    "unpackedSize": 12059398,
    "shasum": "e71822502059bcc33d4a892c5e5eade34496d381",
    "integrity": "sha512-7zaJ1o2QSjG6jmCoY4QEKflTEyNCOW0ZWxpDWOvz7DjjlBsWTavOHHb/7J1qJ4Ux04RLjNPMaq7ju/abVUaQ1A==",
    "filename": "doe-gpu-linux-x64-0.5.0.tgz",
    "files": [
      {
        "path": "LICENSE",
        "size": 10773,
        "mode": 420
      },
      {
        "path": "bin/doe_napi.node",
        "size": 424080,
        "mode": 493
      },
      {
        "path": "bin/doe-build-metadata.json",
        "size": 422,
        "mode": 420
      },
      {
        "path": "bin/libwebgpu_doe.so",
        "size": 11623272,
        "mode": 493
      },
      {
        "path": "bin/metadata.json",
        "size": 143,
        "mode": 420
      },
      {
        "path": "index.js",
        "size": 290,
        "mode": 420
      },
      {
        "path": "package.json",
        "size": 418,
        "mode": 420
      }
    ],
    "entryCount": 7,
    "bundled": []
  }
]
