Warning: maxDynamicUniformBuffersPerPipelineLayout artificially reduced from 500000 to 16 to fit dynamic offset allocation limit.
Warning: maxDynamicStorageBuffersPerPipelineLayout artificially reduced from 500000 to 16 to fit dynamic offset allocation limit.
[GPU] amd rdna-3, f16/subgroups, 4.0GB, submit probe: 0.6ms
[445.2ms][Pipeline] Execution v1 enabled (steps=35, kernelPathInline=yes, pipelineInline=no)
[445.4ms][Config] Using manifest-first config (source of truth)
[449.0ms][Pipeline] Resolved session applied (gemma-3-270m-it-q4k-ehf16-af32): batchSize=1, stopCheckMode=batch, readbackInterval=1, disableCommandBatching=false
[450.2ms][Pipeline] KernelPath: gemma-3-270m-it-q4k-ehf16-af32-execution-inline (15 decode steps, 10 kernels, source=execution-v1)
[450.5ms][Pipeline] 18L/640H/4heads (256dim), kernelPath=gemma-3-270m-it-q4k-ehf16-af32-execution-inline
[451.0ms][Tokenizer] Loading bundled tokenizer from tokenizer.json
[640.5ms][Tokenizer] HuggingFace model.type="BPE", using type="bpe"
[988.0ms][Tokenizer] Loaded HuggingFace 262145 tokens (bpe), 6413 special patterns, 514906 merges
[988.7ms][Pipeline] Tokenizer vocabSize=262145 differs from model=262144, using model size
[993.3ms][Pipeline] KV cache allocated: kvDtype=f16, maxSeqLen=4096, layout=contiguous, modelMaxSeqLen=32768, requestedKvDtype=f16, requestedMaxSeqLen=4096
[994.4ms][Pipeline] Execution plan: active=primary, dtype=f32, kernelPath=gemma-3-270m-it-q4k-ehf16-af32-execution-inline
[1045.5ms][ShardCache] Custom shard loader configured
[1045.7ms][Loader] Initializing...
[1078.8ms][HeapManager] Allocated segment 0: 1024MB
[1079.0ms][HeapManager] Segmented heap: 1GB per segment
[1079.1ms][HeapManager] Initialized with strategy: SEGMENTED
[1079.3ms][Loader] Initialized (f16, subgroups)
[1079.9ms][Loader] Loading: gemma-3-270m-it-q4k-ehf16-af32
[1081.2ms][Loader] [0.0s] Memory (start): | RSS=348.78 MB (heap=90.08 MB/173.22 MB, external=2.00 GB, arrayBuffers=2.00 GB) | GPU=0 B (0 active, 0 pooled, peak=0 B) | ShardCache=0 B (0 shards) | Layers=0, GPUBuffers=0
[1081.7ms][Loader] Dense model on discrete GPU - performance limited. Consider MoE model.
[1183.8ms][Loader] Embeddings tensor loaded: name=model.embed_tokens.weight, hasShape=true, shape=[262144,640], isWeightBuffer=true
[1184.3ms][Loader] Layers: 0-17
[1289.0ms][Loader] Layers: 18 complete (0.10s)
[1290.6ms][Loader] Complete: 380.86 MB in 0.21s (1.80 GB/s)
[1291.4ms][Loader] [0.2s] Memory (complete): | RSS=381.78 MB (heap=96.51 MB/128.72 MB, external=1.02 GB, arrayBuffers=1.01 GB) | GPU=514.27 MB (236 active, 12 pooled, peak=514.27 MB) | ShardCache=0 B (0 shards) | Layers=18, GPUBuffers=236
[1305.0ms][Pipeline] Model loaded successfully (863ms)
{"lane":"dawn","stage":"loaded","identity":{"vendor":"amd","architecture":"rdna-3","device":"radeon-8060s-graphics-radv-strix-halo-","description":"radv: Mesa 26.0.3-1ubuntu1"},"loadMs":963.4654090000001}
[1335.7ms][KernelSelect] matmul variant=f16w_f32a_tiled reason=path_override
[1352.7ms][KernelSelect] attention variant=prefill_head256_f16kv reason=path_override:tiled_small
[1465.9ms][KernelSelect] matmul variant=gemv_subgroup_vec4 reason=path_override
[1475.4ms][KernelSelect] attention variant=decode_online_head256_f16kv reason=path_override:subgroup
[1510.7ms][KernelSelect] matmul variant=gemv_subgroup_multicol reason=path_override
[1899.0ms][Perf] Load: 863ms | TTFT: 149ms | Prefill: 143ms | Decode: 435ms (16 tokens @ 36.8 tok/s)
{"lane":"dawn","mode":"qualification","label":"full_sentence","id":"full_sentence","firstTokenMs":151.84708299999988,"completeMs":587.705179,"stopReason":"stop-token"}
[2047.7ms][Perf] Load: 863ms | TTFT: 68ms | Prefill: 66ms | Decode: 78ms (3 tokens @ 38.6 tok/s)
{"lane":"dawn","mode":"qualification","label":"short_reply","id":"short_reply","firstTokenMs":68.97035699999992,"completeMs":147.22773699999993,"stopReason":"stop-token"}
[2190.2ms][Perf] Load: 863ms | TTFT: 67ms | Prefill: 65ms | Decode: 73ms (3 tokens @ 41.1 tok/s)
{"lane":"dawn","mode":"qualification","label":"length_limit","id":"length_limit","firstTokenMs":67.9752940000003,"completeMs":141.23753100000022,"stopReason":"max-tokens"}
[2308.0ms][Perf] Load: 863ms | TTFT: 66ms | Prefill: 65ms | Decode: 49ms (2 tokens @ 40.9 tok/s)
{"lane":"dawn","mode":"qualification","label":"sequence_stop","id":"sequence_stop","firstTokenMs":67.23328700000002,"completeMs":116.59170499999982,"stopReason":"stop-sequence"}
[2403.2ms][Perf] Load: 863ms | TTFT: 69ms | Prefill: 67ms | Decode: 25ms (1 tokens @ 40.5 tok/s)
[2853.5ms][Perf] Load: 863ms | TTFT: 68ms | Prefill: 66ms | Decode: 381ms (16 tokens @ 42.0 tok/s)
[2855.5ms][ExpertCache] Cache cleared
[2855.9ms][Pipeline] Unloaded
[2859.6ms][GPU] Device lost: device was destroyed, Reason: destroyed
