[385.4ms][Platform] No specific platform matched for adapter (vendor=AMD, arch=vulkan), falling back to generic
[GPU] AMD vulkan, f16/subgroups, 4.0GB, submit probe: 1.8ms
[447.1ms][Pipeline] Execution v1 enabled (steps=35, kernelPathInline=yes, pipelineInline=no)
[447.3ms][Config] Using manifest-first config (source of truth)
[450.0ms][Pipeline] Resolved session applied (gemma-3-270m-it-q4k-ehf16-af32): batchSize=1, stopCheckMode=batch, readbackInterval=1, disableCommandBatching=false
[450.9ms][Pipeline] KernelPath: gemma-3-270m-it-q4k-ehf16-af32-execution-inline (15 decode steps, 10 kernels, source=execution-v1)
[451.1ms][Pipeline] 18L/640H/4heads (256dim), kernelPath=gemma-3-270m-it-q4k-ehf16-af32-execution-inline
[451.5ms][Tokenizer] Loading bundled tokenizer from tokenizer.json
[719.6ms][Tokenizer] HuggingFace model.type="BPE", using type="bpe"
[1013.1ms][Tokenizer] Loaded HuggingFace 262145 tokens (bpe), 6413 special patterns, 514906 merges
[1013.6ms][Pipeline] Tokenizer vocabSize=262145 differs from model=262144, using model size
[1020.8ms][Pipeline] KV cache allocated: kvDtype=f16, maxSeqLen=4096, layout=contiguous, modelMaxSeqLen=32768, requestedKvDtype=f16, requestedMaxSeqLen=4096
[1022.0ms][Pipeline] Execution plan: active=primary, dtype=f32, kernelPath=gemma-3-270m-it-q4k-ehf16-af32-execution-inline
[1061.4ms][ShardCache] Custom shard loader configured
[1061.6ms][Loader] Initializing...
[1131.0ms][HeapManager] Allocated segment 0: 1024MB
[1131.2ms][HeapManager] Segmented heap: 1GB per segment
[1131.2ms][HeapManager] Initialized with strategy: SEGMENTED
[1131.3ms][Loader] Initialized (f16, subgroups)
[1131.8ms][Loader] Loading: gemma-3-270m-it-q4k-ehf16-af32
[1132.8ms][Loader] [0.0s] Memory (start): | RSS=342.27 MB (heap=91.61 MB/172.41 MB, external=2.00 GB, arrayBuffers=2.00 GB) | GPU=0 B (0 active, 0 pooled, peak=0 B) | ShardCache=0 B (0 shards) | Layers=0, GPUBuffers=0
[1133.3ms][Loader] Dense model on discrete GPU - performance limited. Consider MoE model.
[1236.6ms][Loader] Embeddings tensor loaded: name=model.embed_tokens.weight, hasShape=true, shape=[262144,640], isWeightBuffer=true
[1237.0ms][Loader] Layers: 0-17
[1397.3ms][Loader] Layers: 18 complete (0.16s)
[1399.1ms][Loader] Complete: 380.86 MB in 0.26s (1.41 GB/s)
[1399.8ms][Loader] [0.3s] Memory (complete): | RSS=369.28 MB (heap=94.34 MB/126.66 MB, external=1.02 GB, arrayBuffers=1.02 GB) | GPU=514.27 MB (236 active, 12 pooled, peak=514.27 MB) | ShardCache=0 B (0 shards) | Layers=18, GPUBuffers=236
[1429.5ms][Pipeline] Model loaded successfully (985ms)
{"lane":"doe","stage":"loaded","identity":{"vendor":"AMD","architecture":"vulkan","device":"Radeon 8060S Graphics (RADV STRIX_HALO)","description":"Radeon 8060S Graphics (RADV STRIX_HALO)"},"loadMs":1081.164268}
[1454.8ms][KernelSelect] matmul variant=f16w_f32a_tiled reason=path_override
[1471.7ms][KernelSelect] attention variant=prefill_head256_f16kv reason=path_override:tiled_small
[1584.3ms][KernelSelect] matmul variant=gemv_subgroup_vec4 reason=path_override
[1588.6ms][KernelSelect] attention variant=decode_online_head256_f16kv reason=path_override:subgroup
[1638.4ms][KernelSelect] matmul variant=gemv_subgroup_multicol reason=path_override
[2247.8ms][Perf] Load: 985ms | TTFT: 141ms | Prefill: 136ms | Decode: 665ms (16 tokens @ 24.0 tok/s)
{"lane":"doe","mode":"qualification","label":"full_sentence","id":"full_sentence","firstTokenMs":144.3976540000001,"completeMs":810.941683,"stopReason":"stop-token"}
[2459.1ms][Perf] Load: 985ms | TTFT: 76ms | Prefill: 74ms | Decode: 133ms (3 tokens @ 22.6 tok/s)
{"lane":"doe","mode":"qualification","label":"short_reply","id":"short_reply","firstTokenMs":76.61010699999997,"completeMs":209.69301099999984,"stopReason":"stop-token"}
[2646.9ms][Perf] Load: 985ms | TTFT: 74ms | Prefill: 72ms | Decode: 112ms (3 tokens @ 26.8 tok/s)
{"lane":"doe","mode":"qualification","label":"length_limit","id":"length_limit","firstTokenMs":74.85311899999988,"completeMs":186.98855000000003,"stopReason":"max-tokens"}
[2798.6ms][Perf] Load: 985ms | TTFT: 77ms | Prefill: 75ms | Decode: 72ms (2 tokens @ 27.6 tok/s)
{"lane":"doe","mode":"qualification","label":"sequence_stop","id":"sequence_stop","firstTokenMs":78.15917200000013,"completeMs":151.16028500000039,"stopReason":"stop-sequence"}
[2909.8ms][Perf] Load: 985ms | TTFT: 71ms | Prefill: 69ms | Decode: 39ms (1 tokens @ 25.8 tok/s)
[3589.0ms][Perf] Load: 985ms | TTFT: 68ms | Prefill: 67ms | Decode: 610ms (16 tokens @ 26.2 tok/s)
[3594.1ms][ExpertCache] Cache cleared
[3605.8ms][Pipeline] Unloaded
[3606.4ms][GPU] Device lost: GPUDevice.destroy() was called, Reason: destroyed
[3607.8ms][BufferPool] Deferred destruction failed: GPUQueue.onSubmittedWorkDone: GPUQueue was destroyed
