git rev-parse HEAD
c799399fbf9b2ca751bfb88cb827013d637b6d52
zig version
0.15.2
node --version
v22.22.1
spirv-val --version
SPIRV-Tools v2026.1 unknown hash, 2026-02-06T09:16:33+00:00
Targets:
  SPIR-V 1.0
  SPIR-V 1.1
  SPIR-V 1.2
  SPIR-V 1.3
  SPIR-V 1.4
  SPIR-V 1.5
  SPIR-V 1.6
  SPIR-V 1.2 (under OpenCL 2.2 Full Profile semantics)
  SPIR-V 1.0 (under Vulkan 1.0 semantics)
  SPIR-V 1.3 (under Vulkan 1.1 semantics)
  SPIR-V 1.4 (under Vulkan 1.1 semantics)
  SPIR-V 1.5 (under Vulkan 1.2 semantics)
  SPIR-V 1.6 (under Vulkan 1.3 semantics) SPIR-V 1.6 (under Vulkan 1.4 semantics)
uname -srmo
Linux 7.0.0-29-generic x86_64 GNU/Linux
