Zig source architecture review signals:
src/backend/vulkan/native_runtime.zig: 1003 lines exceeds advisory review signal 800
src/backend/vulkan/vk_render.zig: 981 lines exceeds advisory review signal 800
src/backend/vulkan/vk_resources.zig: 1069 lines exceeds advisory review signal 800
src/backend/vulkan/vk_upload.zig: 843 lines exceeds advisory review signal 800
src/backend/vulkan/vulkan_surface.zig: 808 lines exceeds advisory review signal 800
src/compiler/tsir/digest.zig: 999 lines exceeds advisory review signal 800
src/compiler/tsir/emit_kernel_body.zig: 895 lines exceeds advisory review signal 800
src/compiler/tsir/frontend.zig: 885 lines exceeds advisory review signal 800
src/compiler/tsir/reference_extended_ops.zig: 841 lines exceeds advisory review signal 800
src/compiler/wgsl/emit/csl/emit_csl_exec_v1.zig: 989 lines exceeds advisory review signal 800
src/compiler/wgsl/emit/csl/emit_csl_host_compile_source.zig: 895 lines exceeds advisory review signal 800
src/compiler/wgsl/emit/csl/emit_csl_host_runtime.zig: 837 lines exceeds advisory review signal 800
src/compiler/wgsl/emit/csl/emit_csl_ir_walk.zig: 888 lines exceeds advisory review signal 800
src/compiler/wgsl/emit/csl/emit_csl_layout.zig: 911 lines exceeds advisory review signal 800
src/compiler/wgsl/emit/msl/emit_msl_ir.zig: 976 lines exceeds advisory review signal 800
src/compiler/wgsl/emit/spirv/emit_spirv_builtins.zig: 839 lines exceeds advisory review signal 800
src/compiler/wgsl/emit/spirv/emit_spirv_fn.zig: 1046 lines exceeds advisory review signal 800
src/compiler/wgsl/frontend/parser_expr.zig: 851 lines exceeds advisory review signal 800
src/compiler/wgsl/frontend/sema.zig: 806 lines exceeds advisory review signal 800
src/compiler/wgsl/ir/ir_transform_robustness.zig: 984 lines exceeds advisory review signal 800
src/compiler/wgsl/proof/dispatch_proof_match.zig: 890 lines exceeds advisory review signal 800
src/compiler/wgsl/proof/dispatch_uniform_bounds.zig: 878 lines exceeds advisory review signal 800
src/dropin/dropin_browser_shared_memory.zig: 806 lines exceeds advisory review signal 800
src/native/compute/doe_compute_fast.zig: 1062 lines exceeds advisory review signal 800
src/native/queue/doe_queue_submit_metal.zig: 837 lines exceeds advisory review signal 800
src/native/resource/doe_texture_sampler_native.zig: 829 lines exceeds advisory review signal 800
src/native/shader/doe_shader_native.zig: 956 lines exceeds advisory review signal 800
src/native/vulkan/vulkan_compute_native.zig: 835 lines exceeds advisory review signal 800
src/runtime/trace/trace.zig: 879 lines exceeds advisory review signal 800
src/spatial/csl/csl_host_plan_tool.zig: 828 lines exceeds advisory review signal 800
test-wgsl
+- run test 1117/1118 passed, 1 failed
error: 'tests.wgsl.emit_spirv_mixed_binary_test.test.runtime array structs are direct blocks across bindings' failed: expected 1, found 3
/home/x/.local/zig/zig-x86_64-linux-0.15.2/lib/std/testing.zig:110:17: 0x13d0a74 in expectEqualInner__anon_51001 (std.zig)
                return error.TestExpectedEqual;
                ^
/home/x/deco/doe/runtime/zig/tests/wgsl/emit_spirv_mixed_binary_test.zig:403:5: 0x14db300 in test.runtime array structs are direct blocks across bindings (test_suite_wgsl.zig)
    try testing.expectEqual(@as(u32, 1), count_spirv_opcode(binary, spirv.Opcode.ArrayLength));
    ^
error: while executing test 'src.contracts.artifact.test.artifact identity and hash are stable', the following test command failed:
./.zig-cache/o/f2321447bc0168eafded7760e2542178/test --cache-dir=./.zig-cache --seed=0x30630d7f --listen=-

Build Summary: 7/9 steps succeeded; 1 failed; 1117/1118 tests passed; 1 failed
test-wgsl transitive failure
+- zig fmt --check success
+- run python3 success 479ms MaxRSS:27M
+- run python3 success 55ms MaxRSS:21M
+- run python3 success 70ms MaxRSS:21M
+- run python3 success 43ms MaxRSS:22M
+- run test 1117/1118 passed, 1 failed
   +- compile test Debug native success 1s MaxRSS:214M
      +- options success

error: the following build command failed with exit code 1:
.zig-cache/o/e22820648f2f517437e60abc02b84c90/build /home/x/.local/zig/zig-x86_64-linux-0.15.2/zig /home/x/.local/zig/zig-x86_64-linux-0.15.2/lib /home/x/deco/doe/runtime/zig .zig-cache /home/x/.cache/zig --seed 0x30630d7f -Z218837151df76389 test-wgsl --summary all
