{"provider":{"module":"doe-gpu","loaded":true,"loadError":"","defaultCreateArgs":[],"doeNative":true,"libraryFlavor":"doe-dropin","doeLibraryPath":"/home/x/deco/doe/bench/out/maintenance/20261002-vulkan-prep/selection-reuse-install/lib/libwebgpu_doe.so","buildMetadataSource":"workspace","buildMetadataPath":"/home/x/deco/doe/bench/out/maintenance/20261002-vulkan-prep/selection-reuse-install/share/doe-build-metadata.json","leanVerifiedBuild":false,"proofArtifactSha256":null,"nativeFastPaths":{"appleFastPathCompiled":false,"queueFlush":true,"queueFlushBreakdown":true,"queueWriteBufferBatch":true,"queueWriteBufferBatchDataPtrs":true,"computeDispatchFlush":true,"computeDispatchFlushBreakdown":true,"computeDispatchBatchFlush":true,"computeDispatchBatchCopyFlush":true,"computeDispatchBatchCopyFlushBreakdown":true,"computePrewarmDispatchBindings":true,"bufferMapReadCopyUnmap":true}},"adapter":{"vendor":"AMD","architecture":"vulkan","device":"Radeon 8060S Graphics (RADV STRIX_HALO)","description":"Radeon 8060S Graphics (RADV STRIX_HALO)","isFallbackAdapter":false,"subgroupMinSize":32,"subgroupMaxSize":32,"vendorID":4098,"deviceID":5510,"driverVersion":109051907}}
{"label":"named pointer alias mutation","path":"batched","sourceSha256":"bc6018b4d554318f787e52210f60c7f5df9df2d05fcefe290f906d546374352d","entryPoint":"main","dispatch":4,"actual":[2,4,9,19,22,4,5,10,30,33,6,6,11,21,24,8,7,12,32,35],"expected":[2,4,9,19,22,4,5,10,30,33,6,6,11,21,24,8,7,12,32,35]}
ok: named pointer alias mutation / batched
{"label":"named pointer alias mutation","path":"native","sourceSha256":"bc6018b4d554318f787e52210f60c7f5df9df2d05fcefe290f906d546374352d","entryPoint":"main","dispatch":4,"actual":[2,4,9,19,22,4,5,10,30,33,6,6,11,21,24,8,7,12,32,35],"expected":[2,4,9,19,22,4,5,10,30,33,6,6,11,21,24,8,7,12,32,35]}
ok: named pointer alias mutation / native
{"label":"named pointer alias mutation","path":"dispatch-copy","sourceSha256":"bc6018b4d554318f787e52210f60c7f5df9df2d05fcefe290f906d546374352d","entryPoint":"main","dispatch":4,"actual":[2,4,9,19,22,4,5,10,30,33,6,6,11,21,24,8,7,12,32,35],"expected":[2,4,9,19,22,4,5,10,30,33,6,6,11,21,24,8,7,12,32,35]}
ok: named pointer alias mutation / dispatch-copy
{"label":"named pointer alias mutation","path":"multi-buffer","sourceSha256":"bc6018b4d554318f787e52210f60c7f5df9df2d05fcefe290f906d546374352d","entryPoint":"main","dispatch":4,"actual":[2,4,9,19,22,4,5,10,30,33,6,6,11,21,24,8,7,12,32,35],"expected":[2,4,9,19,22,4,5,10,30,33,6,6,11,21,24,8,7,12,32,35]}
ok: named pointer alias mutation / multi-buffer
{"label":"direct pointer mutation","path":"batched","sourceSha256":"ee954f76a8d8cdc178b99733bd9f69932e9e28aac29458e560f9e1f8d7ed011f","entryPoint":"main","dispatch":4,"actual":[2,4,9,19,22,4,5,10,30,33,6,6,11,21,24,8,7,12,32,35],"expected":[2,4,9,19,22,4,5,10,30,33,6,6,11,21,24,8,7,12,32,35]}
ok: direct pointer mutation / batched
{"label":"direct pointer mutation","path":"native","sourceSha256":"ee954f76a8d8cdc178b99733bd9f69932e9e28aac29458e560f9e1f8d7ed011f","entryPoint":"main","dispatch":4,"actual":[2,4,9,19,22,4,5,10,30,33,6,6,11,21,24,8,7,12,32,35],"expected":[2,4,9,19,22,4,5,10,30,33,6,6,11,21,24,8,7,12,32,35]}
ok: direct pointer mutation / native
{"label":"direct pointer mutation","path":"dispatch-copy","sourceSha256":"ee954f76a8d8cdc178b99733bd9f69932e9e28aac29458e560f9e1f8d7ed011f","entryPoint":"main","dispatch":4,"actual":[2,4,9,19,22,4,5,10,30,33,6,6,11,21,24,8,7,12,32,35],"expected":[2,4,9,19,22,4,5,10,30,33,6,6,11,21,24,8,7,12,32,35]}
ok: direct pointer mutation / dispatch-copy
{"label":"direct pointer mutation","path":"multi-buffer","sourceSha256":"ee954f76a8d8cdc178b99733bd9f69932e9e28aac29458e560f9e1f8d7ed011f","entryPoint":"main","dispatch":4,"actual":[2,4,9,19,22,4,5,10,30,33,6,6,11,21,24,8,7,12,32,35],"expected":[2,4,9,19,22,4,5,10,30,33,6,6,11,21,24,8,7,12,32,35]}
ok: direct pointer mutation / multi-buffer
{"label":"pointer member and captured index","path":"batched","sourceSha256":"90a77e1e5c60fe3a07858a7ace2fb8f54f971e943b50eb37c66ab10277f69bab","entryPoint":"main","dispatch":1,"actual":[10,7,6],"expected":[10,7,6]}
ok: pointer member and captured index / batched
{"label":"pointer member and captured index","path":"native","sourceSha256":"90a77e1e5c60fe3a07858a7ace2fb8f54f971e943b50eb37c66ab10277f69bab","entryPoint":"main","dispatch":1,"actual":[10,7,6],"expected":[10,7,6]}
ok: pointer member and captured index / native
{"label":"pointer member and captured index","path":"dispatch-copy","sourceSha256":"90a77e1e5c60fe3a07858a7ace2fb8f54f971e943b50eb37c66ab10277f69bab","entryPoint":"main","dispatch":1,"actual":[10,7,6],"expected":[10,7,6]}
ok: pointer member and captured index / dispatch-copy
{"label":"pointer member and captured index","path":"multi-buffer","sourceSha256":"90a77e1e5c60fe3a07858a7ace2fb8f54f971e943b50eb37c66ab10277f69bab","entryPoint":"main","dispatch":1,"actual":[10,7,6],"expected":[10,7,6]}
ok: pointer member and captured index / multi-buffer
{"label":"unsigned byte unpack preserves order, zero extension, and single evaluation","path":"batched","sourceSha256":"e7efdd5f985259b2a5f57c70fd210b97f9132c58d8202857ddf39cb741078704","entryPoint":"main","dispatch":1,"actual":[127,1,255,128,0,0,0,0,255,255,255,255,4,3,2,1,12,13,14,15,1],"expected":[127,1,255,128,0,0,0,0,255,255,255,255,4,3,2,1,12,13,14,15,1]}
ok: unsigned byte unpack preserves order, zero extension, and single evaluation / batched
{"label":"unsigned byte unpack preserves order, zero extension, and single evaluation","path":"native","sourceSha256":"e7efdd5f985259b2a5f57c70fd210b97f9132c58d8202857ddf39cb741078704","entryPoint":"main","dispatch":1,"actual":[127,1,255,128,0,0,0,0,255,255,255,255,4,3,2,1,12,13,14,15,1],"expected":[127,1,255,128,0,0,0,0,255,255,255,255,4,3,2,1,12,13,14,15,1]}
ok: unsigned byte unpack preserves order, zero extension, and single evaluation / native
{"label":"unsigned byte unpack preserves order, zero extension, and single evaluation","path":"dispatch-copy","sourceSha256":"e7efdd5f985259b2a5f57c70fd210b97f9132c58d8202857ddf39cb741078704","entryPoint":"main","dispatch":1,"actual":[127,1,255,128,0,0,0,0,255,255,255,255,4,3,2,1,12,13,14,15,1],"expected":[127,1,255,128,0,0,0,0,255,255,255,255,4,3,2,1,12,13,14,15,1]}
ok: unsigned byte unpack preserves order, zero extension, and single evaluation / dispatch-copy
{"label":"unsigned byte unpack preserves order, zero extension, and single evaluation","path":"multi-buffer","sourceSha256":"e7efdd5f985259b2a5f57c70fd210b97f9132c58d8202857ddf39cb741078704","entryPoint":"main","dispatch":1,"actual":[127,1,255,128,0,0,0,0,255,255,255,255,4,3,2,1,12,13,14,15,1],"expected":[127,1,255,128,0,0,0,0,255,255,255,255,4,3,2,1,12,13,14,15,1]}
ok: unsigned byte unpack preserves order, zero extension, and single evaluation / multi-buffer
{"label":"clear followed by write","path":"batched","sourceSha256":"aab25ec82745804847dc7435700dca8d3db26614e9662b9d388d09e02e539b72","entryPoint":"main","dispatch":1,"actual":[7,0,0,0],"expected":[7,0,0,0]}
ok: clear followed by write / batched
{"label":"clear followed by write","path":"native","sourceSha256":"aab25ec82745804847dc7435700dca8d3db26614e9662b9d388d09e02e539b72","entryPoint":"main","dispatch":1,"actual":[7,0,0,0],"expected":[7,0,0,0]}
ok: clear followed by write / native
{"label":"clear followed by write","path":"dispatch-copy","sourceSha256":"aab25ec82745804847dc7435700dca8d3db26614e9662b9d388d09e02e539b72","entryPoint":"main","dispatch":1,"actual":[7,0,0,0],"expected":[7,0,0,0]}
ok: clear followed by write / dispatch-copy
{"label":"clear followed by write","path":"multi-buffer","sourceSha256":"aab25ec82745804847dc7435700dca8d3db26614e9662b9d388d09e02e539b72","entryPoint":"main","dispatch":1,"actual":[7,0,0,0],"expected":[7,0,0,0]}
ok: clear followed by write / multi-buffer
{"label":"additional writes","path":"batched","sourceSha256":"40c45e3ad7ab297b7d0a0fd91570423c8f927ecedf0b1cb88110dde1b54dc332","entryPoint":"main","dispatch":1,"actual":[7,0,0,19],"expected":[7,0,0,19]}
ok: additional writes / batched
{"label":"additional writes","path":"native","sourceSha256":"40c45e3ad7ab297b7d0a0fd91570423c8f927ecedf0b1cb88110dde1b54dc332","entryPoint":"main","dispatch":1,"actual":[7,0,0,19],"expected":[7,0,0,19]}
ok: additional writes / native
{"label":"additional writes","path":"dispatch-copy","sourceSha256":"40c45e3ad7ab297b7d0a0fd91570423c8f927ecedf0b1cb88110dde1b54dc332","entryPoint":"main","dispatch":1,"actual":[7,0,0,19],"expected":[7,0,0,19]}
ok: additional writes / dispatch-copy
{"label":"additional writes","path":"multi-buffer","sourceSha256":"40c45e3ad7ab297b7d0a0fd91570423c8f927ecedf0b1cb88110dde1b54dc332","entryPoint":"main","dispatch":1,"actual":[7,0,0,19],"expected":[7,0,0,19]}
ok: additional writes / multi-buffer
{"label":"selected alternate entry point","path":"batched","sourceSha256":"be932588a1c3e584d59de72f4642f5b46197bc56e469f8629384b41b7cf0d069","entryPoint":"other","dispatch":1,"actual":[31,5,5,5],"expected":[31,5,5,5]}
ok: selected alternate entry point / batched
{"label":"selected alternate entry point","path":"native","sourceSha256":"be932588a1c3e584d59de72f4642f5b46197bc56e469f8629384b41b7cf0d069","entryPoint":"other","dispatch":1,"actual":[31,5,5,5],"expected":[31,5,5,5]}
ok: selected alternate entry point / native
{"label":"selected alternate entry point","path":"dispatch-copy","sourceSha256":"be932588a1c3e584d59de72f4642f5b46197bc56e469f8629384b41b7cf0d069","entryPoint":"other","dispatch":1,"actual":[31,5,5,5],"expected":[31,5,5,5]}
ok: selected alternate entry point / dispatch-copy
{"label":"selected alternate entry point","path":"multi-buffer","sourceSha256":"be932588a1c3e584d59de72f4642f5b46197bc56e469f8629384b41b7cf0d069","entryPoint":"other","dispatch":1,"actual":[31,5,5,5],"expected":[31,5,5,5]}
ok: selected alternate entry point / multi-buffer
{"label":"zero dispatch","path":"batched","sourceSha256":"aab25ec82745804847dc7435700dca8d3db26614e9662b9d388d09e02e539b72","entryPoint":"main","dispatch":0,"actual":[5,5,5,5],"expected":[5,5,5,5]}
ok: zero dispatch / batched
{"label":"zero dispatch","path":"native","sourceSha256":"aab25ec82745804847dc7435700dca8d3db26614e9662b9d388d09e02e539b72","entryPoint":"main","dispatch":0,"actual":[5,5,5,5],"expected":[5,5,5,5]}
ok: zero dispatch / native
{"label":"zero dispatch","path":"dispatch-copy","sourceSha256":"aab25ec82745804847dc7435700dca8d3db26614e9662b9d388d09e02e539b72","entryPoint":"main","dispatch":0,"actual":[5,5,5,5],"expected":[5,5,5,5]}
ok: zero dispatch / dispatch-copy
{"label":"zero dispatch","path":"multi-buffer","sourceSha256":"aab25ec82745804847dc7435700dca8d3db26614e9662b9d388d09e02e539b72","entryPoint":"main","dispatch":0,"actual":[5,5,5,5],"expected":[5,5,5,5]}
ok: zero dispatch / multi-buffer
{"label":"comment match is not executable","path":"batched","sourceSha256":"18c1e20029627b726898a22e0497c286fed62212410d7d210427a51fdd7eb73c","entryPoint":"main","dispatch":1,"actual":[23,5,5,5],"expected":[23,5,5,5]}
ok: comment match is not executable / batched
{"label":"comment match is not executable","path":"native","sourceSha256":"18c1e20029627b726898a22e0497c286fed62212410d7d210427a51fdd7eb73c","entryPoint":"main","dispatch":1,"actual":[23,5,5,5],"expected":[23,5,5,5]}
ok: comment match is not executable / native
{"label":"comment match is not executable","path":"dispatch-copy","sourceSha256":"18c1e20029627b726898a22e0497c286fed62212410d7d210427a51fdd7eb73c","entryPoint":"main","dispatch":1,"actual":[23,5,5,5],"expected":[23,5,5,5]}
ok: comment match is not executable / dispatch-copy
{"label":"comment match is not executable","path":"multi-buffer","sourceSha256":"18c1e20029627b726898a22e0497c286fed62212410d7d210427a51fdd7eb73c","entryPoint":"main","dispatch":1,"actual":[23,5,5,5],"expected":[23,5,5,5]}
ok: comment match is not executable / multi-buffer
{"label":"generated fill preserves extra operation","path":"batched","sourceSha256":"ceca3c820804fde745d14ad296ae25260e3fe67e0a229e1fe03f8c06c84a0fe2","entryPoint":"main","dispatch":4,"actual":[13,13,13,13],"expected":[13,13,13,13]}
ok: generated fill preserves extra operation / batched
{"label":"generated fill preserves extra operation","path":"native","sourceSha256":"ceca3c820804fde745d14ad296ae25260e3fe67e0a229e1fe03f8c06c84a0fe2","entryPoint":"main","dispatch":4,"actual":[13,13,13,13],"expected":[13,13,13,13]}
ok: generated fill preserves extra operation / native
{"label":"generated fill preserves extra operation","path":"dispatch-copy","sourceSha256":"ceca3c820804fde745d14ad296ae25260e3fe67e0a229e1fe03f8c06c84a0fe2","entryPoint":"main","dispatch":4,"actual":[13,13,13,13],"expected":[13,13,13,13]}
ok: generated fill preserves extra operation / dispatch-copy
{"label":"generated fill preserves extra operation","path":"multi-buffer","sourceSha256":"ceca3c820804fde745d14ad296ae25260e3fe67e0a229e1fe03f8c06c84a0fe2","entryPoint":"main","dispatch":4,"actual":[13,13,13,13],"expected":[13,13,13,13]}
ok: generated fill preserves extra operation / multi-buffer
{"label":"texture dimensions preserve arithmetic and partial dispatch","path":"batched","sourceSha256":"b4c035941adfbd2c41b833ff4de01d01ad4c713ecbb012a8056c01d960447f62","entryPoint":"main","dispatch":1,"actual":[9,5,8,10,5,5,5,5],"expected":[9,5,8,10,5,5,5,5]}
ok: texture dimensions preserve arithmetic and partial dispatch / batched
{"label":"texture dimensions preserve arithmetic and partial dispatch","path":"native","sourceSha256":"b4c035941adfbd2c41b833ff4de01d01ad4c713ecbb012a8056c01d960447f62","entryPoint":"main","dispatch":1,"actual":[9,5,8,10,5,5,5,5],"expected":[9,5,8,10,5,5,5,5]}
ok: texture dimensions preserve arithmetic and partial dispatch / native
{"label":"texture dimensions preserve arithmetic and partial dispatch","path":"dispatch-copy","sourceSha256":"b4c035941adfbd2c41b833ff4de01d01ad4c713ecbb012a8056c01d960447f62","entryPoint":"main","dispatch":1,"actual":[9,5,8,10,5,5,5,5],"expected":[9,5,8,10,5,5,5,5]}
ok: texture dimensions preserve arithmetic and partial dispatch / dispatch-copy
{"label":"texture dimensions preserve arithmetic and partial dispatch","path":"multi-buffer","sourceSha256":"b4c035941adfbd2c41b833ff4de01d01ad4c713ecbb012a8056c01d960447f62","entryPoint":"main","dispatch":1,"actual":[9,5,8,10,5,5,5,5],"expected":[9,5,8,10,5,5,5,5]}
ok: texture dimensions preserve arithmetic and partial dispatch / multi-buffer
ok: mapped writes use native contents
{"label":"integer render clear","actual":[2,3,4,5],"expected":[2,3,4,5]}
ok: integer render clear
{"label":"texture dimensions in rendering","sourceSha256":"0b0315af375f5e0dbff9719981b5681ed7c8fc0a5cc2a953a7faa03f6a39ccdd","actual":[9,5,8,10]}
ok: texture dimensions in rendering
