case: corpus
doe_wgsl compilation benchmark v1
  iterations=1 warmup=0 targets=3 shaders=9

shader                    target      p50(us)    p95(us)    p99(us)   out(B)
------------------------------------------------------------------------------

done.

case: zero
doe_wgsl compilation benchmark v1
  iterations=0 warmup=0 targets=3 shaders=9

shader                    target      p50(us)    p95(us)    p99(us)   out(B)
------------------------------------------------------------------------------
thread 2369306 panic: division by zero
/home/x/deco/doe/runtime/zig/bench/compiler/bench_compilation.zig:280:22: 0x11a87cc in compute_stats (bench_compilation.zig)
    const mean = sum / n;
                     ^
/home/x/deco/doe/runtime/zig/bench/compiler/bench_compilation.zig:453:32: 0x11855df in bench_shader_target__anon_26109 (bench_compilation.zig)
    const stats = compute_stats(samples);
                               ^
/home/x/deco/doe/runtime/zig/bench/compiler/bench_compilation.zig:607:54: 0x1188b97 in run_all__anon_25879 (bench_compilation.zig)
            const maybe_p50 = try bench_shader_target(allocator, shader, target, cfg, writer);
                                                     ^
/home/x/deco/doe/runtime/zig/bench/compiler/bench_compilation.zig:525:20: 0x118bea0 in main (bench_compilation.zig)
        try run_all(allocator, cfg, writer);
                   ^
/home/x/.local/zig/zig-x86_64-linux-0.15.2/lib/std/start.zig:627:37: 0x118d891 in main (std.zig)
            const result = root.main() catch |err| {
                                    ^
../sysdeps/nptl/libc_start_call_main.h:59:16: 0x7b561d42a600 in __libc_start_call_main (../sysdeps/x86/libc-start.c)
../csu/libc-start.c:360:3: 0x7b561d42a717 in __libc_start_main_impl (../sysdeps/x86/libc-start.c)
???:?:?: 0x14c38d4 in ??? (???)
???:?:?: 0x0 in ??? (???)

case: duplicate
doe_wgsl compilation benchmark v1
  iterations=1 warmup=0 targets=3 shaders=9

shader                    target      p50(us)    p95(us)    p99(us)   out(B)
------------------------------------------------------------------------------

done.
error(gpa): memory address 0x718a5cf60000 leaked: 
/home/x/.local/zig/zig-x86_64-linux-0.15.2/lib/std/mem/Allocator.zig:436:40: 0x10b083e in dupe__anon_5703 (std.zig)
    const new_buf = try allocator.alloc(T, m.len);
                                       ^
/home/x/deco/doe/runtime/zig/bench/compiler/bench_compilation.zig:231:44: 0x11807f3 in parse_args (bench_compilation.zig)
            cfg.filter = try allocator.dupe(u8, args[i]);
                                           ^
/home/x/deco/doe/runtime/zig/bench/compiler/bench_compilation.zig:492:27: 0x118ae97 in main (bench_compilation.zig)
    const cfg = parse_args(allocator) catch |err| {
                          ^
/home/x/.local/zig/zig-x86_64-linux-0.15.2/lib/std/start.zig:627:37: 0x118d891 in main (std.zig)
            const result = root.main() catch |err| {
                                    ^
../sysdeps/nptl/libc_start_call_main.h:59:16: 0x718a5cc2a600 in __libc_start_call_main (../sysdeps/x86/libc-start.c)
../csu/libc-start.c:360:3: 0x718a5cc2a717 in __libc_start_main_impl (../sysdeps/x86/libc-start.c)


case: invalid-source
doe_wgsl compilation benchmark v1
  iterations=1 warmup=0 targets=3 shaders=9

shader                    target      p50(us)    p95(us)    p99(us)   out(B)
------------------------------------------------------------------------------
  invalid/msl: compilation failed during timed run — skipping
  invalid/hlsl: compilation failed during timed run — skipping
  invalid/spirv: compilation failed during timed run — skipping

done.

case: escaped-name
doe_wgsl compilation benchmark v1
  iterations=1 warmup=0 targets=3 shaders=9

shader                    target      p50(us)    p95(us)    p99(us)   out(B)
------------------------------------------------------------------------------

done.

case: unknown-filter
doe_wgsl compilation benchmark v1
  iterations=1 warmup=0 targets=3 shaders=9

shader                    target      p50(us)    p95(us)    p99(us)   out(B)
------------------------------------------------------------------------------

done.

