thread 1626812 panic: config/dropin-symbol-ownership.json not found
/home/x/.local/zig/zig-x86_64-linux-0.15.2/lib/std/posix.zig:1861:23: 0x11305a7 in openatZ (std.zig)
            .NOENT => return error.FileNotFound,
                      ^
/home/x/.local/zig/zig-x86_64-linux-0.15.2/lib/std/fs/Dir.zig:904:16: 0x11163e2 in openFileZ (std.zig)
    const fd = try posix.openatZ(self.fd, sub_path, os_flags, 0);
               ^
/home/x/.local/zig/zig-x86_64-linux-0.15.2/lib/std/fs/Dir.zig:851:5: 0x10d9fe5 in openFile (std.zig)
    return self.openFileZ(&path_c, flags);
    ^
/tmp/doe-build-style-4zxx2x58/runtime/zig/build.zig:478:13: 0x122d635 in build (build.zig)
            @panic("config/dropin-symbol-ownership.json not found");
            ^
/home/x/.local/zig/zig-x86_64-linux-0.15.2/lib/std/Build.zig:2214:33: 0x11fd0da in runBuild__anon_23568 (std.zig)
        .void => build_zig.build(b),
                                ^
/home/x/.local/zig/zig-x86_64-linux-0.15.2/lib/compiler/build_runner.zig:366:29: 0x11e2ff1 in main (build_runner.zig)
        try builder.runBuild(root);
                            ^
/home/x/.local/zig/zig-x86_64-linux-0.15.2/lib/std/start.zig:627:37: 0x11e9c69 in posixCallMainAndExit (std.zig)
            const result = root.main() catch |err| {
                                    ^
/home/x/.local/zig/zig-x86_64-linux-0.15.2/lib/std/start.zig:232:5: 0x11c8351 in _start (std.zig)
    asm volatile (switch (native_arch) {
    ^
???:?:?: 0x0 in ??? (???)
error: the following build command crashed:
/home/x/deco/doe/runtime/zig/.zig-cache/o/3afbf7d0044b08f8db787a416c7f817b/build /home/x/.local/zig/zig-x86_64-linux-0.15.2/zig /home/x/.local/zig/zig-x86_64-linux-0.15.2/lib /tmp/doe-build-style-4zxx2x58/runtime/zig /home/x/deco/doe/runtime/zig/.zig-cache /home/x/.cache/zig --seed 0x3038f8e5 -Z4faf6b2f1d2681fc --help
