Zig source architecture review signals:
src/backend/vulkan/native_runtime.zig: 1004 lines exceeds advisory review signal 800
src/backend/vulkan/vk_render.zig: 981 lines exceeds advisory review signal 800
src/backend/vulkan/vk_resources.zig: 1069 lines exceeds advisory review signal 800
src/backend/vulkan/vk_upload.zig: 843 lines exceeds advisory review signal 800
src/backend/vulkan/vulkan_surface.zig: 808 lines exceeds advisory review signal 800
src/compiler/tsir/digest.zig: 999 lines exceeds advisory review signal 800
src/compiler/tsir/emit_kernel_body.zig: 895 lines exceeds advisory review signal 800
src/compiler/tsir/frontend.zig: 885 lines exceeds advisory review signal 800
src/compiler/tsir/reference_extended_ops.zig: 841 lines exceeds advisory review signal 800
src/compiler/wgsl/emit/csl/emit_csl_exec_v1.zig: 989 lines exceeds advisory review signal 800
src/compiler/wgsl/emit/csl/emit_csl_host_compile_source.zig: 895 lines exceeds advisory review signal 800
src/compiler/wgsl/emit/csl/emit_csl_host_runtime.zig: 837 lines exceeds advisory review signal 800
src/compiler/wgsl/emit/csl/emit_csl_ir_walk.zig: 888 lines exceeds advisory review signal 800
src/compiler/wgsl/emit/csl/emit_csl_layout.zig: 911 lines exceeds advisory review signal 800
src/compiler/wgsl/emit/msl/emit_msl_ir.zig: 976 lines exceeds advisory review signal 800
src/compiler/wgsl/emit/spirv/emit_spirv_builtins.zig: 839 lines exceeds advisory review signal 800
src/compiler/wgsl/emit/spirv/emit_spirv_fn.zig: 1046 lines exceeds advisory review signal 800
src/compiler/wgsl/frontend/parser_expr.zig: 851 lines exceeds advisory review signal 800
src/compiler/wgsl/frontend/sema.zig: 806 lines exceeds advisory review signal 800
src/compiler/wgsl/ir/ir_transform_robustness.zig: 984 lines exceeds advisory review signal 800
src/compiler/wgsl/proof/dispatch_proof_match.zig: 890 lines exceeds advisory review signal 800
src/compiler/wgsl/proof/dispatch_uniform_bounds.zig: 878 lines exceeds advisory review signal 800
src/dropin/dropin_browser_shared_memory.zig: 806 lines exceeds advisory review signal 800
src/native/compute/doe_compute_fast.zig: 1062 lines exceeds advisory review signal 800
src/native/queue/doe_queue_submit_metal.zig: 837 lines exceeds advisory review signal 800
src/native/resource/doe_texture_sampler_native.zig: 829 lines exceeds advisory review signal 800
src/native/shader/doe_shader_native.zig: 956 lines exceeds advisory review signal 800
src/native/vulkan/vulkan_compute_native.zig: 1114 lines exceeds advisory review signal 800
src/runtime/trace/trace.zig: 879 lines exceeds advisory review signal 800
src/spatial/csl/csl_host_plan_tool.zig: 828 lines exceeds advisory review signal 800
test-core
+- run test
   +- compile test Debug native 1 errors
tests/core/hexagonal_architecture_test.zig:161:23: error: enum 'src.contracts.model.model_compute_types.KernelDispatchOutputOracleScope' has no member named 'final_dispatch'
            .scope = .final_dispatch,
                     ~^~~~~~~~~~~~~~
src/contracts/model/model_compute_types.zig:41:45: note: enum declared here
pub const KernelDispatchOutputOracleScope = enum(u8) {
                                            ^~~~
referenced by:
    test_tests_core_hexagonal_architecture_test_zig_96c6a90e: test_suite_core.zig:20:74
    comptime: test_suite_core.zig:60:9
error: the following command failed with 1 compilation errors:
/home/x/.local/zig/zig-x86_64-linux-0.15.2/zig test /home/x/deco/doe/runtime/zig/src/backend/d3d12/d3d12_bridge_stubs.c -lvulkan /home/x/deco/doe/runtime/zig/src/backend/metal/metal_bridge_stubs.c -ODebug -I /home/x/deco/doe/runtime/zig/src/backend/d3d12 -I /home/x/deco/doe/runtime/zig/src/backend/metal -I /home/x/deco/doe/runtime/zig/vendor/webgpu-headers -I /home/x/deco/doe/runtime/zig/src/backend/d3d12 -I /home/x/deco/doe/runtime/zig/src/backend/metal --dep build_options -Mroot=/home/x/deco/doe/runtime/zig/test_suite_core.zig -Mbuild_options=.zig-cache/c/8ecec920aa450a637fd1b795c4c7e849/options.zig -lc --test-filter "canonical request preserves" --cache-dir .zig-cache --global-cache-dir /home/x/.cache/zig --name test --zig-lib-dir /home/x/.local/zig/zig-x86_64-linux-0.15.2/lib/ --listen=-

Build Summary: 8/11 steps succeeded; 1 failed
test-core transitive failure
+- zig fmt --check success
+- run python3 success 816ms MaxRSS:14M
+- run python3 success 464ms MaxRSS:28M
+- run python3 success 37ms MaxRSS:21M
+- run python3 success 66ms MaxRSS:20M
+- run python3 success 36ms MaxRSS:20M
+- run python3 success 103ms MaxRSS:12M
+- run test transitive failure
   +- compile test Debug native 1 errors
      +- options cached

error: the following build command failed with exit code 1:
.zig-cache/o/67264f171287aa2d6098969c1bfb909b/build /home/x/.local/zig/zig-x86_64-linux-0.15.2/zig /home/x/.local/zig/zig-x86_64-linux-0.15.2/lib /home/x/deco/doe/runtime/zig .zig-cache /home/x/.cache/zig --seed 0x8be18442 -Zf50e7192ab615c9b test-core -Dtest-filter=canonical request preserves -j2 --summary all
