[272.6ms][TestHarness] Initializing WebGPU...
[289.1ms][Platform] No specific platform matched for adapter (vendor=AMD, arch=vulkan), falling back to generic
[GPU] AMD vulkan, f16/subgroups, 4.0GB, submit probe: 1.9ms
[321.8ms][TestHarness] GPU: hasF16=true, hasSubgroups=true
[321.8ms][TestHarness] Fetching manifest...
[325.4ms][TestHarness] Model: transformer
[326.0ms][TestHarness] Creating pipeline...
[Doppler] Log level set to: ERROR
{
  "ok": true,
  "receipt": "bench/out/external-projects/doppler/20260907-command-storage-p0-qualified/lanes/D0/doppler_int4ple_reference_export.json",
  "tensor": "bench/out/external-projects/doppler/20260907-command-storage-p0-qualified/lanes/D0/final_logits.f32",
  "tensorSha256": "4f961414d7ef3eca43fdb9707f4e1f7210d98328567134f6bdcfa003144bac66",
  "tokenCount": 12,
  "logitsShape": [
    262144
  ],
  "decodeStepsRequested": 4,
  "decodeStepsProduced": 4
}
[Doppler] Log level set to: INFO
[2192.5ms][Pipeline] Unloaded
